Archive member included to satisfy reference by file (symbol)

app/libapp.a(main.c.obj)      (--whole-archive)
app/libapp.a(bma400.c.obj)    (--whole-archive)
app/libapp.a(arm_nn_activation_s16.c.obj)
                              (--whole-archive)
app/libapp.a(arm_relu6_s8.c.obj)
                              (--whole-archive)
app/libapp.a(arm_relu_q15.c.obj)
                              (--whole-archive)
app/libapp.a(arm_relu_q7.c.obj)
                              (--whole-archive)
app/libapp.a(arm_elementwise_add_s16.c.obj)
                              (--whole-archive)
app/libapp.a(arm_elementwise_add_s8.c.obj)
                              (--whole-archive)
app/libapp.a(arm_elementwise_mul_acc_s16.c.obj)
                              (--whole-archive)
app/libapp.a(arm_elementwise_mul_s16.c.obj)
                              (--whole-archive)
app/libapp.a(arm_elementwise_mul_s16_batch_offset.c.obj)
                              (--whole-archive)
app/libapp.a(arm_elementwise_mul_s16_s8.c.obj)
                              (--whole-archive)
app/libapp.a(arm_elementwise_mul_s8.c.obj)
                              (--whole-archive)
app/libapp.a(arm_maximum_s8.c.obj)
                              (--whole-archive)
app/libapp.a(arm_minimum_s8.c.obj)
                              (--whole-archive)
app/libapp.a(arm_concatenation_s8_w.c.obj)
                              (--whole-archive)
app/libapp.a(arm_concatenation_s8_x.c.obj)
                              (--whole-archive)
app/libapp.a(arm_concatenation_s8_y.c.obj)
                              (--whole-archive)
app/libapp.a(arm_concatenation_s8_z.c.obj)
                              (--whole-archive)
app/libapp.a(arm_convolve_1_x_n_s4.c.obj)
                              (--whole-archive)
app/libapp.a(arm_convolve_1_x_n_s8.c.obj)
                              (--whole-archive)
app/libapp.a(arm_convolve_1x1_s4.c.obj)
                              (--whole-archive)
app/libapp.a(arm_convolve_1x1_s4_fast.c.obj)
                              (--whole-archive)
app/libapp.a(arm_convolve_1x1_s8.c.obj)
                              (--whole-archive)
app/libapp.a(arm_convolve_1x1_s8_fast.c.obj)
                              (--whole-archive)
app/libapp.a(arm_convolve_even_s4.c.obj)
                              (--whole-archive)
app/libapp.a(arm_convolve_get_buffer_sizes_s16.c.obj)
                              (--whole-archive)
app/libapp.a(arm_convolve_get_buffer_sizes_s4.c.obj)
                              (--whole-archive)
app/libapp.a(arm_convolve_get_buffer_sizes_s8.c.obj)
                              (--whole-archive)
app/libapp.a(arm_convolve_s16.c.obj)
                              (--whole-archive)
app/libapp.a(arm_convolve_s4.c.obj)
                              (--whole-archive)
app/libapp.a(arm_convolve_s8.c.obj)
                              (--whole-archive)
app/libapp.a(arm_convolve_wrapper_s16.c.obj)
                              (--whole-archive)
app/libapp.a(arm_convolve_wrapper_s4.c.obj)
                              (--whole-archive)
app/libapp.a(arm_convolve_wrapper_s8.c.obj)
                              (--whole-archive)
app/libapp.a(arm_depthwise_conv_3x3_s8.c.obj)
                              (--whole-archive)
app/libapp.a(arm_depthwise_conv_fast_s16.c.obj)
                              (--whole-archive)
app/libapp.a(arm_depthwise_conv_get_buffer_sizes_s16.c.obj)
                              (--whole-archive)
app/libapp.a(arm_depthwise_conv_get_buffer_sizes_s4.c.obj)
                              (--whole-archive)
app/libapp.a(arm_depthwise_conv_get_buffer_sizes_s8.c.obj)
                              (--whole-archive)
app/libapp.a(arm_depthwise_conv_s16.c.obj)
                              (--whole-archive)
app/libapp.a(arm_depthwise_conv_s4.c.obj)
                              (--whole-archive)
app/libapp.a(arm_depthwise_conv_s4_opt.c.obj)
                              (--whole-archive)
app/libapp.a(arm_depthwise_conv_s8.c.obj)
                              (--whole-archive)
app/libapp.a(arm_depthwise_conv_s8_opt.c.obj)
                              (--whole-archive)
app/libapp.a(arm_depthwise_conv_wrapper_s16.c.obj)
                              (--whole-archive)
app/libapp.a(arm_depthwise_conv_wrapper_s4.c.obj)
                              (--whole-archive)
app/libapp.a(arm_depthwise_conv_wrapper_s8.c.obj)
                              (--whole-archive)
app/libapp.a(arm_nn_depthwise_conv_s8_core.c.obj)
                              (--whole-archive)
app/libapp.a(arm_nn_mat_mult_kernel_row_offset_s8_s16.c.obj)
                              (--whole-archive)
app/libapp.a(arm_nn_mat_mult_kernel_s16.c.obj)
                              (--whole-archive)
app/libapp.a(arm_nn_mat_mult_kernel_s4_s16.c.obj)
                              (--whole-archive)
app/libapp.a(arm_nn_mat_mult_kernel_s8_s16.c.obj)
                              (--whole-archive)
app/libapp.a(arm_nn_mat_mult_s8.c.obj)
                              (--whole-archive)
[...]
Memory Configuration

Name             Origin             Length             Attributes
FLASH            0x0000000000000000 0x0000000000080000 xr
RAM              0x0000000020000000 0x0000000000010000 xw
IDT_LIST         0x00000000ffff7fff 0x0000000000008000 xw
*default*        0x0000000000000000 0xffffffffffffffff

Linker script and memory map

                0x0000000000010bcc                vfprintf = __l_vfprintf
                0x0000000000000000                vfscanf = __l_vfscanf
LOAD zephyr/CMakeFiles/zephyr_pre0.dir/misc/empty_file.c.obj
LOAD zephyr/CMakeFiles/offsets.dir/./arch/arm/core/offsets/offsets.c.obj
LOAD app/libapp.a
LOAD zephyr/libzephyr.a
LOAD zephyr/arch/common/libarch__common.a
LOAD zephyr/arch/arch/arm/core/libarch__arm__core.a
LOAD zephyr/arch/arch/arm/core/cortex_m/libarch__arm__core__cortex_m.a
LOAD zephyr/arch/arch/arm/core/mpu/libarch__arm__core__mpu.a
LOAD zephyr/lib/libc/picolibc/liblib__libc__picolibc.a
LOAD zephyr/lib/libc/common/liblib__libc__common.a
LOAD zephyr/lib/net_buf/liblib__net_buf.a
LOAD zephyr/soc/soc/nrf52832/libsoc__nordic.a
LOAD zephyr/subsys/random/libsubsys__random.a
LOAD zephyr/subsys/bluetooth/common/libsubsys__bluetooth__common.a
LOAD zephyr/subsys/bluetooth/host/libsubsys__bluetooth__host.a
LOAD zephyr/drivers/adc/libdrivers__adc.a
LOAD zephyr/drivers/clock_control/libdrivers__clock_control.a
LOAD zephyr/drivers/entropy/libdrivers__entropy.a
LOAD zephyr/drivers/gpio/libdrivers__gpio.a
LOAD zephyr/drivers/pinctrl/libdrivers__pinctrl.a
LOAD zephyr/drivers/spi/libdrivers__spi.a
LOAD zephyr/drivers/timer/libdrivers__timer.a
LOAD modules/nrf/lib/multithreading_lock/lib..__nrf__lib__multithreading_lock.a
LOAD modules/nrf/subsys/bluetooth/controller/lib..__nrf__subsys__bluetooth__controller.a
LOAD modules/nrf/subsys/mpsl/init/lib..__nrf__subsys__mpsl__init.a
LOAD modules/nrf/subsys/mpsl/fem/lib..__nrf__subsys__mpsl__fem.a
LOAD modules/nrf/drivers/mpsl/clock_control/lib..__nrf__drivers__mpsl__clock_control.a
LOAD modules/hal_nordic/modules/hal_nordic/nrfx/libmodules__hal_nordic__nrfx.a
LOAD zephyr/kernel/libkernel.a
LOAD zephyr/arch/common/libisr_tables.a
LOAD C:/ncs/v3.0.1/nrfxlib/softdevice_controller/lib/nrf52/soft-float/libsoftdevice_controller_peripheral.a
LOAD C:/ncs/v3.0.1/nrfxlib/mpsl/fem/common/lib/nrf52/soft-float/libmpsl_fem_common.a
LOAD C:/ncs/v3.0.1/nrfxlib/mpsl/fem/nrf21540_gpio/lib/nrf52/soft-float/libmpsl_fem_nrf21540_gpio.a
LOAD C:/ncs/v3.0.1/nrfxlib/mpsl/fem/nrf21540_gpio_spi/lib/nrf52/soft-float/libmpsl_fem_nrf21540_gpio_spi.a
LOAD C:/ncs/v3.0.1/nrfxlib/mpsl/fem/nrf2220/lib/nrf52/soft-float/libmpsl_fem_nrf2220.a
LOAD C:/ncs/v3.0.1/nrfxlib/mpsl/fem/nrf2240/lib/nrf52/soft-float/libmpsl_fem_nrf2240.a
LOAD C:/ncs/v3.0.1/nrfxlib/mpsl/fem/nrf22xx/lib/nrf52/soft-float/libmpsl_fem_nrf22xx.a
LOAD C:/ncs/v3.0.1/nrfxlib/mpsl/fem/simple_gpio/lib/nrf52/soft-float/libmpsl_fem_simple_gpio.a
LOAD C:/ncs/v3.0.1/nrfxlib/mpsl/lib/nrf52/soft-float/libmpsl.a
LOAD c:\ncs\toolchains\0b393f9e1b\opt\zephyr-sdk\arm-zephyr-eabi\bin\../lib/gcc/../../picolibc/arm-zephyr-eabi/lib/thumb/v7e-m/nofp\libc.a
LOAD c:/ncs/toolchains/0b393f9e1b/opt/zephyr-sdk/arm-zephyr-eabi/bin/../lib/gcc/arm-zephyr-eabi/12.2.0/thumb/v7e-m/nofp\libgcc.a
                0x0000000000000020                _region_min_align = 0x20

.rel.plt        0x0000000000000000        0x0
 *(SORT_BY_ALIGNMENT(.rel.plt))
                [!provide]                        PROVIDE (__rel_iplt_start = .)
 *(SORT_BY_ALIGNMENT(.rel.iplt))
 .rel.iplt      0x0000000000000000        0x0 app/libapp.a(main.c.obj)
                [!provide]                        PROVIDE (__rel_iplt_end = .)

.rela.plt       0x0000000000000000        0x0
 *(SORT_BY_ALIGNMENT(.rela.plt))
                [!provide]                        PROVIDE (__rela_iplt_start = .)
 *(SORT_BY_ALIGNMENT(.rela.iplt))
                [!provide]                        PROVIDE (__rela_iplt_end = .)

.rel.dyn
 *(SORT_BY_ALIGNMENT(.rel.*))

.rela.dyn
 *(SORT_BY_ALIGNMENT(.rela.*))

/DISCARD/
 *(SORT_BY_ALIGNMENT(.plt))

/DISCARD/
 *(SORT_BY_ALIGNMENT(.iplt))
                0x0000000000000000                __rom_region_start = 0x0

rom_start       0x0000000000000000       0xdc
                0x0000000000000000                __rom_start_address = .
 FILL mask 0x00
                0x0000000000000000                . = (. + (0x0 - (. - __rom_start_address)))
                0x0000000000000000                . = ALIGN (0x4)
                0x0000000000000000                . = ALIGN (0x80)
                0x0000000000000000                . = ALIGN (0x100)
                0x0000000000000000                _vector_start = .
 *(SORT_BY_ALIGNMENT(.exc_vector_table))
 *(SORT_BY_ALIGNMENT(.exc_vector_table.*))
 .exc_vector_table._vector_table_section
                0x0000000000000000       0x40 zephyr/arch/arch/arm/core/cortex_m/libarch__arm__core__cortex_m.a(vector_table.S.obj)
                0x0000000000000000                _vector_table
 *(SORT_BY_ALIGNMENT(.vectors))
                0x00000000000000dc                _vector_end = .
                0x0000000000000040                . = ALIGN (0x4)
 *(SORT_BY_ALIGNMENT(.gnu.linkonce.irq_vector_table*))
 .gnu.linkonce.irq_vector_table
                0x0000000000000040       0x9c zephyr/arch/common/libisr_tables.a(isr_tables.c.obj)
                0x0000000000000040                _irq_vector_table
                0x00000000000000dc                _vector_end = .

text            0x00000000000000dc    0x135c0
                0x00000000000000dc                __text_region_start = .
 *(SORT_BY_ALIGNMENT(.text))
 .text          0x00000000000000dc       0x24 C:/ncs/v3.0.1/nrfxlib/softdevice_controller/lib/nrf52/soft-float/libsoftdevice_controller_peripheral.a(libsoftdevice_controller_s112_debug_soft__obfuscated.elf)
 .text          0x0000000000000100       0xd0 C:/ncs/v3.0.1/nrfxlib/softdevice_controller/lib/nrf52/soft-float/libsoftdevice_controller_peripheral.a(libsoftdevice_controller_s112_debug_soft__obfuscated.elf)
 .text          0x00000000000001d0       0x74 C:/ncs/v3.0.1/nrfxlib/softdevice_controller/lib/nrf52/soft-float/libsoftdevice_controller_peripheral.a(libsoftdevice_controller_s112_debug_soft__obfuscated.elf)
                0x00000000000001d0                sym_476LRB5XNUARAHCHHC7ZAIGPFC5VZ4W2N4467LI
 .text          0x0000000000000244       0x38 C:/ncs/v3.0.1/nrfxlib/softdevice_controller/lib/nrf52/soft-float/libsoftdevice_controller_peripheral.a(libsoftdevice_controller_s112_debug_soft__obfuscated.elf)
 .text          0x000000000000027c       0x74 C:/ncs/v3.0.1/nrfxlib/softdevice_controller/lib/nrf52/soft-float/libsoftdevice_controller_peripheral.a(libsoftdevice_controller_s112_debug_soft__obfuscated.elf)
                0x000000000000027c                sdc_init
 .text          0x00000000000002f0       0xa0 C:/ncs/v3.0.1/nrfxlib/softdevice_controller/lib/nrf52/soft-float/libsoftdevice_controller_peripheral.a(libsoftdevice_controller_s112_debug_soft__obfuscated.elf)
                0x00000000000002f0                sdc_cfg_set
 .text          0x0000000000000390       0x60 C:/ncs/v3.0.1/nrfxlib/softdevice_controller/lib/nrf52/soft-float/libsoftdevice_controller_peripheral.a(libsoftdevice_controller_s112_debug_soft__obfuscated.elf)
                0x0000000000000390                sdc_enable
 .text          0x00000000000003f0       0x24 C:/ncs/v3.0.1/nrfxlib/softdevice_controller/lib/nrf52/soft-float/libsoftdevice_controller_peripheral.a(libsoftdevice_controller_s112_debug_soft__obfuscated.elf)
                0x00000000000003f0                sdc_disable
 .text          0x0000000000000414       0x24 C:/ncs/v3.0.1/nrfxlib/softdevice_controller/lib/nrf52/soft-float/libsoftdevice_controller_peripheral.a(libsoftdevice_controller_s112_debug_soft__obfuscated.elf)
                0x0000000000000414                sdc_build_revision_get
 .text          0x0000000000000438       0x28 C:/ncs/v3.0.1/nrfxlib/softdevice_controller/lib/nrf52/soft-float/libsoftdevice_controller_peripheral.a(libsoftdevice_controller_s112_debug_soft__obfuscated.elf)
                0x0000000000000438                sdc_support_adv
 .text          0x0000000000000460       0x10 C:/ncs/v3.0.1/nrfxlib/softdevice_controller/lib/nrf52/soft-float/libsoftdevice_controller_peripheral.a(libsoftdevice_controller_s112_debug_soft__obfuscated.elf)
                0x0000000000000460                sdc_rand_source_register
 .text          0x0000000000000470        0xc C:/ncs/v3.0.1/nrfxlib/softdevice_controller/lib/nrf52/soft-float/libsoftdevice_controller_peripheral.a(libsoftdevice_controller_s112_debug_soft__obfuscated.elf)
                0x0000000000000470                sym_CVMXQJYKHZVHIOMGOYEICPLVAIQNUBL6USVNZSA
 .text          0x000000000000047c       0x10 C:/ncs/v3.0.1/nrfxlib/softdevice_controller/lib/nrf52/soft-float/libsoftdevice_controller_peripheral.a(libsoftdevice_controller_s112_debug_soft__obfuscated.elf)
                0x000000000000047c                sym_EZ7BAEZZMYJFIJAONX254JF3WPGEXUT4NMP2WJQ
 .text          0x000000000000048c       0xb0 C:/ncs/v3.0.1/nrfxlib/softdevice_controller/lib/nrf52/soft-float/libsoftdevice_controller_peripheral.a(libsoftdevice_controller_s112_debug_soft__obfuscated.elf)
                0x000000000000048c                sym_MS2INTHZLDZMKZ5TZUDLWHPLKH3FLVZPA26JG6A
 .text          0x000000000000053c       0x28 C:/ncs/v3.0.1/nrfxlib/softdevice_controller/lib/nrf52/soft-float/libsoftdevice_controller_peripheral.a(libsoftdevice_controller_s112_debug_soft__obfuscated.elf)
                0x000000000000053c                sym_TG7NSIC2UKHCUBZWZ4K4EMD5QRI2QVSKVKV6CFQ
 .text          0x0000000000000564       0x3c C:/ncs/v3.0.1/nrfxlib/softdevice_controller/lib/nrf52/soft-float/libsoftdevice_controller_peripheral.a(libsoftdevice_controller_s112_debug_soft__obfuscated.elf)
                0x0000000000000564                sym_Z7NJGBYWCKFTEHRYWAIDKWPEUN45273QSWUA5CY
 .text          0x00000000000005a0       0x24 C:/ncs/v3.0.1/nrfxlib/softdevice_controller/lib/nrf52/soft-float/libsoftdevice_controller_peripheral.a(libsoftdevice_controller_s112_debug_soft__obfuscated.elf)
                0x00000000000005a0                sym_TU2SMBIUC7JL6C3K2XB6727DQLBLV5LEGIMZAFQ
 .text          0x00000000000005c4       0x10 C:/ncs/v3.0.1/nrfxlib/softdevice_controller/lib/nrf52/soft-float/libsoftdevice_controller_peripheral.a(libsoftdevice_controller_s112_debug_soft__obfuscated.elf)
                0x00000000000005c4                sym_PPT6FEOF2T6DRALMCRRTUI7CHLEPBAN25HYV3KQ
 .text          0x00000000000005d4       0x28 C:/ncs/v3.0.1/nrfxlib/softdevice_controller/lib/nrf52/soft-float/libsoftdevice_controller_peripheral.a(libsoftdevice_controller_s112_debug_soft__obfuscated.elf)
                0x00000000000005d4                sym_CEENVC5DZRUT7MGF5LABXKT4NV7YUL5F6EX6TEQ
 .text          0x00000000000005fc        0xc C:/ncs/v3.0.1/nrfxlib/softdevice_controller/lib/nrf52/soft-float/libsoftdevice_controller_peripheral.a(libsoftdevice_controller_s112_debug_soft__obfuscated.elf)
                0x00000000000005fc                sym_G3KVRHCJDVHL7HV53526V3YI3DTK2IW2CADUWZQ
 .text          0x0000000000000608       0x1c C:/ncs/v3.0.1/nrfxlib/softdevice_controller/lib/nrf52/soft-float/libsoftdevice_controller_peripheral.a(libsoftdevice_controller_s112_debug_soft__obfuscated.elf)
                0x0000000000000608                sdc_hci_cmd_cb_reset
 .text          0x0000000000000624       0x48 C:/ncs/v3.0.1/nrfxlib/softdevice_controller/lib/nrf52/soft-float/libsoftdevice_controller_peripheral.a(libsoftdevice_controller_s112_debug_soft__obfuscated.elf)
 .text          0x000000000000066c       0x40 C:/ncs/v3.0.1/nrfxlib/softdevice_controller/lib/nrf52/soft-float/libsoftdevice_controller_peripheral.a(libsoftdevice_controller_s112_debug_soft__obfuscated.elf)
                0x000000000000066c                sym_T2KVJXUKBW7E6DZMIXB2ENUQYG6P2TBYLXO3PAY
 .text          0x00000000000006ac       0x4c C:/ncs/v3.0.1/nrfxlib/softdevice_controller/lib/nrf52/soft-float/libsoftdevice_controller_peripheral.a(libsoftdevice_controller_s112_debug_soft__obfuscated.elf)
 .text          0x00000000000006f8       0x10 C:/ncs/v3.0.1/nrfxlib/softdevice_controller/lib/nrf52/soft-float/libsoftdevice_controller_peripheral.a(libsoftdevice_controller_s112_debug_soft__obfuscated.elf)
                0x00000000000006f8                sym_QFMUQVSA2RVLCOVZ24CAF3TBH45MAZ6DL5HLWKY
 .text          0x0000000000000708      0x178 C:/ncs/v3.0.1/nrfxlib/softdevice_controller/lib/nrf52/soft-float/libsoftdevice_controller_peripheral.a(libsoftdevice_controller_s112_debug_soft__obfuscated.elf)
                0x0000000000000708                sym_EQ53CEL7EDVHMFMHMFPRRQU46C5YKKFEBAACFOA
 .text          0x0000000000000880       0x70 C:/ncs/v3.0.1/nrfxlib/softdevice_controller/lib/nrf52/soft-float/libsoftdevice_controller_peripheral.a(libsoftdevice_controller_s112_debug_soft__obfuscated.elf)
                0x0000000000000880                sym_DMJHGENWVWA7ILXIIOOHU6SYMMXUDCUFUUBACLQ
 .text          0x00000000000008f0       0x7c C:/ncs/v3.0.1/nrfxlib/softdevice_controller/lib/nrf52/soft-float/libsoftdevice_controller_peripheral.a(libsoftdevice_controller_s112_debug_soft__obfuscated.elf)
                0x00000000000008f0                sym_7JFC7IFAJQVPYCQHAIUKZ626ISM3VUWBEEXY7WI
 .text          0x000000000000096c       0x2c C:/ncs/v3.0.1/nrfxlib/softdevice_controller/lib/nrf52/soft-float/libsoftdevice_controller_peripheral.a(libsoftdevice_controller_s112_debug_soft__obfuscated.elf)
                0x000000000000096c                sym_5X75WALYYBUWN4XT5LYOZBIGSZHVNFKF5J4CSQI
 .text          0x0000000000000998       0x48 C:/ncs/v3.0.1/nrfxlib/softdevice_controller/lib/nrf52/soft-float/libsoftdevice_controller_peripheral.a(libsoftdevice_controller_s112_debug_soft__obfuscated.elf)
                0x0000000000000998                sym_4AWF7EXI3MMHUULTY73E756U3IY5DEXOZ265MZY
 .text          0x00000000000009e0       0x40 C:/ncs/v3.0.1/nrfxlib/softdevice_controller/lib/nrf52/soft-float/libsoftdevice_controller_peripheral.a(libsoftdevice_controller_s112_debug_soft__obfuscated.elf)
                0x00000000000009e0                sym_6I4XEOIW7LI2E3Z53L54ZHQQHYICXR4H4JQWXLA
 .text          0x0000000000000a20       0x30 C:/ncs/v3.0.1/nrfxlib/softdevice_controller/lib/nrf52/soft-float/libsoftdevice_controller_peripheral.a(libsoftdevice_controller_s112_debug_soft__obfuscated.elf)
                0x0000000000000a20                sym_6DYG6C6ROXZA67GZINNB2XIQHL3KE2RCKK4QFXA
 .text          0x0000000000000a50       0x7c C:/ncs/v3.0.1/nrfxlib/softdevice_controller/lib/nrf52/soft-float/libsoftdevice_controller_peripheral.a(libsoftdevice_controller_s112_debug_soft__obfuscated.elf)
                0x0000000000000a50                sym_24NU2MJKHN4R2Z7HXHMPDWTTDYSB32VL6HEQPZA
 .text          0x0000000000000acc       0x80 C:/ncs/v3.0.1/nrfxlib/softdevice_controller/lib/nrf52/soft-float/libsoftdevice_controller_peripheral.a(libsoftdevice_controller_s112_debug_soft__obfuscated.elf)
                0x0000000000000acc                sym_YL4RMM7WH2QQSRTLJX7L5Q2F5KYIEZ5IWMCN3UQ
 .text          0x0000000000000b4c       0x58 C:/ncs/v3.0.1/nrfxlib/softdevice_controller/lib/nrf52/soft-float/libsoftdevice_controller_peripheral.a(libsoftdevice_controller_s112_debug_soft__obfuscated.elf)
                0x0000000000000b4c                sym_47U6MZ7GC5PU2CVEGYFSZO6JE3OMJD4DVLRAUZQ
 .text          0x0000000000000ba4       0xd4 C:/ncs/v3.0.1/nrfxlib/softdevice_controller/lib/nrf52/soft-float/libsoftdevice_controller_peripheral.a(libsoftdevice_controller_s112_debug_soft__obfuscated.elf)
                0x0000000000000ba4                sym_YBUOIVJGKD57C5J4XCQFOKF4I5XT74ICLDOCNXA
 .text          0x0000000000000c78       0x5c C:/ncs/v3.0.1/nrfxlib/softdevice_controller/lib/nrf52/soft-float/libsoftdevice_controller_peripheral.a(libsoftdevice_controller_s112_debug_soft__obfuscated.elf)
                0x0000000000000c78                sym_E5WZNPP2DINHF6K4PHXLYLX5AXTYBQYGQESRSGQ
 .text          0x0000000000000cd4        0xc C:/ncs/v3.0.1/nrfxlib/softdevice_controller/lib/nrf52/soft-float/libsoftdevice_controller_peripheral.a(libsoftdevice_controller_s112_debug_soft__obfuscated.elf)
                0x0000000000000cd4                sym_UAPFH34IEHUX3FGU7LNPEIJNCLAPRJP46TMN4NY
 .text          0x0000000000000ce0      0x13c C:/ncs/v3.0.1/nrfxlib/softdevice_controller/lib/nrf52/soft-float/libsoftdevice_controller_peripheral.a(libsoftdevice_controller_s112_debug_soft__obfuscated.elf)
                0x0000000000000ce0                sym_U3OFHSWAAHECAZEDHWSQTU63SOSYAQR6QI45AFY
 .text          0x0000000000000e1c       0x8c C:/ncs/v3.0.1/nrfxlib/softdevice_controller/lib/nrf52/soft-float/libsoftdevice_controller_peripheral.a(libsoftdevice_controller_s112_debug_soft__obfuscated.elf)
                0x0000000000000e1c                sym_3LXCSEW4O4NZFGMXLMWXSJJVGEQV4VDRFCVRV4Q
 .text          0x0000000000000ea8       0x1c C:/ncs/v3.0.1/nrfxlib/softdevice_controller/lib/nrf52/soft-float/libsoftdevice_controller_peripheral.a(libsoftdevice_controller_s112_debug_soft__obfuscated.elf)
                0x0000000000000ea8                sym_4O3EP57XWWWRY57PVJMDKXNE25ZWFBDV6LLBFQQ
 .text          0x0000000000000ec4        0xc C:/ncs/v3.0.1/nrfxlib/softdevice_controller/lib/nrf52/soft-float/libsoftdevice_controller_peripheral.a(libsoftdevice_controller_s112_debug_soft__obfuscated.elf)
                0x0000000000000ec4                sym_O6J3MUC4KJEDMNJLCC5Z3G5LTC5IHVL4PW7F6QI
 .text          0x0000000000000ed0        0xc C:/ncs/v3.0.1/nrfxlib/softdevice_controller/lib/nrf52/soft-float/libsoftdevice_controller_peripheral.a(libsoftdevice_controller_s112_debug_soft__obfuscated.elf)
                0x0000000000000ed0                sym_YZMCMF2VDK5EZ5GH5K4G77V4XY7KHBJNPGELPVQ
 .text          0x0000000000000edc       0x60 C:/ncs/v3.0.1/nrfxlib/softdevice_controller/lib/nrf52/soft-float/libsoftdevice_controller_peripheral.a(libsoftdevice_controller_s112_debug_soft__obfuscated.elf)
                0x0000000000000edc                sym_HRCF6LWSDWPWEZA7S5YQFCNRDXXCJA6WGOZECRY
 .text          0x0000000000000f3c       0x34 C:/ncs/v3.0.1/nrfxlib/softdevice_controller/lib/nrf52/soft-float/libsoftdevice_controller_peripheral.a(libsoftdevice_controller_s112_debug_soft__obfuscated.elf)
                0x0000000000000f3c                sym_APXCWAGUBVOVC7H47YUQ2L4IAV2DPJETCDCHIVA
 .text          0x0000000000000f70       0x50 C:/ncs/v3.0.1/nrfxlib/softdevice_controller/lib/nrf52/soft-float/libsoftdevice_controller_peripheral.a(libsoftdevice_controller_s112_debug_soft__obfuscated.elf)
                0x0000000000000f70                sym_RGKYP5TXYS27EGT6ZHZS5EDDAZK5QGTWLBOBJEA
 .text          0x0000000000000fc0       0x18 C:/ncs/v3.0.1/nrfxlib/softdevice_controller/lib/nrf52/soft-float/libsoftdevice_controller_peripheral.a(libsoftdevice_controller_s112_debug_soft__obfuscated.elf)
                0x0000000000000fc0                sym_5EMU3BEOS6JCQEXTZ5M5LP72YGJNCV3W3R43AOI
 .text          0x0000000000000fd8       0xe4 C:/ncs/v3.0.1/nrfxlib/softdevice_controller/lib/nrf52/soft-float/libsoftdevice_controller_peripheral.a(libsoftdevice_controller_s112_debug_soft__obfuscated.elf)
                0x0000000000000fd8                sym_DVO2EX3JGPIV6FVT5SJBVRKA5UGS2QSHNQOVQ2A
 .text          0x00000000000010bc      0x100 C:/ncs/v3.0.1/nrfxlib/softdevice_controller/lib/nrf52/soft-float/libsoftdevice_controller_peripheral.a(libsoftdevice_controller_s112_debug_soft__obfuscated.elf)
 .text          0x00000000000011bc       0x14 C:/ncs/v3.0.1/nrfxlib/softdevice_controller/lib/nrf52/soft-float/libsoftdevice_controller_peripheral.a(libsoftdevice_controller_s112_debug_soft__obfuscated.elf)
                0x00000000000011bc                sym_Y5RIWFUVP4FHJFYC7FBZKM2MV7INK43TLWQ5URA
 .text          0x00000000000011d0      0x1a0 C:/ncs/v3.0.1/nrfxlib/softdevice_controller/lib/nrf52/soft-float/libsoftdevice_controller_peripheral.a(libsoftdevice_controller_s112_debug_soft__obfuscated.elf)
                0x00000000000011d0                sym_A32XXMQ5QRPQRH3R656RZXETZB6Y54SG45FSCYI
 .text          0x0000000000001370       0xd0 C:/ncs/v3.0.1/nrfxlib/softdevice_controller/lib/nrf52/soft-float/libsoftdevice_controller_peripheral.a(libsoftdevice_controller_s112_debug_soft__obfuscated.elf)
                0x0000000000001370                sym_CC522QK4M5MTSPVPJNGJXKYD5O54FC2LFC3D3QI
 .text          0x0000000000001440       0x2c C:/ncs/v3.0.1/nrfxlib/softdevice_controller/lib/nrf52/soft-float/libsoftdevice_controller_peripheral.a(libsoftdevice_controller_s112_debug_soft__obfuscated.elf)
                0x0000000000001440                sym_XQWU4MX22DPQIRRYTXBNWTH2DBYK7MH33FME7FI
 .text          0x000000000000146c       0x10 C:/ncs/v3.0.1/nrfxlib/softdevice_controller/lib/nrf52/soft-float/libsoftdevice_controller_peripheral.a(libsoftdevice_controller_s112_debug_soft__obfuscated.elf)
                0x000000000000146c                sym_DVVOECRRYK6EAGDREB2UKKQZT5MAOOUK66XNPTA
 .text          0x000000000000147c       0x18 C:/ncs/v3.0.1/nrfxlib/softdevice_controller/lib/nrf52/soft-float/libsoftdevice_controller_peripheral.a(libsoftdevice_controller_s112_debug_soft__obfuscated.elf)
 .text          0x0000000000001494       0x28 C:/ncs/v3.0.1/nrfxlib/softdevice_controller/lib/nrf52/soft-float/libsoftdevice_controller_peripheral.a(libsoftdevice_controller_s112_debug_soft__obfuscated.elf)
                0x0000000000001494                sym_EANB2LFFCPDZUHTPF7SNNYVWVGG3AE7JVOONSTY
 .text          0x00000000000014bc        0xc C:/ncs/v3.0.1/nrfxlib/softdevice_controller/lib/nrf52/soft-float/libsoftdevice_controller_peripheral.a(libsoftdevice_controller_s112_debug_soft__obfuscated.elf)
                0x00000000000014bc                sym_PRWTRTI5GPQHIT26MFBSSOCWTUYYRLQLJWD2ZOI
 .text          0x00000000000014c8       0x24 C:/ncs/v3.0.1/nrfxlib/softdevice_controller/lib/nrf52/soft-float/libsoftdevice_controller_peripheral.a(libsoftdevice_controller_s112_debug_soft__obfuscated.elf)
                0x00000000000014c8                sym_G4TIIR7KO3GHFF45HCHTIL3RIPRK2LVDQADUYJQ
 .text          0x00000000000014ec        0xc C:/ncs/v3.0.1/nrfxlib/softdevice_controller/lib/nrf52/soft-float/libsoftdevice_controller_peripheral.a(libsoftdevice_controller_s112_debug_soft__obfuscated.elf)
                0x00000000000014ec                sym_HG37ZAHWDO2P65KBJXRLV5PVSG5TCUWPMKZOZLQ
 .text          0x00000000000014f8       0x24 C:/ncs/v3.0.1/nrfxlib/softdevice_controller/lib/nrf52/soft-float/libsoftdevice_controller_peripheral.a(libsoftdevice_controller_s112_debug_soft__obfuscated.elf)
                0x00000000000014f8                sym_4W26TPGCKOCVVRKXQDBKGXGC2Y5LMZXNKS2QITA
 .text          0x000000000000151c        0xc C:/ncs/v3.0.1/nrfxlib/softdevice_controller/lib/nrf52/soft-float/libsoftdevice_controller_peripheral.a(libsoftdevice_controller_s112_debug_soft__obfuscated.elf)
                0x000000000000151c                sym_PBZPB3PSJJYSQQW7TH2XDGNLD2UYSZR6YJ4ZZNQ
 .text          0x0000000000001528       0x14 C:/ncs/v3.0.1/nrfxlib/softdevice_controller/lib/nrf52/soft-float/libsoftdevice_controller_peripheral.a(libsoftdevice_controller_s112_debug_soft__obfuscated.elf)
                0x0000000000001528                sym_HA7EOSELAQYVMG5UXMJGQLLFEIRQPB7MNOSYOXQ
 .text          0x000000000000153c       0x30 C:/ncs/v3.0.1/nrfxlib/softdevice_controller/lib/nrf52/soft-float/libsoftdevice_controller_peripheral.a(libsoftdevice_controller_s112_debug_soft__obfuscated.elf)
                0x000000000000153c                sym_MJMICEV3AHUJUDNI6JLXYNXCJNL4PTPUQLXISYA
 .text          0x000000000000156c       0x1c C:/ncs/v3.0.1/nrfxlib/softdevice_controller/lib/nrf52/soft-float/libsoftdevice_controller_peripheral.a(libsoftdevice_controller_s112_debug_soft__obfuscated.elf)
                0x000000000000156c                sym_REO6MG4FRJTNQQ56RDJDYGEWFEO5TFVYGRW6OLI
 .text          0x0000000000001588       0x30 C:/ncs/v3.0.1/nrfxlib/softdevice_controller/lib/nrf52/soft-float/libsoftdevice_controller_peripheral.a(libsoftdevice_controller_s112_debug_soft__obfuscated.elf)
                0x0000000000001588                sym_QKSVBALUN2V4XT4OCC56LE75IAYLDFRRIVLBZ2Q
 .text          0x00000000000015b8       0x30 C:/ncs/v3.0.1/nrfxlib/softdevice_controller/lib/nrf52/soft-float/libsoftdevice_controller_peripheral.a(libsoftdevice_controller_s112_debug_soft__obfuscated.elf)
                0x00000000000015b8                sym_WCOWXKSKBH7DOKKKINFZAPWXKW4NYAUCJWTUKBI
 .text          0x00000000000015e8       0x1c C:/ncs/v3.0.1/nrfxlib/softdevice_controller/lib/nrf52/soft-float/libsoftdevice_controller_peripheral.a(libsoftdevice_controller_s112_debug_soft__obfuscated.elf)
                0x00000000000015e8                sym_AO3U45UEGFLUPMT565ZR5UWUQUONF5AKILLCT3A
 .text          0x0000000000001604       0x48 C:/ncs/v3.0.1/nrfxlib/softdevice_controller/lib/nrf52/soft-float/libsoftdevice_controller_peripheral.a(libsoftdevice_controller_s112_debug_soft__obfuscated.elf)
 .text          0x000000000000164c       0x2c C:/ncs/v3.0.1/nrfxlib/softdevice_controller/lib/nrf52/soft-float/libsoftdevice_controller_peripheral.a(libsoftdevice_controller_s112_debug_soft__obfuscated.elf)
 .text          0x0000000000001678       0x9c C:/ncs/v3.0.1/nrfxlib/softdevice_controller/lib/nrf52/soft-float/libsoftdevice_controller_peripheral.a(libsoftdevice_controller_s112_debug_soft__obfuscated.elf)
 .text          0x0000000000001714       0xc0 C:/ncs/v3.0.1/nrfxlib/softdevice_controller/lib/nrf52/soft-float/libsoftdevice_controller_peripheral.a(libsoftdevice_controller_s112_debug_soft__obfuscated.elf)
 .text          0x00000000000017d4       0x18 C:/ncs/v3.0.1/nrfxlib/softdevice_controller/lib/nrf52/soft-float/libsoftdevice_controller_peripheral.a(libsoftdevice_controller_s112_debug_soft__obfuscated.elf)
                0x00000000000017d4                sym_BEUFSWAQKCWS5CDGVZRIC3BRKSTHGOKRJJDB32I
 .text          0x00000000000017ec       0x18 C:/ncs/v3.0.1/nrfxlib/softdevice_controller/lib/nrf52/soft-float/libsoftdevice_controller_peripheral.a(libsoftdevice_controller_s112_debug_soft__obfuscated.elf)
                0x00000000000017ec                sym_BAUTABQSJLBAZ6GNH7KOF4MJMAA6NF7CDAZNOEQ
 .text          0x0000000000001804       0x20 C:/ncs/v3.0.1/nrfxlib/softdevice_controller/lib/nrf52/soft-float/libsoftdevice_controller_peripheral.a(libsoftdevice_controller_s112_debug_soft__obfuscated.elf)
                0x0000000000001804                sym_62DUXM4M5AM4URNPP7IKDX3NCPAODBT4BMADGAY
 .text          0x0000000000001824        0xc C:/ncs/v3.0.1/nrfxlib/softdevice_controller/lib/nrf52/soft-float/libsoftdevice_controller_peripheral.a(libsoftdevice_controller_s112_debug_soft__obfuscated.elf)
                0x0000000000001824                sym_JQOBED6Y6P46KNYF2UD53QPDVNRPPOKMQL6EEBY
 .text          0x0000000000001830        0xc C:/ncs/v3.0.1/nrfxlib/softdevice_controller/lib/nrf52/soft-float/libsoftdevice_controller_peripheral.a(libsoftdevice_controller_s112_debug_soft__obfuscated.elf)
                0x0000000000001830                sym_RHRHCWPUPZHCOID576WBS7QZ2KAUT2GASS2T3QY
 .text          0x000000000000183c       0x30 C:/ncs/v3.0.1/nrfxlib/softdevice_controller/lib/nrf52/soft-float/libsoftdevice_controller_peripheral.a(libsoftdevice_controller_s112_debug_soft__obfuscated.elf)
                0x000000000000183c                sym_YAOI5BW7G2C6EUUY2B4S7A3CWX63A6MP2T3O5KA
 .text          0x000000000000186c       0x24 C:/ncs/v3.0.1/nrfxlib/softdevice_controller/lib/nrf52/soft-float/libsoftdevice_controller_peripheral.a(libsoftdevice_controller_s112_debug_soft__obfuscated.elf)
                0x000000000000186c                sym_2X6ZBBHQKFJV27I6OQZLD4IRAL5JANEGA5N34WA
 .text          0x0000000000001890       0xc8 C:/ncs/v3.0.1/nrfxlib/softdevice_controller/lib/nrf52/soft-float/libsoftdevice_controller_peripheral.a(libsoftdevice_controller_s112_debug_soft__obfuscated.elf)
                0x0000000000001890                sym_ZBPJ22BXDBC3S7A4QI6WOFWFQMYIGT2P4GNU3XA
 .text          0x0000000000001958       0x24 C:/ncs/v3.0.1/nrfxlib/softdevice_controller/lib/nrf52/soft-float/libsoftdevice_controller_peripheral.a(libsoftdevice_controller_s112_debug_soft__obfuscated.elf)
                0x0000000000001958                sym_DHR6XELGSD2MHYS7JWGEPSKXD43VLKKJDN33HMA
 .text          0x000000000000197c       0x20 C:/ncs/v3.0.1/nrfxlib/softdevice_controller/lib/nrf52/soft-float/libsoftdevice_controller_peripheral.a(libsoftdevice_controller_s112_debug_soft__obfuscated.elf)
                0x000000000000197c                sym_QEQGMTIGG3AOZQY7JM4T2FY2O3KM2UFUMT6Q7PI
 .text          0x000000000000199c       0x50 C:/ncs/v3.0.1/nrfxlib/softdevice_controller/lib/nrf52/soft-float/libsoftdevice_controller_peripheral.a(libsoftdevice_controller_s112_debug_soft__obfuscated.elf)
 .text          0x00000000000019ec       0xc4 C:/ncs/v3.0.1/nrfxlib/softdevice_controller/lib/nrf52/soft-float/libsoftdevice_controller_peripheral.a(libsoftdevice_controller_s112_debug_soft__obfuscated.elf)
                0x00000000000019ec                sym_4NT3PFFI5Z6RN57T2HW54HJZ23JEQUTUQPJLJGI
 .text          0x0000000000001ab0       0x24 C:/ncs/v3.0.1/nrfxlib/softdevice_controller/lib/nrf52/soft-float/libsoftdevice_controller_peripheral.a(libsoftdevice_controller_s112_debug_soft__obfuscated.elf)
                0x0000000000001ab0                sym_MYZDSWHZMVTUGPWK7CFFVMNCPRPZBKC3UH2GTLQ
 .text          0x0000000000001ad4       0x10 C:/ncs/v3.0.1/nrfxlib/softdevice_controller/lib/nrf52/soft-float/libsoftdevice_controller_peripheral.a(libsoftdevice_controller_s112_debug_soft__obfuscated.elf)
                0x0000000000001ad4                sym_JANNQMW3JZGYLNSOPAA2HBYBA6JBSX4W7VBR56Q
 .text          0x0000000000001ae4       0x20 C:/ncs/v3.0.1/nrfxlib/softdevice_controller/lib/nrf52/soft-float/libsoftdevice_controller_peripheral.a(libsoftdevice_controller_s112_debug_soft__obfuscated.elf)
                0x0000000000001ae4                sym_MAOKHHVPGVT23KVRN33B7KPEJU6F55EB66KOGDQ
 .text          0x0000000000001b04       0x20 C:/ncs/v3.0.1/nrfxlib/softdevice_controller/lib/nrf52/soft-float/libsoftdevice_controller_peripheral.a(libsoftdevice_controller_s112_debug_soft__obfuscated.elf)
                0x0000000000001b04                sym_S635TH4ZNECIWRKFWYBUXBZ3GFP7WORE4PRXDPQ
 .text          0x0000000000001b24       0x10 C:/ncs/v3.0.1/nrfxlib/softdevice_controller/lib/nrf52/soft-float/libsoftdevice_controller_peripheral.a(libsoftdevice_controller_s112_debug_soft__obfuscated.elf)
 .text          0x0000000000001b34      0x168 C:/ncs/v3.0.1/nrfxlib/softdevice_controller/lib/nrf52/soft-float/libsoftdevice_controller_peripheral.a(libsoftdevice_controller_s112_debug_soft__obfuscated.elf)
 .text          0x0000000000001c9c       0x5c C:/ncs/v3.0.1/nrfxlib/softdevice_controller/lib/nrf52/soft-float/libsoftdevice_controller_peripheral.a(libsoftdevice_controller_s112_debug_soft__obfuscated.elf)
 .text          0x0000000000001cf8       0x28 C:/ncs/v3.0.1/nrfxlib/softdevice_controller/lib/nrf52/soft-float/libsoftdevice_controller_peripheral.a(libsoftdevice_controller_s112_debug_soft__obfuscated.elf)
                0x0000000000001cf8                sym_VKBDHCW5KWYFAEZJJBKQNHH4JDURIHHEJCK4SOA
 .text          0x0000000000001d20       0x14 C:/ncs/v3.0.1/nrfxlib/softdevice_controller/lib/nrf52/soft-float/libsoftdevice_controller_peripheral.a(libsoftdevice_controller_s112_debug_soft__obfuscated.elf)
                0x0000000000001d20                sym_JKMI2SFC2N7KXC6XI6ZEAONO7SV2US6LWEISHOY
 .text          0x0000000000001d34        0xc C:/ncs/v3.0.1/nrfxlib/softdevice_controller/lib/nrf52/soft-float/libsoftdevice_controller_peripheral.a(libsoftdevice_controller_s112_debug_soft__obfuscated.elf)
                0x0000000000001d34                sym_LZWMHZYOCOZFEZM63EFTHCONDNYRE5YDAMU6QDQ
 .text          0x0000000000001d40       0x24 C:/ncs/v3.0.1/nrfxlib/softdevice_controller/lib/nrf52/soft-float/libsoftdevice_controller_peripheral.a(libsoftdevice_controller_s112_debug_soft__obfuscated.elf)
                0x0000000000001d40                sym_XOOTGCSEAKA3PUKZW3QYB4DCVC2FKUP2TS5AZ5Q
 .text          0x0000000000001d64       0x24 C:/ncs/v3.0.1/nrfxlib/softdevice_controller/lib/nrf52/soft-float/libsoftdevice_controller_peripheral.a(libsoftdevice_controller_s112_debug_soft__obfuscated.elf)
                0x0000000000001d64                sym_XYMSM3YEXEOTUFIX3SPRBT27O44DJZKZVLNHELY
 .text          0x0000000000001d88       0x24 C:/ncs/v3.0.1/nrfxlib/softdevice_controller/lib/nrf52/soft-float/libsoftdevice_controller_peripheral.a(libsoftdevice_controller_s112_debug_soft__obfuscated.elf)
                0x0000000000001d88                sym_NJ23GB56DKRDWNC3A6OFPLEADGH3SOLDHUUSOYQ
 .text          0x0000000000001dac       0x30 C:/ncs/v3.0.1/nrfxlib/softdevice_controller/lib/nrf52/soft-float/libsoftdevice_controller_peripheral.a(libsoftdevice_controller_s112_debug_soft__obfuscated.elf)
                0x0000000000001dac                sym_K5GMJMBHBYPRCUIWKNEXGPSNQEZKEMBAP4JWHBQ
 .text          0x0000000000001ddc       0x30 C:/ncs/v3.0.1/nrfxlib/softdevice_controller/lib/nrf52/soft-float/libsoftdevice_controller_peripheral.a(libsoftdevice_controller_s112_debug_soft__obfuscated.elf)
                0x0000000000001ddc                sym_7LZ5OF5UTH4WGXV6IKS6GUUHKYRIWQTTIJXNBEY
 .text          0x0000000000001e0c       0x34 C:/ncs/v3.0.1/nrfxlib/softdevice_controller/lib/nrf52/soft-float/libsoftdevice_controller_peripheral.a(libsoftdevice_controller_s112_debug_soft__obfuscated.elf)
                0x0000000000001e0c                sym_77ICNIHY2R2L3JRP4ZLMOWZSS3UZRKJXJOBWTWI
 .text          0x0000000000001e40       0x88 C:/ncs/v3.0.1/nrfxlib/softdevice_controller/lib/nrf52/soft-float/libsoftdevice_controller_peripheral.a(libsoftdevice_controller_s112_debug_soft__obfuscated.elf)
 .text          0x0000000000001ec8       0x24 C:/ncs/v3.0.1/nrfxlib/softdevice_controller/lib/nrf52/soft-float/libsoftdevice_controller_peripheral.a(libsoftdevice_controller_s112_debug_soft__obfuscated.elf)
                0x0000000000001ec8                sym_ECAFXV3NMZ2THIWY27PTYY6WSGFWQJNAJOG5HIY
 .text          0x0000000000001eec        0xc C:/ncs/v3.0.1/nrfxlib/softdevice_controller/lib/nrf52/soft-float/libsoftdevice_controller_peripheral.a(libsoftdevice_controller_s112_debug_soft__obfuscated.elf)
                0x0000000000001eec                sym_FKU5SDIGNJ3CUR3VYEELCK5CK3EK42NLF7KQXSQ
 .text          0x0000000000001ef8        0xc C:/ncs/v3.0.1/nrfxlib/softdevice_controller/lib/nrf52/soft-float/libsoftdevice_controller_peripheral.a(libsoftdevice_controller_s112_debug_soft__obfuscated.elf)
                0x0000000000001ef8                sym_MD2ACKWOI3UMWSI6IONGH6VN62ROA3VVQP7HYBQ
 .text          0x0000000000001f04       0x60 C:/ncs/v3.0.1/nrfxlib/softdevice_controller/lib/nrf52/soft-float/libsoftdevice_controller_peripheral.a(libsoftdevice_controller_s112_debug_soft__obfuscated.elf)
                0x0000000000001f04                sym_VT36OYILRYR2ODZV34U7WHVGGSRS7VN6JG7WPYI
 .text          0x0000000000001f64       0x48 C:/ncs/v3.0.1/nrfxlib/softdevice_controller/lib/nrf52/soft-float/libsoftdevice_controller_peripheral.a(libsoftdevice_controller_s112_debug_soft__obfuscated.elf)
                0x0000000000001f64                sym_3BV6HS2RZST6R6C5ZWOISO6OTZHTSW3BAFXBSVQ
 .text          0x0000000000001fac       0x24 C:/ncs/v3.0.1/nrfxlib/softdevice_controller/lib/nrf52/soft-float/libsoftdevice_controller_peripheral.a(libsoftdevice_controller_s112_debug_soft__obfuscated.elf)
 .text          0x0000000000001fd0       0x68 C:/ncs/v3.0.1/nrfxlib/softdevice_controller/lib/nrf52/soft-float/libsoftdevice_controller_peripheral.a(libsoftdevice_controller_s112_debug_soft__obfuscated.elf)
 .text          0x0000000000002038       0x44 C:/ncs/v3.0.1/nrfxlib/softdevice_controller/lib/nrf52/soft-float/libsoftdevice_controller_peripheral.a(libsoftdevice_controller_s112_debug_soft__obfuscated.elf)
 .text          0x000000000000207c       0x2c C:/ncs/v3.0.1/nrfxlib/softdevice_controller/lib/nrf52/soft-float/libsoftdevice_controller_peripheral.a(libsoftdevice_controller_s112_debug_soft__obfuscated.elf)
 .text          0x00000000000020a8       0xac C:/ncs/v3.0.1/nrfxlib/softdevice_controller/lib/nrf52/soft-float/libsoftdevice_controller_peripheral.a(libsoftdevice_controller_s112_debug_soft__obfuscated.elf)
 .text          0x0000000000002154       0x24 C:/ncs/v3.0.1/nrfxlib/softdevice_controller/lib/nrf52/soft-float/libsoftdevice_controller_peripheral.a(libsoftdevice_controller_s112_debug_soft__obfuscated.elf)
 .text          0x0000000000002178      0x114 C:/ncs/v3.0.1/nrfxlib/softdevice_controller/lib/nrf52/soft-float/libsoftdevice_controller_peripheral.a(libsoftdevice_controller_s112_debug_soft__obfuscated.elf)
 .text          0x000000000000228c       0xd4 C:/ncs/v3.0.1/nrfxlib/softdevice_controller/lib/nrf52/soft-float/libsoftdevice_controller_peripheral.a(libsoftdevice_controller_s112_debug_soft__obfuscated.elf)
 .text          0x0000000000002360      0x148 C:/ncs/v3.0.1/nrfxlib/softdevice_controller/lib/nrf52/soft-float/libsoftdevice_controller_peripheral.a(libsoftdevice_controller_s112_debug_soft__obfuscated.elf)
 .text          0x00000000000024a8       0x48 C:/ncs/v3.0.1/nrfxlib/softdevice_controller/lib/nrf52/soft-float/libsoftdevice_controller_peripheral.a(libsoftdevice_controller_s112_debug_soft__obfuscated.elf)
 .text          0x00000000000024f0       0x10 C:/ncs/v3.0.1/nrfxlib/softdevice_controller/lib/nrf52/soft-float/libsoftdevice_controller_peripheral.a(libsoftdevice_controller_s112_debug_soft__obfuscated.elf)
 .text          0x0000000000002500       0x54 C:/ncs/v3.0.1/nrfxlib/softdevice_controller/lib/nrf52/soft-float/libsoftdevice_controller_peripheral.a(libsoftdevice_controller_s112_debug_soft__obfuscated.elf)
 .text          0x0000000000002554       0x2c C:/ncs/v3.0.1/nrfxlib/softdevice_controller/lib/nrf52/soft-float/libsoftdevice_controller_peripheral.a(libsoftdevice_controller_s112_debug_soft__obfuscated.elf)
                0x0000000000002554                sym_4WIY2RAFLOZNOS4O5BEVWEYHIO3NV42IZ2Q2NWQ
 .text          0x0000000000002580       0x2c C:/ncs/v3.0.1/nrfxlib/softdevice_controller/lib/nrf52/soft-float/libsoftdevice_controller_peripheral.a(libsoftdevice_controller_s112_debug_soft__obfuscated.elf)
                0x0000000000002580                sym_KC3JIKE7HTERE3Q3BXMRUIDPAENUZKVBIDO6ODY
 .text          0x00000000000025ac       0x10 C:/ncs/v3.0.1/nrfxlib/softdevice_controller/lib/nrf52/soft-float/libsoftdevice_controller_peripheral.a(libsoftdevice_controller_s112_debug_soft__obfuscated.elf)
                0x00000000000025ac                sym_BPVIPCP3IMFHHNRASYWRUQPTOXIXQGWP3DTKXWI
 .text          0x00000000000025bc       0xb4 C:/ncs/v3.0.1/nrfxlib/softdevice_controller/lib/nrf52/soft-float/libsoftdevice_controller_peripheral.a(libsoftdevice_controller_s112_debug_soft__obfuscated.elf)
                0x00000000000025bc                sym_JIJASGQH4XEEPZL7D35VQHVPKKLANGDBS2M46NQ
 .text          0x0000000000002670      0x138 C:/ncs/v3.0.1/nrfxlib/softdevice_controller/lib/nrf52/soft-float/libsoftdevice_controller_peripheral.a(libsoftdevice_controller_s112_debug_soft__obfuscated.elf)
                0x0000000000002670                sym_KBJ4SX4MJK4IAM4DI3ILSISVXIP6O72O62TW3OQ
 .text          0x00000000000027a8       0x70 C:/ncs/v3.0.1/nrfxlib/softdevice_controller/lib/nrf52/soft-float/libsoftdevice_controller_peripheral.a(libsoftdevice_controller_s112_debug_soft__obfuscated.elf)
 .text          0x0000000000002818       0x10 C:/ncs/v3.0.1/nrfxlib/softdevice_controller/lib/nrf52/soft-float/libsoftdevice_controller_peripheral.a(libsoftdevice_controller_s112_debug_soft__obfuscated.elf)
                0x0000000000002818                sym_PY5KUATPBYOYJBMP6H7AVRPSEO7BZX2JK524O6A
 .text          0x0000000000002828       0x3c C:/ncs/v3.0.1/nrfxlib/softdevice_controller/lib/nrf52/soft-float/libsoftdevice_controller_peripheral.a(libsoftdevice_controller_s112_debug_soft__obfuscated.elf)
                0x0000000000002828                sym_RPDYS5TXULS3Z2BQR7IFNSOINXPPN4LN764SRIY
 .text          0x0000000000002864        0x4 C:/ncs/v3.0.1/nrfxlib/softdevice_controller/lib/nrf52/soft-float/libsoftdevice_controller_peripheral.a(libsoftdevice_controller_s112_debug_soft__obfuscated.elf)
 .text          0x0000000000002868        0x8 C:/ncs/v3.0.1/nrfxlib/softdevice_controller/lib/nrf52/soft-float/libsoftdevice_controller_peripheral.a(libsoftdevice_controller_s112_debug_soft__obfuscated.elf)
 .text          0x0000000000002870        0x4 C:/ncs/v3.0.1/nrfxlib/softdevice_controller/lib/nrf52/soft-float/libsoftdevice_controller_peripheral.a(libsoftdevice_controller_s112_debug_soft__obfuscated.elf)
 .text          0x0000000000002874       0x18 C:/ncs/v3.0.1/nrfxlib/softdevice_controller/lib/nrf52/soft-float/libsoftdevice_controller_peripheral.a(libsoftdevice_controller_s112_debug_soft__obfuscated.elf)
 .text          0x000000000000288c       0x40 C:/ncs/v3.0.1/nrfxlib/softdevice_controller/lib/nrf52/soft-float/libsoftdevice_controller_peripheral.a(libsoftdevice_controller_s112_debug_soft__obfuscated.elf)
                0x000000000000288c                sym_6FVWF5AWPR7EN7BPHS4APSIUXYFZQTTZCMRDKPY
 .text          0x00000000000028cc       0x20 C:/ncs/v3.0.1/nrfxlib/softdevice_controller/lib/nrf52/soft-float/libsoftdevice_controller_peripheral.a(libsoftdevice_controller_s112_debug_soft__obfuscated.elf)
 .text          0x00000000000028ec       0x14 C:/ncs/v3.0.1/nrfxlib/softdevice_controller/lib/nrf52/soft-float/libsoftdevice_controller_peripheral.a(libsoftdevice_controller_s112_debug_soft__obfuscated.elf)
                0x00000000000028ec                sym_LOTFHGQTFUFWGX7HOTL4Q2XATGIJRVIMCMOYRMA
 .text          0x0000000000002900       0x30 C:/ncs/v3.0.1/nrfxlib/softdevice_controller/lib/nrf52/soft-float/libsoftdevice_controller_peripheral.a(libsoftdevice_controller_s112_debug_soft__obfuscated.elf)
                0x0000000000002900                sym_MDF364N4PQDEA5ZGP5CB3ZDZVZM5Q32KSEZZ5HI
 .text          0x0000000000002930       0x34 C:/ncs/v3.0.1/nrfxlib/softdevice_controller/lib/nrf52/soft-float/libsoftdevice_controller_peripheral.a(libsoftdevice_controller_s112_debug_soft__obfuscated.elf)
                0x0000000000002930                sym_XCEN5K7VEI2CAO42XW7S3FKM3HKMOCDCUFDX25Y
 .text          0x0000000000002964       0x44 C:/ncs/v3.0.1/nrfxlib/softdevice_controller/lib/nrf52/soft-float/libsoftdevice_controller_peripheral.a(libsoftdevice_controller_s112_debug_soft__obfuscated.elf)
                0x0000000000002964                sym_5DEPI2OGSPXE5OVFBPVFPSPYPRYUQ54QVVXIKNI
 .text          0x00000000000029a8       0x34 C:/ncs/v3.0.1/nrfxlib/softdevice_controller/lib/nrf52/soft-float/libsoftdevice_controller_peripheral.a(libsoftdevice_controller_s112_debug_soft__obfuscated.elf)
                0x00000000000029a8                sym_KZ5CVONZGMGIGNMI7YD6HLN3FXAAJK6OMEJW6BQ
 .text          0x00000000000029dc       0x28 C:/ncs/v3.0.1/nrfxlib/softdevice_controller/lib/nrf52/soft-float/libsoftdevice_controller_peripheral.a(libsoftdevice_controller_s112_debug_soft__obfuscated.elf)
                0x00000000000029dc                sym_ZQHB3ANU2DANFLJZLZL5U4SPQ2ZDVUAHI35744Y
 .text          0x0000000000002a04       0x10 C:/ncs/v3.0.1/nrfxlib/softdevice_controller/lib/nrf52/soft-float/libsoftdevice_controller_peripheral.a(libsoftdevice_controller_s112_debug_soft__obfuscated.elf)
                0x0000000000002a04                sym_TRMXENGHOH4VBQQZPIN222FLCEFU3Z3CD5C47DY
 .text          0x0000000000002a14       0x30 C:/ncs/v3.0.1/nrfxlib/softdevice_controller/lib/nrf52/soft-float/libsoftdevice_controller_peripheral.a(libsoftdevice_controller_s112_debug_soft__obfuscated.elf)
                0x0000000000002a14                sym_VIDE7XVSTT4HHX2MQJX6VUVABAKVNGIPRTLRLEQ
 .text          0x0000000000002a44       0x3c C:/ncs/v3.0.1/nrfxlib/softdevice_controller/lib/nrf52/soft-float/libsoftdevice_controller_peripheral.a(libsoftdevice_controller_s112_debug_soft__obfuscated.elf)
                0x0000000000002a44                sym_XPKSFPKFBNSTZZU4FUMGC3XRHAVS24BBL53HRMA
 .text          0x0000000000002a80       0x60 C:/ncs/v3.0.1/nrfxlib/softdevice_controller/lib/nrf52/soft-float/libsoftdevice_controller_peripheral.a(libsoftdevice_controller_s112_debug_soft__obfuscated.elf)
                0x0000000000002a80                sym_6Q45YYTUN2KDQ5V5UGE3T2LTI5FNGX6WIJYLIDI
 .text          0x0000000000002ae0       0x10 C:/ncs/v3.0.1/nrfxlib/softdevice_controller/lib/nrf52/soft-float/libsoftdevice_controller_peripheral.a(libsoftdevice_controller_s112_debug_soft__obfuscated.elf)
 .text          0x0000000000002af0       0x58 C:/ncs/v3.0.1/nrfxlib/softdevice_controller/lib/nrf52/soft-float/libsoftdevice_controller_peripheral.a(libsoftdevice_controller_s112_debug_soft__obfuscated.elf)
 .text          0x0000000000002b48       0x30 C:/ncs/v3.0.1/nrfxlib/softdevice_controller/lib/nrf52/soft-float/libsoftdevice_controller_peripheral.a(libsoftdevice_controller_s112_debug_soft__obfuscated.elf)
 .text          0x0000000000002b78       0x64 C:/ncs/v3.0.1/nrfxlib/softdevice_controller/lib/nrf52/soft-float/libsoftdevice_controller_peripheral.a(libsoftdevice_controller_s112_debug_soft__obfuscated.elf)
 .text          0x0000000000002bdc       0x34 C:/ncs/v3.0.1/nrfxlib/softdevice_controller/lib/nrf52/soft-float/libsoftdevice_controller_peripheral.a(libsoftdevice_controller_s112_debug_soft__obfuscated.elf)
 .text          0x0000000000002c10       0x4c C:/ncs/v3.0.1/nrfxlib/softdevice_controller/lib/nrf52/soft-float/libsoftdevice_controller_peripheral.a(libsoftdevice_controller_s112_debug_soft__obfuscated.elf)
 .text          0x0000000000002c5c       0x38 C:/ncs/v3.0.1/nrfxlib/softdevice_controller/lib/nrf52/soft-float/libsoftdevice_controller_peripheral.a(libsoftdevice_controller_s112_debug_soft__obfuscated.elf)
 .text          0x0000000000002c94       0x1c C:/ncs/v3.0.1/nrfxlib/softdevice_controller/lib/nrf52/soft-float/libsoftdevice_controller_peripheral.a(libsoftdevice_controller_s112_debug_soft__obfuscated.elf)
 .text          0x0000000000002cb0       0x5c C:/ncs/v3.0.1/nrfxlib/softdevice_controller/lib/nrf52/soft-float/libsoftdevice_controller_peripheral.a(libsoftdevice_controller_s112_debug_soft__obfuscated.elf)
 .text          0x0000000000002d0c       0x60 C:/ncs/v3.0.1/nrfxlib/softdevice_controller/lib/nrf52/soft-float/libsoftdevice_controller_peripheral.a(libsoftdevice_controller_s112_debug_soft__obfuscated.elf)
 .text          0x0000000000002d6c      0x110 C:/ncs/v3.0.1/nrfxlib/softdevice_controller/lib/nrf52/soft-float/libsoftdevice_controller_peripheral.a(libsoftdevice_controller_s112_debug_soft__obfuscated.elf)
 .text          0x0000000000002e7c       0x74 C:/ncs/v3.0.1/nrfxlib/softdevice_controller/lib/nrf52/soft-float/libsoftdevice_controller_peripheral.a(libsoftdevice_controller_s112_debug_soft__obfuscated.elf)
                0x0000000000002e7c                sym_RUQBFILZ5CHV2AAL6C3D2J5Y33TCCAPZTHBGZ3A
 .text          0x0000000000002ef0       0x10 C:/ncs/v3.0.1/nrfxlib/softdevice_controller/lib/nrf52/soft-float/libsoftdevice_controller_peripheral.a(libsoftdevice_controller_s112_debug_soft__obfuscated.elf)
                0x0000000000002ef0                sym_DRIMECVE2FH7O6C2LQ25QRVJOICPHLA5GC6TM2I
 .text          0x0000000000002f00       0x30 C:/ncs/v3.0.1/nrfxlib/softdevice_controller/lib/nrf52/soft-float/libsoftdevice_controller_peripheral.a(libsoftdevice_controller_s112_debug_soft__obfuscated.elf)
                0x0000000000002f00                sym_RSWA3KDPDNEX2QOFCEQGJOF7JZOR274BWTEY2JA
 .text          0x0000000000002f30       0x48 C:/ncs/v3.0.1/nrfxlib/softdevice_controller/lib/nrf52/soft-float/libsoftdevice_controller_peripheral.a(libsoftdevice_controller_s112_debug_soft__obfuscated.elf)
                0x0000000000002f30                sym_5M4NZWSJ6BHHJZLT6EUU64HNZ2KEYYSTH2RKH5I
 .text          0x0000000000002f78       0x58 C:/ncs/v3.0.1/nrfxlib/softdevice_controller/lib/nrf52/soft-float/libsoftdevice_controller_peripheral.a(libsoftdevice_controller_s112_debug_soft__obfuscated.elf)
                0x0000000000002f78                sym_5CHOZAQ75MOW32NPEGX5AYLDFVQR6HZCDXZY5PQ
 .text          0x0000000000002fd0      0x11c C:/ncs/v3.0.1/nrfxlib/softdevice_controller/lib/nrf52/soft-float/libsoftdevice_controller_peripheral.a(libsoftdevice_controller_s112_debug_soft__obfuscated.elf)
                0x0000000000002fd0                sym_JQ5GTNCJKXERB3SSKQRXLQOKWJQVRNEOVZZZVXI
 .text          0x00000000000030ec        0xc C:/ncs/v3.0.1/nrfxlib/softdevice_controller/lib/nrf52/soft-float/libsoftdevice_controller_peripheral.a(libsoftdevice_controller_s112_debug_soft__obfuscated.elf)
                0x00000000000030ec                sym_HE5JGYEZFIITGQL7PMATDHSORSCK7HJIY5UXOZA
 .text          0x00000000000030f8       0x14 C:/ncs/v3.0.1/nrfxlib/softdevice_controller/lib/nrf52/soft-float/libsoftdevice_controller_peripheral.a(libsoftdevice_controller_s112_debug_soft__obfuscated.elf)
                0x00000000000030f8                sym_YLRTPBVG5ROXKOW4KXUYITRUY3FD2MVZW5LF7ZA
 .text          0x000000000000310c       0x38 C:/ncs/v3.0.1/nrfxlib/softdevice_controller/lib/nrf52/soft-float/libsoftdevice_controller_peripheral.a(libsoftdevice_controller_s112_debug_soft__obfuscated.elf)
                0x000000000000310c                sym_GVSNNBZMBIJOMUA3FPIAVVC7S5MNBYUF4QELXZA
 .text          0x0000000000003144        0xc C:/ncs/v3.0.1/nrfxlib/softdevice_controller/lib/nrf52/soft-float/libsoftdevice_controller_peripheral.a(libsoftdevice_controller_s112_debug_soft__obfuscated.elf)
                0x0000000000003144                sym_ZQE76VUU7S5U7DETTZA65E75LHFWL5PGRN4JPHI
 .text          0x0000000000003150       0xa4 C:/ncs/v3.0.1/nrfxlib/softdevice_controller/lib/nrf52/soft-float/libsoftdevice_controller_peripheral.a(libsoftdevice_controller_s112_debug_soft__obfuscated.elf)
                0x0000000000003150                sym_6PPYXQQOLTVZ6DHASA45P4Y6MOJ5US37OHECCGI
 .text          0x00000000000031f4       0x28 C:/ncs/v3.0.1/nrfxlib/softdevice_controller/lib/nrf52/soft-float/libsoftdevice_controller_peripheral.a(libsoftdevice_controller_s112_debug_soft__obfuscated.elf)
                0x00000000000031f4                sym_E7IS652W2J5N5UTHP752WOA4YNSR7E5S5H4J2AA
 .text          0x000000000000321c       0xa4 C:/ncs/v3.0.1/nrfxlib/softdevice_controller/lib/nrf52/soft-float/libsoftdevice_controller_peripheral.a(libsoftdevice_controller_s112_debug_soft__obfuscated.elf)
                0x000000000000321c                sym_A5S3P57NWYYY5XJWBYERU6H4QSVP5TCTU7HKA5Y
 .text          0x00000000000032c0       0x80 C:/ncs/v3.0.1/nrfxlib/softdevice_controller/lib/nrf52/soft-float/libsoftdevice_controller_peripheral.a(libsoftdevice_controller_s112_debug_soft__obfuscated.elf)
                0x00000000000032c0                sym_2YSDS7VWGMSD5CN64D2VGQIYXBV3A6NJCHWFZEY
 .text          0x0000000000003340        0xc C:/ncs/v3.0.1/nrfxlib/softdevice_controller/lib/nrf52/soft-float/libsoftdevice_controller_peripheral.a(libsoftdevice_controller_s112_debug_soft__obfuscated.elf)
                0x0000000000003340                sym_XD56LJG2JTRU4Q2V7WCY72EI3VTZICA3O4ERV2A
 .text          0x000000000000334c       0x10 C:/ncs/v3.0.1/nrfxlib/softdevice_controller/lib/nrf52/soft-float/libsoftdevice_controller_peripheral.a(libsoftdevice_controller_s112_debug_soft__obfuscated.elf)
                0x000000000000334c                sym_YG4UROEKVB7ZBE5TWHLNJHYKSFBTXGBYAX3RXRI
 .text          0x000000000000335c       0x34 C:/ncs/v3.0.1/nrfxlib/softdevice_controller/lib/nrf52/soft-float/libsoftdevice_controller_peripheral.a(libsoftdevice_controller_s112_debug_soft__obfuscated.elf)
                0x000000000000335c                sym_LPFN6QJEOHBT4AP2K7MEYWDZW35U5VHIHXOA54I
 .text          0x0000000000003390       0x48 C:/ncs/v3.0.1/nrfxlib/softdevice_controller/lib/nrf52/soft-float/libsoftdevice_controller_peripheral.a(libsoftdevice_controller_s112_debug_soft__obfuscated.elf)
                0x0000000000003390                sym_Y6HXZQJARJ7FDWKGPREPQGRRGDOQMXHDALUK6KY
 .text          0x00000000000033d8       0x18 C:/ncs/v3.0.1/nrfxlib/softdevice_controller/lib/nrf52/soft-float/libsoftdevice_controller_peripheral.a(libsoftdevice_controller_s112_debug_soft__obfuscated.elf)
                0x00000000000033d8                sym_RXYEX777ZXB2E2DXJWDBCV7AAHWTCHNTLOSENBY
 .text          0x00000000000033f0       0x1c C:/ncs/v3.0.1/nrfxlib/softdevice_controller/lib/nrf52/soft-float/libsoftdevice_controller_peripheral.a(libsoftdevice_controller_s112_debug_soft__obfuscated.elf)
                0x00000000000033f0                sym_PCLF3MATC3G3MYGRPG4ATMGCS6N4B7M5CSF2C2Y
 .text          0x000000000000340c       0x40 C:/ncs/v3.0.1/nrfxlib/softdevice_controller/lib/nrf52/soft-float/libsoftdevice_controller_peripheral.a(libsoftdevice_controller_s112_debug_soft__obfuscated.elf)
                0x000000000000340c                sym_2GNBSSSS7HPV6RZQ52VFCGRXSPA3KLWISQSF42I
 .text          0x000000000000344c      0x264 C:/ncs/v3.0.1/nrfxlib/softdevice_controller/lib/nrf52/soft-float/libsoftdevice_controller_peripheral.a(libsoftdevice_controller_s112_debug_soft__obfuscated.elf)
                0x000000000000344c                sym_EMR2H7KEGRFFKS6A4P3ZPPGOJSTVXLGRI25MEYQ
 .text          0x00000000000036b0       0x10 C:/ncs/v3.0.1/nrfxlib/softdevice_controller/lib/nrf52/soft-float/libsoftdevice_controller_peripheral.a(libsoftdevice_controller_s112_debug_soft__obfuscated.elf)
                0x00000000000036b0                sym_V67AIMSO57NYVNGXZF2PDQSJQJLITHU4KD4CKAY
 .text          0x00000000000036c0        0xc C:/ncs/v3.0.1/nrfxlib/softdevice_controller/lib/nrf52/soft-float/libsoftdevice_controller_peripheral.a(libsoftdevice_controller_s112_debug_soft__obfuscated.elf)
                0x00000000000036c0                sym_UX6VBOIQ7ULLMX3I6UDFOFZ6IT2DVZKKVIEVRMY
 .text          0x00000000000036cc       0x10 C:/ncs/v3.0.1/nrfxlib/softdevice_controller/lib/nrf52/soft-float/libsoftdevice_controller_peripheral.a(libsoftdevice_controller_s112_debug_soft__obfuscated.elf)
                0x00000000000036cc                sym_L4JTLGMK2AWYAAPRB3O77773SG36X2NTZJ3FAHA
 .text          0x00000000000036dc       0x1c C:/ncs/v3.0.1/nrfxlib/softdevice_controller/lib/nrf52/soft-float/libsoftdevice_controller_peripheral.a(libsoftdevice_controller_s112_debug_soft__obfuscated.elf)
                0x00000000000036dc                sym_WD6EQ3FQVKOAARDWHQJJC5SVKHQS7A2MF5YDCPA
 .text          0x00000000000036f8       0x1c C:/ncs/v3.0.1/nrfxlib/softdevice_controller/lib/nrf52/soft-float/libsoftdevice_controller_peripheral.a(libsoftdevice_controller_s112_debug_soft__obfuscated.elf)
                0x00000000000036f8                sym_WGW6HZ6PNLYQSUJALICWZO27AY5UJWYCU6B6ACI
 .text          0x0000000000003714       0x34 C:/ncs/v3.0.1/nrfxlib/softdevice_controller/lib/nrf52/soft-float/libsoftdevice_controller_peripheral.a(libsoftdevice_controller_s112_debug_soft__obfuscated.elf)
                0x0000000000003714                sym_7VLVVPDI26BVJ64XQBSGXOQYGQA4VH5APIPDGYA
 .text          0x0000000000003748       0x38 C:/ncs/v3.0.1/nrfxlib/softdevice_controller/lib/nrf52/soft-float/libsoftdevice_controller_peripheral.a(libsoftdevice_controller_s112_debug_soft__obfuscated.elf)
                0x0000000000003748                sym_55XNA7W2CQFJPCH62ZAKHLPISYHJ7KMNREEN6EA
 .text          0x0000000000003780       0xa0 C:/ncs/v3.0.1/nrfxlib/softdevice_controller/lib/nrf52/soft-float/libsoftdevice_controller_peripheral.a(libsoftdevice_controller_s112_debug_soft__obfuscated.elf)
                0x0000000000003780                sym_472GCM45ITLH5GOXITRUEUJXOU6SPVHTMEVFHWQ
 .text          0x0000000000003820        0xc C:/ncs/v3.0.1/nrfxlib/mpsl/fem/common/lib/nrf52/soft-float/libmpsl_fem_common.a(libmpsl_fem_common_debug_soft__obfuscated.elf)
                0x0000000000003820                mpsl_fem_enable
 .text          0x000000000000382c        0xc C:/ncs/v3.0.1/nrfxlib/mpsl/fem/common/lib/nrf52/soft-float/libmpsl_fem_common.a(libmpsl_fem_common_debug_soft__obfuscated.elf)
                0x000000000000382c                mpsl_fem_disable
 .text          0x0000000000003838        0xc C:/ncs/v3.0.1/nrfxlib/mpsl/fem/common/lib/nrf52/soft-float/libmpsl_fem_common.a(libmpsl_fem_common_debug_soft__obfuscated.elf)
                0x0000000000003838                mpsl_fem_pa_configuration_set
 .text          0x0000000000003844        0xc C:/ncs/v3.0.1/nrfxlib/mpsl/fem/common/lib/nrf52/soft-float/libmpsl_fem_common.a(libmpsl_fem_common_debug_soft__obfuscated.elf)
                0x0000000000003844                mpsl_fem_lna_configuration_set
 .text          0x0000000000003850        0xc C:/ncs/v3.0.1/nrfxlib/mpsl/fem/common/lib/nrf52/soft-float/libmpsl_fem_common.a(libmpsl_fem_common_debug_soft__obfuscated.elf)
                0x0000000000003850                mpsl_fem_pa_configuration_clear
 .text          0x000000000000385c        0xc C:/ncs/v3.0.1/nrfxlib/mpsl/fem/common/lib/nrf52/soft-float/libmpsl_fem_common.a(libmpsl_fem_common_debug_soft__obfuscated.elf)
                0x000000000000385c                mpsl_fem_lna_configuration_clear
 .text          0x0000000000003868        0xc C:/ncs/v3.0.1/nrfxlib/mpsl/fem/common/lib/nrf52/soft-float/libmpsl_fem_common.a(libmpsl_fem_common_debug_soft__obfuscated.elf)
                0x0000000000003868                mpsl_fem_pa_power_control_set
 .text          0x0000000000003874       0x14 C:/ncs/v3.0.1/nrfxlib/mpsl/fem/common/lib/nrf52/soft-float/libmpsl_fem_common.a(libmpsl_fem_common_debug_soft__obfuscated.elf)
                0x0000000000003874                mpsl_fem_tx_power_split
 .text          0x0000000000003888        0xc C:/ncs/v3.0.1/nrfxlib/mpsl/fem/common/lib/nrf52/soft-float/libmpsl_fem_common.a(libmpsl_fem_common_debug_soft__obfuscated.elf)
                0x0000000000003888                mpsl_fem_device_config_254_apply_get
 .text          0x0000000000003894       0x44 C:/ncs/v3.0.1/nrfxlib/mpsl/fem/common/lib/nrf52/soft-float/libmpsl_fem_common.a(libmpsl_fem_common_debug_soft__obfuscated.elf)
                0x0000000000003894                mpsl_fem_utils_available_cc_channels_cache
 .text          0x00000000000038d8        0xc C:/ncs/v3.0.1/nrfxlib/mpsl/lib/nrf52/soft-float/libmpsl.a(libmpsl_debug_soft__obfuscated.elf)
                0x00000000000038d8                sym_3NUECOSAIC227DBCPHAP4U7EQ3UBTGANU5ASIOA
 .text          0x00000000000038e4       0x34 C:/ncs/v3.0.1/nrfxlib/mpsl/lib/nrf52/soft-float/libmpsl.a(libmpsl_debug_soft__obfuscated.elf)
                0x00000000000038e4                sym_QLJBNB55XHXGY3EZ4W3ZZ3U6AVPE2YGDOXRUZSQ
 .text          0x0000000000003918       0x54 C:/ncs/v3.0.1/nrfxlib/mpsl/lib/nrf52/soft-float/libmpsl.a(libmpsl_debug_soft__obfuscated.elf)
                0x0000000000003918                sym_VWOYI7XCNXBFVPWSS6WFJ2CWKPJYCMRRQTU7QWQ
 .text          0x000000000000396c       0x20 C:/ncs/v3.0.1/nrfxlib/mpsl/lib/nrf52/soft-float/libmpsl.a(libmpsl_debug_soft__obfuscated.elf)
                0x000000000000396c                mpsl_tx_power_radio_supported_power_adjust
 .text          0x000000000000398c       0x80 C:/ncs/v3.0.1/nrfxlib/mpsl/lib/nrf52/soft-float/libmpsl.a(libmpsl_debug_soft__obfuscated.elf)
                0x000000000000398c                sym_JBMIQXYLJQQB56KLSIZ2WVKBMEMRZHLRBGLEPTA
 .text          0x0000000000003a0c       0x18 C:/ncs/v3.0.1/nrfxlib/mpsl/lib/nrf52/soft-float/libmpsl.a(libmpsl_debug_soft__obfuscated.elf)
                0x0000000000003a0c                sym_XK3TMLCZALCYYWGULGHQIRSOBMPIIPJ7HEMOZIQ
 .text          0x0000000000003a24        0xc C:/ncs/v3.0.1/nrfxlib/mpsl/lib/nrf52/soft-float/libmpsl.a(libmpsl_debug_soft__obfuscated.elf)
                0x0000000000003a24                sym_PIRI3CTIHOPR5MPDQRHBJRRZEA2NVOD4J3GXGOA
 .text          0x0000000000003a30       0x1c C:/ncs/v3.0.1/nrfxlib/mpsl/lib/nrf52/soft-float/libmpsl.a(libmpsl_debug_soft__obfuscated.elf)
                0x0000000000003a30                sym_LIY23QT3GHIV7NCGJ6ZW6LB2ZUSI56CIFCL6HUY
 .text          0x0000000000003a4c       0x30 C:/ncs/v3.0.1/nrfxlib/mpsl/lib/nrf52/soft-float/libmpsl.a(libmpsl_debug_soft__obfuscated.elf)
                0x0000000000003a4c                sym_V4BKJ3JML36CWEOV3IXWZR6UWSBWXTXWM2DI3TY
 .text          0x0000000000003a7c       0x10 C:/ncs/v3.0.1/nrfxlib/mpsl/lib/nrf52/soft-float/libmpsl.a(libmpsl_debug_soft__obfuscated.elf)
                0x0000000000003a7c                sym_KOE6VAFEEMU6WWJIX2YPZ4GY7B7U3D4BFIDGCKQ
 .text          0x0000000000003a8c       0x14 C:/ncs/v3.0.1/nrfxlib/mpsl/lib/nrf52/soft-float/libmpsl.a(libmpsl_debug_soft__obfuscated.elf)
                0x0000000000003a8c                sym_3SZAYBC5OCNQZBIVUZYG7A3DU4BAGVEUO2Y2ZRA
 .text          0x0000000000003aa0        0xc C:/ncs/v3.0.1/nrfxlib/mpsl/lib/nrf52/soft-float/libmpsl.a(libmpsl_debug_soft__obfuscated.elf)
                0x0000000000003aa0                sym_2KMHJG6IWTS4F37J76OPGV6TB6CGBJE6GPXD32Q
 .text          0x0000000000003aac        0xc C:/ncs/v3.0.1/nrfxlib/mpsl/lib/nrf52/soft-float/libmpsl.a(libmpsl_debug_soft__obfuscated.elf)
                0x0000000000003aac                sym_NOQLYJY4KXAQRVVN7T7QV7ANR4MNJAXOKJCQGHI
 .text          0x0000000000003ab8        0xc C:/ncs/v3.0.1/nrfxlib/mpsl/lib/nrf52/soft-float/libmpsl.a(libmpsl_debug_soft__obfuscated.elf)
                0x0000000000003ab8                sym_4NCCWTMBQU3U24NGOPOJYU4GP7PEJI4KR44Q5XI
 .text          0x0000000000003ac4       0x28 C:/ncs/v3.0.1/nrfxlib/mpsl/lib/nrf52/soft-float/libmpsl.a(libmpsl_debug_soft__obfuscated.elf)
                0x0000000000003ac4                sym_ZA5SDIYL3AVNDD7AHK7E7AUJI3LEYUOUHLD4V7A
 .text          0x0000000000003aec       0x34 C:/ncs/v3.0.1/nrfxlib/mpsl/lib/nrf52/soft-float/libmpsl.a(libmpsl_debug_soft__obfuscated.elf)
 .text          0x0000000000003b20       0x34 C:/ncs/v3.0.1/nrfxlib/mpsl/lib/nrf52/soft-float/libmpsl.a(libmpsl_debug_soft__obfuscated.elf)
                0x0000000000003b20                sym_BRWWBUSI76W7RNK4752SPUHXUPDEXM36TXJBBPY
 .text          0x0000000000003b54       0x10 C:/ncs/v3.0.1/nrfxlib/mpsl/lib/nrf52/soft-float/libmpsl.a(libmpsl_debug_soft__obfuscated.elf)
                0x0000000000003b54                sym_SDHO22NE7WQFGQ4CQJRIJINUULFKMZETRQXV3VQ
 .text          0x0000000000003b64       0x78 C:/ncs/v3.0.1/nrfxlib/mpsl/lib/nrf52/soft-float/libmpsl.a(libmpsl_debug_soft__obfuscated.elf)
                0x0000000000003b64                sym_PPHZHUJXI7LPAEI5QUASSIIGHAIVT4H7EME7O3Y
 .text          0x0000000000003bdc       0xf0 C:/ncs/v3.0.1/nrfxlib/mpsl/lib/nrf52/soft-float/libmpsl.a(libmpsl_debug_soft__obfuscated.elf)
                0x0000000000003bdc                MPSL_IRQ_CLOCK_Handler
 .text          0x0000000000003ccc       0x1c C:/ncs/v3.0.1/nrfxlib/mpsl/lib/nrf52/soft-float/libmpsl.a(libmpsl_debug_soft__obfuscated.elf)
                0x0000000000003ccc                sym_76IVKPQMZOZ7IXNJTGMWOSIWIVCASAX3TTNHN7I
 .text          0x0000000000003ce8      0x258 C:/ncs/v3.0.1/nrfxlib/mpsl/lib/nrf52/soft-float/libmpsl.a(libmpsl_debug_soft__obfuscated.elf)
                0x0000000000003ce8                sym_GYXW4XY25R4ELPOOTEBFKAUAI3X7A5AGZZV7OTI
 .text          0x0000000000003f40       0x44 C:/ncs/v3.0.1/nrfxlib/mpsl/lib/nrf52/soft-float/libmpsl.a(libmpsl_debug_soft__obfuscated.elf)
                0x0000000000003f40                sym_YHVCZX2JW2WJF77BGOWGQVSUJFQZOE2VIV4ZMVI
 .text          0x0000000000003f84       0x2c C:/ncs/v3.0.1/nrfxlib/mpsl/lib/nrf52/soft-float/libmpsl.a(libmpsl_debug_soft__obfuscated.elf)
                0x0000000000003f84                mpsl_clock_hfclk_request
 .text          0x0000000000003fb0       0x28 C:/ncs/v3.0.1/nrfxlib/mpsl/lib/nrf52/soft-float/libmpsl.a(libmpsl_debug_soft__obfuscated.elf)
                0x0000000000003fb0                mpsl_clock_hfclk_release
 .text          0x0000000000003fd8       0x54 C:/ncs/v3.0.1/nrfxlib/mpsl/lib/nrf52/soft-float/libmpsl.a(libmpsl_debug_soft__obfuscated.elf)
                0x0000000000003fd8                sym_XEJLNUQGS5P4R5IXDJFF6NE6C2FZWRZYDQOGMPI
 .text          0x000000000000402c        0xc C:/ncs/v3.0.1/nrfxlib/mpsl/lib/nrf52/soft-float/libmpsl.a(libmpsl_debug_soft__obfuscated.elf)
                0x000000000000402c                sym_PEUB6CZG5CWXXD4M2S6OVBXZGDFOG4XII7USUDQ
 .text          0x0000000000004038        0xc C:/ncs/v3.0.1/nrfxlib/mpsl/lib/nrf52/soft-float/libmpsl.a(libmpsl_debug_soft__obfuscated.elf)
                0x0000000000004038                sym_AF5XKA2WT4DMFZTLKHOBWE7E2EZAMLDDFPQGGTQ
 .text          0x0000000000004044        0xc C:/ncs/v3.0.1/nrfxlib/mpsl/lib/nrf52/soft-float/libmpsl.a(libmpsl_debug_soft__obfuscated.elf)
                0x0000000000004044                sym_DCDRLVBT43ANSLX3KNDZ4TST3Z3CVWXAQQUSXQQ
 .text          0x0000000000004050       0x14 C:/ncs/v3.0.1/nrfxlib/mpsl/lib/nrf52/soft-float/libmpsl.a(libmpsl_debug_soft__obfuscated.elf)
                0x0000000000004050                sym_ETIE3PCEXQYLK2GIVZENQ6V7PLBRV57MB7BDMNY
 .text          0x0000000000004064       0x14 C:/ncs/v3.0.1/nrfxlib/mpsl/lib/nrf52/soft-float/libmpsl.a(libmpsl_debug_soft__obfuscated.elf)
                0x0000000000004064                sym_5GIX3FGTOA3AFESAMMV6FULZ3AVI2Q2R6VR4L4A
 .text          0x0000000000004078       0x14 C:/ncs/v3.0.1/nrfxlib/mpsl/lib/nrf52/soft-float/libmpsl.a(libmpsl_debug_soft__obfuscated.elf)
                0x0000000000004078                sym_V2LWAK3UGHIHIFJ4K55BIZCBUII6XKZXLFYUXTY
 .text          0x000000000000408c       0x10 C:/ncs/v3.0.1/nrfxlib/mpsl/lib/nrf52/soft-float/libmpsl.a(libmpsl_debug_soft__obfuscated.elf)
                0x000000000000408c                sym_A4JUKJUCTJV55V2WD6TXU63VO5GAMB4XA4EE56Q
 .text          0x000000000000409c        0xc C:/ncs/v3.0.1/nrfxlib/mpsl/lib/nrf52/soft-float/libmpsl.a(libmpsl_debug_soft__obfuscated.elf)
                0x000000000000409c                sym_4PX37LW4KIUYQZ73JWLPH5GAGIRWAKTV3E6F62Q
 .text          0x00000000000040a8       0x70 C:/ncs/v3.0.1/nrfxlib/mpsl/lib/nrf52/soft-float/libmpsl.a(libmpsl_debug_soft__obfuscated.elf)
                0x00000000000040a8                sym_FYHKZOVAJN6VDDHY43FT7PF4YLRDHWRTEWHFG6I
 .text          0x0000000000004118       0x20 C:/ncs/v3.0.1/nrfxlib/mpsl/lib/nrf52/soft-float/libmpsl.a(libmpsl_debug_soft__obfuscated.elf)
                0x0000000000004118                mpsl_clock_hfclk_latency_set
 .text          0x0000000000004138        0xc C:/ncs/v3.0.1/nrfxlib/mpsl/lib/nrf52/soft-float/libmpsl.a(libmpsl_debug_soft__obfuscated.elf)
                0x0000000000004138                sym_SKFSQME5SGNPYLL7B75KY7PHXFYWSRI2HSTT45A
 .text          0x0000000000004144       0x1c C:/ncs/v3.0.1/nrfxlib/mpsl/lib/nrf52/soft-float/libmpsl.a(libmpsl_debug_soft__obfuscated.elf)
                0x0000000000004144                sym_4RNEPYYQOFM4LAOGLN2TB27X7L3XBISTGAWYOHQ
 .text          0x0000000000004160       0x1c C:/ncs/v3.0.1/nrfxlib/mpsl/lib/nrf52/soft-float/libmpsl.a(libmpsl_debug_soft__obfuscated.elf)
                0x0000000000004160                sym_XYQTP7YX2XFVREW5KFDH2NNPGRIPEHKIO2RURYI
 .text          0x000000000000417c       0x6c C:/ncs/v3.0.1/nrfxlib/mpsl/lib/nrf52/soft-float/libmpsl.a(libmpsl_debug_soft__obfuscated.elf)
                0x000000000000417c                sym_V6OT7EKSQC3XEJK5ZWNACQF7LLICCSE7X3C3ECY
 .text          0x00000000000041e8       0x58 C:/ncs/v3.0.1/nrfxlib/mpsl/lib/nrf52/soft-float/libmpsl.a(libmpsl_debug_soft__obfuscated.elf)
                0x00000000000041e8                sym_AOU55ZK756JLPLCLZ5TZSSVKOAWWFUNQZATBXUI
 .text          0x0000000000004240       0xb4 C:/ncs/v3.0.1/nrfxlib/mpsl/lib/nrf52/soft-float/libmpsl.a(libmpsl_debug_soft__obfuscated.elf)
                0x0000000000004240                sym_OLT7BBJAMRJJV5HK3QZCAOG3B3FGZ46HFC5VINI
 .text          0x00000000000042f4       0x34 C:/ncs/v3.0.1/nrfxlib/mpsl/lib/nrf52/soft-float/libmpsl.a(libmpsl_debug_soft__obfuscated.elf)
                0x00000000000042f4                sym_PITJNQC6YSCEFAH23N5QRORZDKCSKOAUGBUS6GA
 .text          0x0000000000004328       0x2c C:/ncs/v3.0.1/nrfxlib/mpsl/lib/nrf52/soft-float/libmpsl.a(libmpsl_debug_soft__obfuscated.elf)
                0x0000000000004328                MPSL_IRQ_RADIO_Handler
 .text          0x0000000000004354       0x40 C:/ncs/v3.0.1/nrfxlib/mpsl/lib/nrf52/soft-float/libmpsl.a(libmpsl_debug_soft__obfuscated.elf)
 .text          0x0000000000004394       0x38 C:/ncs/v3.0.1/nrfxlib/mpsl/lib/nrf52/soft-float/libmpsl.a(libmpsl_debug_soft__obfuscated.elf)
 .text          0x00000000000043cc       0x2c C:/ncs/v3.0.1/nrfxlib/mpsl/lib/nrf52/soft-float/libmpsl.a(libmpsl_debug_soft__obfuscated.elf)
 .text          0x00000000000043f8       0x58 C:/ncs/v3.0.1/nrfxlib/mpsl/lib/nrf52/soft-float/libmpsl.a(libmpsl_debug_soft__obfuscated.elf)
 .text          0x0000000000004450       0x54 C:/ncs/v3.0.1/nrfxlib/mpsl/lib/nrf52/soft-float/libmpsl.a(libmpsl_debug_soft__obfuscated.elf)
 .text          0x00000000000044a4       0x44 C:/ncs/v3.0.1/nrfxlib/mpsl/lib/nrf52/soft-float/libmpsl.a(libmpsl_debug_soft__obfuscated.elf)
 .text          0x00000000000044e8       0xac C:/ncs/v3.0.1/nrfxlib/mpsl/lib/nrf52/soft-float/libmpsl.a(libmpsl_debug_soft__obfuscated.elf)
                0x00000000000044e8                sym_3SK52U5TD4ACVVYKWS6UI6ZPWKSLV6BW5IGCPJI
 .text          0x0000000000004594        0xc C:/ncs/v3.0.1/nrfxlib/mpsl/lib/nrf52/soft-float/libmpsl.a(libmpsl_debug_soft__obfuscated.elf)
                0x0000000000004594                sym_RUQO26WM5KVVEW7O3OHCXPO7LLLXRBDPIPSWIWY
 .text          0x00000000000045a0        0xc C:/ncs/v3.0.1/nrfxlib/mpsl/lib/nrf52/soft-float/libmpsl.a(libmpsl_debug_soft__obfuscated.elf)
                0x00000000000045a0                sym_M4DIQOXJAE3BNHQBIUCZXAABSM24CWUEJOCU7DY
 .text          0x00000000000045ac       0x20 C:/ncs/v3.0.1/nrfxlib/mpsl/lib/nrf52/soft-float/libmpsl.a(libmpsl_debug_soft__obfuscated.elf)
                0x00000000000045ac                sym_E5Q6O4GY4KO3GMW7WJYXLZKHO7ZGDWLU4ZPAKWA
 .text          0x00000000000045cc       0x50 C:/ncs/v3.0.1/nrfxlib/mpsl/lib/nrf52/soft-float/libmpsl.a(libmpsl_debug_soft__obfuscated.elf)
 .text          0x000000000000461c       0xec C:/ncs/v3.0.1/nrfxlib/mpsl/lib/nrf52/soft-float/libmpsl.a(libmpsl_debug_soft__obfuscated.elf)
                0x000000000000461c                sym_2ZDZA75WOMRNSQ6XL7IZWAQKYFFSRJOGBGKPTIQ
 .text          0x0000000000004708       0xb4 C:/ncs/v3.0.1/nrfxlib/mpsl/lib/nrf52/soft-float/libmpsl.a(libmpsl_debug_soft__obfuscated.elf)
                0x0000000000004708                sym_TSYEIN5CZPQE3YK6VECZD5C2M4LMXKKH6O7LNAY
 .text          0x00000000000047bc       0xc4 C:/ncs/v3.0.1/nrfxlib/mpsl/lib/nrf52/soft-float/libmpsl.a(libmpsl_debug_soft__obfuscated.elf)
                0x00000000000047bc                sym_X2K67YH6UCW6TFK6NTLPZZFGWYHTTPZYK5PXHNQ
 .text          0x0000000000004880       0x20 C:/ncs/v3.0.1/nrfxlib/mpsl/lib/nrf52/soft-float/libmpsl.a(libmpsl_debug_soft__obfuscated.elf)
                0x0000000000004880                sym_OLTN5HGCU3P74AJAQRGNYBUXASUKWF3RI2Q3H5Q
 .text          0x00000000000048a0       0x30 C:/ncs/v3.0.1/nrfxlib/mpsl/lib/nrf52/soft-float/libmpsl.a(libmpsl_debug_soft__obfuscated.elf)
                0x00000000000048a0                sym_Y3UVF6YHRTBBXFJQDE7OMEAPPATQJFJYHW45BGI
 .text          0x00000000000048d0       0x68 C:/ncs/v3.0.1/nrfxlib/mpsl/lib/nrf52/soft-float/libmpsl.a(libmpsl_debug_soft__obfuscated.elf)
                0x00000000000048d0                MPSL_IRQ_RTC0_Handler
 .text          0x0000000000004938       0x80 C:/ncs/v3.0.1/nrfxlib/mpsl/lib/nrf52/soft-float/libmpsl.a(libmpsl_debug_soft__obfuscated.elf)
                0x0000000000004938                MPSL_IRQ_TIMER0_Handler
 .text          0x00000000000049b8      0x3bc C:/ncs/v3.0.1/nrfxlib/mpsl/lib/nrf52/soft-float/libmpsl.a(libmpsl_debug_soft__obfuscated.elf)
 .text          0x0000000000004d74      0x250 C:/ncs/v3.0.1/nrfxlib/mpsl/lib/nrf52/soft-float/libmpsl.a(libmpsl_debug_soft__obfuscated.elf)
 .text          0x0000000000004fc4      0x11c C:/ncs/v3.0.1/nrfxlib/mpsl/lib/nrf52/soft-float/libmpsl.a(libmpsl_debug_soft__obfuscated.elf)
 .text          0x00000000000050e0       0xb8 C:/ncs/v3.0.1/nrfxlib/mpsl/lib/nrf52/soft-float/libmpsl.a(libmpsl_debug_soft__obfuscated.elf)
 .text          0x0000000000005198      0x13c C:/ncs/v3.0.1/nrfxlib/mpsl/lib/nrf52/soft-float/libmpsl.a(libmpsl_debug_soft__obfuscated.elf)
 .text          0x00000000000052d4       0xe4 C:/ncs/v3.0.1/nrfxlib/mpsl/lib/nrf52/soft-float/libmpsl.a(libmpsl_debug_soft__obfuscated.elf)
 .text          0x00000000000053b8      0x140 C:/ncs/v3.0.1/nrfxlib/mpsl/lib/nrf52/soft-float/libmpsl.a(libmpsl_debug_soft__obfuscated.elf)
 .text          0x00000000000054f8       0x70 C:/ncs/v3.0.1/nrfxlib/mpsl/lib/nrf52/soft-float/libmpsl.a(libmpsl_debug_soft__obfuscated.elf)
                0x00000000000054f8                sym_ZC6NJBPUISWILQK6OTOBMJVVUT63JRIDGH5WNCY
 .text          0x0000000000005568      0x2b8 C:/ncs/v3.0.1/nrfxlib/mpsl/lib/nrf52/soft-float/libmpsl.a(libmpsl_debug_soft__obfuscated.elf)
                0x0000000000005568                sym_SFR5TVV24PZRIRC5QGOHL2X436PUHKRY2QWKP5Y
 .text          0x0000000000005820       0x68 C:/ncs/v3.0.1/nrfxlib/mpsl/lib/nrf52/soft-float/libmpsl.a(libmpsl_debug_soft__obfuscated.elf)
                0x0000000000005820                sym_RPHL2J7CVNKM6GKLDIFI4NVAPZE2FHTYW4VJSJI
 .text          0x0000000000005888       0x34 C:/ncs/v3.0.1/nrfxlib/mpsl/lib/nrf52/soft-float/libmpsl.a(libmpsl_debug_soft__obfuscated.elf)
                0x0000000000005888                sym_CFZK3G6ZC4ONUAYO2UALWQ4CBO7A6ADNAS2FS7Y
 .text          0x00000000000058bc        0xc C:/ncs/v3.0.1/nrfxlib/mpsl/lib/nrf52/soft-float/libmpsl.a(libmpsl_debug_soft__obfuscated.elf)
                0x00000000000058bc                sym_EZCQMUV45JOX3SUBGR2I2RCWLQJ2CQZGHXB7H6Q
 .text          0x00000000000058c8      0x1e4 C:/ncs/v3.0.1/nrfxlib/mpsl/lib/nrf52/soft-float/libmpsl.a(libmpsl_debug_soft__obfuscated.elf)
                0x00000000000058c8                sym_CVH6S6LMSFPC2RM6I6LYWFRVOJUD3A6OCMG7AAI
 .text          0x0000000000005aac      0x4c4 C:/ncs/v3.0.1/nrfxlib/mpsl/lib/nrf52/soft-float/libmpsl.a(libmpsl_debug_soft__obfuscated.elf)
                0x0000000000005aac                sym_NFDFVOR5BUFND4TNTGYIYR4ARXJRXWSQ4PVFUKY
 .text          0x0000000000005f70      0x1e8 C:/ncs/v3.0.1/nrfxlib/mpsl/lib/nrf52/soft-float/libmpsl.a(libmpsl_debug_soft__obfuscated.elf)
                0x0000000000005f70                sym_R4Y3KWNYX4PGGLE5X2L7DXMWMJUY3DOXD7LSUKY
 .text          0x0000000000006158      0x1a8 C:/ncs/v3.0.1/nrfxlib/mpsl/lib/nrf52/soft-float/libmpsl.a(libmpsl_debug_soft__obfuscated.elf)
                0x0000000000006158                sym_J5F7QGRFPKMLWRNSXZXS5YI7BM4DUTISCOASCOA
 .text          0x0000000000006300       0x78 C:/ncs/v3.0.1/nrfxlib/mpsl/lib/nrf52/soft-float/libmpsl.a(libmpsl_debug_soft__obfuscated.elf)
                0x0000000000006300                sym_URFU24FFGR2HYB6CCPIPKPNZNMTWHKDYOATUJNY
 .text          0x0000000000006378        0x4 C:/ncs/v3.0.1/nrfxlib/mpsl/lib/nrf52/soft-float/libmpsl.a(libmpsl_debug_soft__obfuscated.elf)
                0x0000000000006378                sym_6TZLBWMEWRMPI4KKAUVLC2XHUBDGXEA4B4JJJYQ
 .text          0x000000000000637c      0x250 C:/ncs/v3.0.1/nrfxlib/mpsl/lib/nrf52/soft-float/libmpsl.a(libmpsl_debug_soft__obfuscated.elf)
                0x000000000000637c                sym_QWOE5H22ZADGJX5JSROW7BOI32Z6PPEEJCISNOQ
 .text          0x00000000000065cc      0x284 C:/ncs/v3.0.1/nrfxlib/mpsl/lib/nrf52/soft-float/libmpsl.a(libmpsl_debug_soft__obfuscated.elf)
                0x00000000000065cc                sym_DQFOGVCNU4NTOMWSL3IYDNCMIXT2LT7SZHL5IHI
 .text          0x0000000000006850       0x24 C:/ncs/v3.0.1/nrfxlib/mpsl/lib/nrf52/soft-float/libmpsl.a(libmpsl_debug_soft__obfuscated.elf)
 .text          0x0000000000006874       0x30 C:/ncs/v3.0.1/nrfxlib/mpsl/lib/nrf52/soft-float/libmpsl.a(libmpsl_debug_soft__obfuscated.elf)
 .text          0x00000000000068a4       0x30 C:/ncs/v3.0.1/nrfxlib/mpsl/lib/nrf52/soft-float/libmpsl.a(libmpsl_debug_soft__obfuscated.elf)
 .text          0x00000000000068d4       0x2c C:/ncs/v3.0.1/nrfxlib/mpsl/lib/nrf52/soft-float/libmpsl.a(libmpsl_debug_soft__obfuscated.elf)
 .text          0x0000000000006900       0x78 C:/ncs/v3.0.1/nrfxlib/mpsl/lib/nrf52/soft-float/libmpsl.a(libmpsl_debug_soft__obfuscated.elf)
                0x0000000000006900                mpsl_init
 .text          0x0000000000006978       0x14 C:/ncs/v3.0.1/nrfxlib/mpsl/lib/nrf52/soft-float/libmpsl.a(libmpsl_debug_soft__obfuscated.elf)
                0x0000000000006978                sym_4JLKMM32SOXCP6XBYAWZDUIMUJIYXLKKDBOFLHI
 .text          0x000000000000698c       0x58 C:/ncs/v3.0.1/nrfxlib/mpsl/lib/nrf52/soft-float/libmpsl.a(libmpsl_debug_soft__obfuscated.elf)
                0x000000000000698c                sym_S2UAPMFVIQXDUOA6CV7GJMB33TYHEUH5D6LHO5Q
 .text          0x00000000000069e4       0x28 C:/ncs/v3.0.1/nrfxlib/mpsl/lib/nrf52/soft-float/libmpsl.a(libmpsl_debug_soft__obfuscated.elf)
                0x00000000000069e4                sym_XR32KBBIVYD5OVRJM2RBQ57EGCCM2C3F5IY6OHQ
 .text          0x0000000000006a0c        0xc C:/ncs/v3.0.1/nrfxlib/mpsl/lib/nrf52/soft-float/libmpsl.a(libmpsl_debug_soft__obfuscated.elf)
                0x0000000000006a0c                mpsl_is_initialized
 .text          0x0000000000006a18       0xdc C:/ncs/v3.0.1/nrfxlib/mpsl/lib/nrf52/soft-float/libmpsl.a(libmpsl_debug_soft__obfuscated.elf)
 .text          0x0000000000006af4      0x184 C:/ncs/v3.0.1/nrfxlib/mpsl/lib/nrf52/soft-float/libmpsl.a(libmpsl_debug_soft__obfuscated.elf)
                0x0000000000006af4                sym_KRTSAGE6UQEKIDTX7YT7JTDHPIQDYPJEPVEBI7Y
 .text          0x0000000000006c78       0x14 C:/ncs/v3.0.1/nrfxlib/mpsl/lib/nrf52/soft-float/libmpsl.a(libmpsl_debug_soft__obfuscated.elf)
                0x0000000000006c78                mpsl_ecb_block_encrypt_extended
 .text          0x0000000000006c8c       0x7c C:/ncs/v3.0.1/nrfxlib/mpsl/lib/nrf52/soft-float/libmpsl.a(libmpsl_debug_soft__obfuscated.elf)
                0x0000000000006c8c                mpsl_temperature_get
 .text          0x0000000000006d08       0x38 C:/ncs/v3.0.1/nrfxlib/mpsl/lib/nrf52/soft-float/libmpsl.a(libmpsl_debug_soft__obfuscated.elf)
                0x0000000000006d08                sym_W7ROFHNOSDKPIRUKDGIZZ5YR3MC3DAM2YLJOUIA
 .text          0x0000000000006d40       0x20 C:/ncs/v3.0.1/nrfxlib/mpsl/lib/nrf52/soft-float/libmpsl.a(libmpsl_debug_soft__obfuscated.elf)
                0x0000000000006d40                sym_BJJ4JJDCVJTQH3OQZK6RMMOLISQZEJEZ3BJOKJY
 .text          0x0000000000006d60       0x38 C:/ncs/v3.0.1/nrfxlib/mpsl/lib/nrf52/soft-float/libmpsl.a(libmpsl_debug_soft__obfuscated.elf)
                0x0000000000006d60                sym_GURZ3AH6X65RGSKYMYNWZVP6HM56LA5MRAQWT6Q
 .text          0x0000000000006d98       0x50 C:/ncs/v3.0.1/nrfxlib/mpsl/lib/nrf52/soft-float/libmpsl.a(libmpsl_debug_soft__obfuscated.elf)
                0x0000000000006d98                sym_VWGRUQT3LYZHLYS5KJ7UOCJEHLDJTWH4RVJBGKQ
 .text          0x0000000000006de8       0x18 C:/ncs/v3.0.1/nrfxlib/mpsl/lib/nrf52/soft-float/libmpsl.a(libmpsl_debug_soft__obfuscated.elf)
                0x0000000000006de8                sym_CG4RHEKAJT5SDDAMNZDGCGOIJ7U3JN5EOJ5RYKA
 .text          0x0000000000006e00       0x14 C:/ncs/v3.0.1/nrfxlib/mpsl/lib/nrf52/soft-float/libmpsl.a(libmpsl_debug_soft__obfuscated.elf)
                0x0000000000006e00                sym_BN6ZO2NBHRGKZ2NRQYWFBXVGKNG6Y5K55UNAWGA
 .text          0x0000000000006e14       0x14 C:/ncs/v3.0.1/nrfxlib/mpsl/lib/nrf52/soft-float/libmpsl.a(libmpsl_debug_soft__obfuscated.elf)
                0x0000000000006e14                sym_5EMXP3L6SPQSCAJKKRH62ZOKJCCSKLI3WEX2WHY
 .text          0x0000000000006e28       0x14 C:/ncs/v3.0.1/nrfxlib/mpsl/lib/nrf52/soft-float/libmpsl.a(libmpsl_debug_soft__obfuscated.elf)
                0x0000000000006e28                sym_H2QJCU2ORTYAFBAQQ2FHUYIAZO4HCXEKCQ4SS2Q
 .text          0x0000000000006e3c       0x14 C:/ncs/v3.0.1/nrfxlib/mpsl/lib/nrf52/soft-float/libmpsl.a(libmpsl_debug_soft__obfuscated.elf)
                0x0000000000006e3c                sym_SWIBDSDMHUYNCG5ZWLB52J7NETJIUBPCO5IIQFA
 .text          0x0000000000006e50       0x18 C:/ncs/v3.0.1/nrfxlib/mpsl/lib/nrf52/soft-float/libmpsl.a(libmpsl_debug_soft__obfuscated.elf)
                0x0000000000006e50                sym_QPP3IZFSWHUV4JQ6ODMIVIARPB4PQYUFESV7BRQ
 .text          0x0000000000006e68       0x14 C:/ncs/v3.0.1/nrfxlib/mpsl/lib/nrf52/soft-float/libmpsl.a(libmpsl_debug_soft__obfuscated.elf)
                0x0000000000006e68                sym_6PVOPWDLWTXOTRZZ7LP36TLYTLPTQHNAUQNFHEA
 .text          0x0000000000006e7c       0x14 C:/ncs/v3.0.1/nrfxlib/mpsl/lib/nrf52/soft-float/libmpsl.a(libmpsl_debug_soft__obfuscated.elf)
                0x0000000000006e7c                sym_USR4MDT6VMTQLOGKNN4MALBZ3GJPD2KOEY4HFAQ
 .text          0x0000000000006e90       0x18 C:/ncs/v3.0.1/nrfxlib/mpsl/lib/nrf52/soft-float/libmpsl.a(libmpsl_debug_soft__obfuscated.elf)
                0x0000000000006e90                sym_NQG4U7UYIQILZLC5ENYCA4NQMQM6PBAZC345PPA
 .text          0x0000000000006ea8       0x20 C:/ncs/v3.0.1/nrfxlib/mpsl/lib/nrf52/soft-float/libmpsl.a(libmpsl_debug_soft__obfuscated.elf)
                0x0000000000006ea8                sym_YNH6KDZL2GMJ2KPUX5DEER63BRE7IOGBY3KCQAQ
 .text          0x0000000000006ec8       0x20 C:/ncs/v3.0.1/nrfxlib/mpsl/lib/nrf52/soft-float/libmpsl.a(libmpsl_debug_soft__obfuscated.elf)
                0x0000000000006ec8                sym_6AONFMPWPBAZBMQ4KY5PX7QPX2FM4UPZQRFPZSQ
 .text          0x0000000000006ee8       0x34 C:/ncs/v3.0.1/nrfxlib/mpsl/lib/nrf52/soft-float/libmpsl.a(libmpsl_debug_soft__obfuscated.elf)
                0x0000000000006ee8                sym_4WL3TG4Q7RCTFEMPQ2CQTOL4PAKUULDPJUM5DTY
 .text          0x0000000000006f1c       0x54 C:/ncs/v3.0.1/nrfxlib/mpsl/lib/nrf52/soft-float/libmpsl.a(libmpsl_debug_soft__obfuscated.elf)
 .text          0x0000000000006f70       0x88 C:/ncs/v3.0.1/nrfxlib/mpsl/lib/nrf52/soft-float/libmpsl.a(libmpsl_debug_soft__obfuscated.elf)
                0x0000000000006f70                sym_2FGI6PRNKAQGGACVKJNWC6EWB4C4ZZYUSEGOPOI
 .text          0x0000000000006ff8       0xb0 C:/ncs/v3.0.1/nrfxlib/mpsl/lib/nrf52/soft-float/libmpsl.a(libmpsl_debug_soft__obfuscated.elf)
                0x0000000000006ff8                sym_R66O3ZG7PAFXV56YPWXD7FGU6UB3QYBQIHK33BQ
 .text          0x00000000000070a8       0x8c C:/ncs/v3.0.1/nrfxlib/mpsl/lib/nrf52/soft-float/libmpsl.a(libmpsl_debug_soft__obfuscated.elf)
                0x00000000000070a8                sym_525JLJ5JEQ6FEZGTSIW74UTOCUZ2F4YECMQ6KVQ
 .text          0x0000000000007134       0xd8 C:/ncs/v3.0.1/nrfxlib/mpsl/lib/nrf52/soft-float/libmpsl.a(libmpsl_debug_soft__obfuscated.elf)
                0x0000000000007134                sym_VSILKYHVQ5DVF6LG5MG267DQVA3A2XZQ6FSCLXA
 .text          0x000000000000720c      0x154 C:/ncs/v3.0.1/nrfxlib/mpsl/lib/nrf52/soft-float/libmpsl.a(libmpsl_debug_soft__obfuscated.elf)
                0x000000000000720c                sym_DQONLUECJTIEYFOFJXXAPJO4POIAJKJNKBGVN5A
 .text          0x0000000000007360       0x30 c:/ncs/toolchains/0b393f9e1b/opt/zephyr-sdk/arm-zephyr-eabi/bin/../lib/gcc/arm-zephyr-eabi/12.2.0/thumb/v7e-m/nofp\libgcc.a(_aeabi_uldivmod.o)
                0x0000000000007360                __aeabi_uldivmod
 .text          0x0000000000007390        0x4 c:/ncs/toolchains/0b393f9e1b/opt/zephyr-sdk/arm-zephyr-eabi/bin/../lib/gcc/arm-zephyr-eabi/12.2.0/thumb/v7e-m/nofp\libgcc.a(_dvmd_tls.o)
                0x0000000000007390                __aeabi_idiv0
                0x0000000000007390                __aeabi_ldiv0
 .text          0x0000000000007394       0x5e C:/ncs/v3.0.1/nrfxlib/softdevice_controller/lib/nrf52/soft-float/libsoftdevice_controller_peripheral.a(libsoftdevice_controller_s112_debug_soft__obfuscated.elf)
                0x0000000000007394                sym_CNH7SD2WCGFAHI2ANQOF3HHV2F3WYQDABEB6D2I
 .text          0x00000000000073f2       0x6c C:/ncs/v3.0.1/nrfxlib/softdevice_controller/lib/nrf52/soft-float/libsoftdevice_controller_peripheral.a(libsoftdevice_controller_s112_debug_soft__obfuscated.elf)
                0x00000000000073f2                sym_XBPRCWTRXORTYBBILZLCEINUIX4S5BJ5RTZD2RY
 .text          0x000000000000745e      0x24c C:/ncs/v3.0.1/nrfxlib/softdevice_controller/lib/nrf52/soft-float/libsoftdevice_controller_peripheral.a(libsoftdevice_controller_s112_debug_soft__obfuscated.elf)
                0x000000000000745e                sym_XMQQMVD4MD6DRWNW2DWSCGOMJHFY3IX7NXUHTGI
 .text          0x00000000000076aa       0x20 C:/ncs/v3.0.1/nrfxlib/softdevice_controller/lib/nrf52/soft-float/libsoftdevice_controller_peripheral.a(libsoftdevice_controller_s112_debug_soft__obfuscated.elf)
                0x00000000000076aa                sdc_hci_get
 .text          0x00000000000076ca        0xa C:/ncs/v3.0.1/nrfxlib/softdevice_controller/lib/nrf52/soft-float/libsoftdevice_controller_peripheral.a(libsoftdevice_controller_s112_debug_soft__obfuscated.elf)
                0x00000000000076ca                sdc_hci_cmd_cb_set_event_mask
 .text          0x00000000000076d4       0x36 C:/ncs/v3.0.1/nrfxlib/softdevice_controller/lib/nrf52/soft-float/libsoftdevice_controller_peripheral.a(libsoftdevice_controller_s112_debug_soft__obfuscated.elf)
                0x00000000000076d4                sdc_hci_cmd_vs_zephyr_read_version_info
 .text          0x000000000000770a        0x4 C:/ncs/v3.0.1/nrfxlib/softdevice_controller/lib/nrf52/soft-float/libsoftdevice_controller_peripheral.a(libsoftdevice_controller_s112_debug_soft__obfuscated.elf)
                0x000000000000770a                sdc_hci_cmd_vs_zephyr_write_bd_addr
 .text          0x000000000000770e       0x48 C:/ncs/v3.0.1/nrfxlib/softdevice_controller/lib/nrf52/soft-float/libsoftdevice_controller_peripheral.a(libsoftdevice_controller_s112_debug_soft__obfuscated.elf)
                0x000000000000770e                sdc_hci_cmd_vs_zephyr_read_static_addresses
 .text          0x0000000000007756       0x3a C:/ncs/v3.0.1/nrfxlib/softdevice_controller/lib/nrf52/soft-float/libsoftdevice_controller_peripheral.a(libsoftdevice_controller_s112_debug_soft__obfuscated.elf)
                0x0000000000007756                sdc_hci_cmd_vs_zephyr_read_key_hierarchy_roots
 .text          0x0000000000007790       0x2c C:/ncs/v3.0.1/nrfxlib/softdevice_controller/lib/nrf52/soft-float/libsoftdevice_controller_peripheral.a(libsoftdevice_controller_s112_debug_soft__obfuscated.elf)
                0x0000000000007790                sdc_hci_cmd_vs_zephyr_read_chip_temp
 .text          0x00000000000077bc        0x4 C:/ncs/v3.0.1/nrfxlib/softdevice_controller/lib/nrf52/soft-float/libsoftdevice_controller_peripheral.a(libsoftdevice_controller_s112_debug_soft__obfuscated.elf)
                0x00000000000077bc                sdc_hci_cmd_vs_conn_update
 .text          0x00000000000077c0        0x4 C:/ncs/v3.0.1/nrfxlib/softdevice_controller/lib/nrf52/soft-float/libsoftdevice_controller_peripheral.a(libsoftdevice_controller_s112_debug_soft__obfuscated.elf)
                0x00000000000077c0                sdc_hci_cmd_vs_conn_event_extend
 .text          0x00000000000077c4        0xc C:/ncs/v3.0.1/nrfxlib/softdevice_controller/lib/nrf52/soft-float/libsoftdevice_controller_peripheral.a(libsoftdevice_controller_s112_debug_soft__obfuscated.elf)
                0x00000000000077c4                sdc_hci_cmd_vs_qos_conn_event_report_enable
 .text          0x00000000000077d0        0x4 C:/ncs/v3.0.1/nrfxlib/softdevice_controller/lib/nrf52/soft-float/libsoftdevice_controller_peripheral.a(libsoftdevice_controller_s112_debug_soft__obfuscated.elf)
                0x00000000000077d0                sdc_hci_cmd_vs_event_length_set
 .text          0x00000000000077d4        0x4 C:/ncs/v3.0.1/nrfxlib/softdevice_controller/lib/nrf52/soft-float/libsoftdevice_controller_peripheral.a(libsoftdevice_controller_s112_debug_soft__obfuscated.elf)
                0x00000000000077d4                sdc_hci_cmd_vs_set_adv_randomness
 .text          0x00000000000077d8        0x4 C:/ncs/v3.0.1/nrfxlib/softdevice_controller/lib/nrf52/soft-float/libsoftdevice_controller_peripheral.a(libsoftdevice_controller_s112_debug_soft__obfuscated.elf)
                0x00000000000077d8                sdc_hci_cmd_vs_set_role_priority
 .text          0x00000000000077dc        0x4 C:/ncs/v3.0.1/nrfxlib/softdevice_controller/lib/nrf52/soft-float/libsoftdevice_controller_peripheral.a(libsoftdevice_controller_s112_debug_soft__obfuscated.elf)
                0x00000000000077dc                sdc_hci_cmd_ip_read_local_version_information
 .text          0x00000000000077e0        0x4 C:/ncs/v3.0.1/nrfxlib/softdevice_controller/lib/nrf52/soft-float/libsoftdevice_controller_peripheral.a(libsoftdevice_controller_s112_debug_soft__obfuscated.elf)
                0x00000000000077e0                sdc_hci_cmd_ip_read_bd_addr
 .text          0x00000000000077e4        0xa C:/ncs/v3.0.1/nrfxlib/softdevice_controller/lib/nrf52/soft-float/libsoftdevice_controller_peripheral.a(libsoftdevice_controller_s112_debug_soft__obfuscated.elf)
                0x00000000000077e4                sdc_hci_cmd_le_set_event_mask
 .text          0x00000000000077ee        0x4 C:/ncs/v3.0.1/nrfxlib/softdevice_controller/lib/nrf52/soft-float/libsoftdevice_controller_peripheral.a(libsoftdevice_controller_s112_debug_soft__obfuscated.elf)
                0x00000000000077ee                sdc_hci_cmd_le_read_buffer_size
 .text          0x00000000000077f2        0x4 C:/ncs/v3.0.1/nrfxlib/softdevice_controller/lib/nrf52/soft-float/libsoftdevice_controller_peripheral.a(libsoftdevice_controller_s112_debug_soft__obfuscated.elf)
                0x00000000000077f2                sdc_hci_cmd_le_set_random_address
 .text          0x00000000000077f6        0x4 C:/ncs/v3.0.1/nrfxlib/softdevice_controller/lib/nrf52/soft-float/libsoftdevice_controller_peripheral.a(libsoftdevice_controller_s112_debug_soft__obfuscated.elf)
                0x00000000000077f6                sdc_hci_cmd_le_set_adv_params
 .text          0x00000000000077fa        0x4 C:/ncs/v3.0.1/nrfxlib/softdevice_controller/lib/nrf52/soft-float/libsoftdevice_controller_peripheral.a(libsoftdevice_controller_s112_debug_soft__obfuscated.elf)
                0x00000000000077fa                sdc_hci_cmd_le_read_adv_physical_channel_tx_power
 .text          0x00000000000077fe        0x4 C:/ncs/v3.0.1/nrfxlib/softdevice_controller/lib/nrf52/soft-float/libsoftdevice_controller_peripheral.a(libsoftdevice_controller_s112_debug_soft__obfuscated.elf)
                0x00000000000077fe                sdc_hci_cmd_le_set_adv_data
 .text          0x0000000000007802        0x4 C:/ncs/v3.0.1/nrfxlib/softdevice_controller/lib/nrf52/soft-float/libsoftdevice_controller_peripheral.a(libsoftdevice_controller_s112_debug_soft__obfuscated.elf)
                0x0000000000007802                sdc_hci_cmd_le_set_scan_response_data
 .text          0x0000000000007806        0x4 C:/ncs/v3.0.1/nrfxlib/softdevice_controller/lib/nrf52/soft-float/libsoftdevice_controller_peripheral.a(libsoftdevice_controller_s112_debug_soft__obfuscated.elf)
                0x0000000000007806                sdc_hci_cmd_le_set_adv_enable
 .text          0x000000000000780a        0x4 C:/ncs/v3.0.1/nrfxlib/softdevice_controller/lib/nrf52/soft-float/libsoftdevice_controller_peripheral.a(libsoftdevice_controller_s112_debug_soft__obfuscated.elf)
                0x000000000000780a                sdc_hci_cmd_le_read_filter_accept_list_size
 .text          0x000000000000780e        0x4 C:/ncs/v3.0.1/nrfxlib/softdevice_controller/lib/nrf52/soft-float/libsoftdevice_controller_peripheral.a(libsoftdevice_controller_s112_debug_soft__obfuscated.elf)
                0x000000000000780e                sdc_hci_cmd_le_clear_filter_accept_list
 .text          0x0000000000007812        0x4 C:/ncs/v3.0.1/nrfxlib/softdevice_controller/lib/nrf52/soft-float/libsoftdevice_controller_peripheral.a(libsoftdevice_controller_s112_debug_soft__obfuscated.elf)
                0x0000000000007812                sdc_hci_cmd_le_add_device_to_filter_accept_list
 .text          0x0000000000007816        0x4 C:/ncs/v3.0.1/nrfxlib/softdevice_controller/lib/nrf52/soft-float/libsoftdevice_controller_peripheral.a(libsoftdevice_controller_s112_debug_soft__obfuscated.elf)
                0x0000000000007816                sdc_hci_cmd_le_remove_device_from_filter_accept_list
 .text          0x000000000000781a        0x4 C:/ncs/v3.0.1/nrfxlib/softdevice_controller/lib/nrf52/soft-float/libsoftdevice_controller_peripheral.a(libsoftdevice_controller_s112_debug_soft__obfuscated.elf)
                0x000000000000781a                sdc_hci_cmd_le_encrypt
 .text          0x000000000000781e        0x4 C:/ncs/v3.0.1/nrfxlib/softdevice_controller/lib/nrf52/soft-float/libsoftdevice_controller_peripheral.a(libsoftdevice_controller_s112_debug_soft__obfuscated.elf)
                0x000000000000781e                sdc_hci_cmd_le_rand
 .text          0x0000000000007822        0x8 C:/ncs/v3.0.1/nrfxlib/softdevice_controller/lib/nrf52/soft-float/libsoftdevice_controller_peripheral.a(libsoftdevice_controller_s112_debug_soft__obfuscated.elf)
                0x0000000000007822                sdc_hci_cmd_le_long_term_key_request_negative_reply
 .text          0x000000000000782a        0x4 C:/ncs/v3.0.1/nrfxlib/softdevice_controller/lib/nrf52/soft-float/libsoftdevice_controller_peripheral.a(libsoftdevice_controller_s112_debug_soft__obfuscated.elf)
                0x000000000000782a                sdc_hci_cmd_le_read_transmit_power
 .text          0x000000000000782e        0x4 C:/ncs/v3.0.1/nrfxlib/softdevice_controller/lib/nrf52/soft-float/libsoftdevice_controller_peripheral.a(libsoftdevice_controller_s112_debug_soft__obfuscated.elf)
                0x000000000000782e                sdc_hci_cmd_le_set_data_related_address_changes
 .text          0x0000000000007832       0x42 C:/ncs/v3.0.1/nrfxlib/softdevice_controller/lib/nrf52/soft-float/libsoftdevice_controller_peripheral.a(libsoftdevice_controller_s112_debug_soft__obfuscated.elf)
                0x0000000000007832                sym_A7PVZLRTORLFMETW3GOBE4DG32WTH46LP2SW5QQ
 .text          0x0000000000007874       0x26 C:/ncs/v3.0.1/nrfxlib/softdevice_controller/lib/nrf52/soft-float/libsoftdevice_controller_peripheral.a(libsoftdevice_controller_s112_debug_soft__obfuscated.elf)