Archive member included to satisfy reference by file (symbol)

app/libapp.a(main.c.obj)      (--whole-archive)
app/libapp.a(bma400.c.obj)    (--whole-archive)
app/libapp.a(arm_nn_activation_s16.c.obj)
                              (--whole-archive)
app/libapp.a(arm_relu6_s8.c.obj)
                              (--whole-archive)
app/libapp.a(arm_relu_q15.c.obj)
                              (--whole-archive)
app/libapp.a(arm_relu_q7.c.obj)
                              (--whole-archive)
app/libapp.a(arm_elementwise_add_s16.c.obj)
                              (--whole-archive)
app/libapp.a(arm_elementwise_add_s8.c.obj)
                              (--whole-archive)
app/libapp.a(arm_elementwise_mul_acc_s16.c.obj)
                              (--whole-archive)
app/libapp.a(arm_elementwise_mul_s16.c.obj)
                              (--whole-archive)
app/libapp.a(arm_elementwise_mul_s16_batch_offset.c.obj)
                              (--whole-archive)
app/libapp.a(arm_elementwise_mul_s16_s8.c.obj)
                              (--whole-archive)
app/libapp.a(arm_elementwise_mul_s8.c.obj)
                              (--whole-archive)
app/libapp.a(arm_maximum_s8.c.obj)
                              (--whole-archive)
app/libapp.a(arm_minimum_s8.c.obj)
                              (--whole-archive)
app/libapp.a(arm_concatenation_s8_w.c.obj)
                              (--whole-archive)
app/libapp.a(arm_concatenation_s8_x.c.obj)
                              (--whole-archive)
app/libapp.a(arm_concatenation_s8_y.c.obj)
                              (--whole-archive)
app/libapp.a(arm_concatenation_s8_z.c.obj)
                              (--whole-archive)
app/libapp.a(arm_convolve_1_x_n_s4.c.obj)
                              (--whole-archive)
app/libapp.a(arm_convolve_1_x_n_s8.c.obj)
                              (--whole-archive)
app/libapp.a(arm_convolve_1x1_s4.c.obj)
                              (--whole-archive)
app/libapp.a(arm_convolve_1x1_s4_fast.c.obj)
                              (--whole-archive)
app/libapp.a(arm_convolve_1x1_s8.c.obj)
                              (--whole-archive)
app/libapp.a(arm_convolve_1x1_s8_fast.c.obj)
                              (--whole-archive)
app/libapp.a(arm_convolve_even_s4.c.obj)
                              (--whole-archive)
app/libapp.a(arm_convolve_get_buffer_sizes_s16.c.obj)
                              (--whole-archive)
app/libapp.a(arm_convolve_get_buffer_sizes_s4.c.obj)
                              (--whole-archive)
app/libapp.a(arm_convolve_get_buffer_sizes_s8.c.obj)
                              (--whole-archive)
app/libapp.a(arm_convolve_s16.c.obj)
                              (--whole-archive)
app/libapp.a(arm_convolve_s4.c.obj)
                              (--whole-archive)
app/libapp.a(arm_convolve_s8.c.obj)
                              (--whole-archive)
app/libapp.a(arm_convolve_wrapper_s16.c.obj)
                              (--whole-archive)
app/libapp.a(arm_convolve_wrapper_s4.c.obj)
                              (--whole-archive)
app/libapp.a(arm_convolve_wrapper_s8.c.obj)
                              (--whole-archive)
app/libapp.a(arm_depthwise_conv_3x3_s8.c.obj)
                              (--whole-archive)
app/libapp.a(arm_depthwise_conv_fast_s16.c.obj)
                              (--whole-archive)
app/libapp.a(arm_depthwise_conv_get_buffer_sizes_s16.c.obj)
                              (--whole-archive)
app/libapp.a(arm_depthwise_conv_get_buffer_sizes_s4.c.obj)
                              (--whole-archive)
app/libapp.a(arm_depthwise_conv_get_buffer_sizes_s8.c.obj)
                              (--whole-archive)
app/libapp.a(arm_depthwise_conv_s16.c.obj)
                              (--whole-archive)
app/libapp.a(arm_depthwise_conv_s4.c.obj)
                              (--whole-archive)
app/libapp.a(arm_depthwise_conv_s4_opt.c.obj)
                              (--whole-archive)
app/libapp.a(arm_depthwise_conv_s8.c.obj)
                              (--whole-archive)
app/libapp.a(arm_depthwise_conv_s8_opt.c.obj)
                              (--whole-archive)
app/libapp.a(arm_depthwise_conv_wrapper_s16.c.obj)
                              (--whole-archive)
app/libapp.a(arm_depthwise_conv_wrapper_s4.c.obj)
                              (--whole-archive)
app/libapp.a(arm_depthwise_conv_wrapper_s8.c.obj)
                              (--whole-archive)
app/libapp.a(arm_nn_depthwise_conv_s8_core.c.obj)
                              (--whole-archive)
app/libapp.a(arm_nn_mat_mult_kernel_row_offset_s8_s16.c.obj)
                              (--whole-archive)
app/libapp.a(arm_nn_mat_mult_kernel_s16.c.obj)
                              (--whole-archive)
app/libapp.a(arm_nn_mat_mult_kernel_s4_s16.c.obj)
                              (--whole-archive)
app/libapp.a(arm_nn_mat_mult_kernel_s8_s16.c.obj)
                              (--whole-archive)
app/libapp.a(arm_nn_mat_mult_s8.c.obj)
                              (--whole-archive)
[...]
Memory Configuration

Name             Origin             Length             Attributes
FLASH            0x0000000000000000 0x0000000000080000 xr
RAM              0x0000000020000000 0x0000000000010000 xw
IDT_LIST         0x00000000ffff7fff 0x0000000000008000 xw
*default*        0x0000000000000000 0xffffffffffffffff

Linker script and memory map

                0x0000000000005f4c                vfprintf = __l_vfprintf
                0x0000000000000000                vfscanf = __l_vfscanf
LOAD zephyr/CMakeFiles/zephyr_pre0.dir/misc/empty_file.c.obj
LOAD zephyr/CMakeFiles/offsets.dir/./arch/arm/core/offsets/offsets.c.obj
LOAD app/libapp.a
LOAD zephyr/libzephyr.a
LOAD zephyr/arch/common/libarch__common.a
LOAD zephyr/arch/arch/arm/core/libarch__arm__core.a
LOAD zephyr/arch/arch/arm/core/cortex_m/libarch__arm__core__cortex_m.a
LOAD zephyr/arch/arch/arm/core/mpu/libarch__arm__core__mpu.a
LOAD zephyr/lib/libc/picolibc/liblib__libc__picolibc.a
LOAD zephyr/lib/libc/common/liblib__libc__common.a
LOAD zephyr/soc/soc/nrf52832/libsoc__nordic.a
LOAD zephyr/drivers/clock_control/libdrivers__clock_control.a
LOAD zephyr/drivers/gpio/libdrivers__gpio.a
LOAD zephyr/drivers/pinctrl/libdrivers__pinctrl.a
LOAD zephyr/drivers/spi/libdrivers__spi.a
LOAD zephyr/drivers/timer/libdrivers__timer.a
LOAD modules/hal_nordic/modules/hal_nordic/nrfx/libmodules__hal_nordic__nrfx.a
LOAD modules/segger/libmodules__segger.a
LOAD zephyr/kernel/libkernel.a
LOAD zephyr/arch/common/libisr_tables.a
LOAD c:\ncs\toolchains\0b393f9e1b\opt\zephyr-sdk\arm-zephyr-eabi\bin\../lib/gcc/../../picolibc/arm-zephyr-eabi/lib/thumb/v7e-m/nofp\libc.a
LOAD c:/ncs/toolchains/0b393f9e1b/opt/zephyr-sdk/arm-zephyr-eabi/bin/../lib/gcc/arm-zephyr-eabi/12.2.0/thumb/v7e-m/nofp\libgcc.a
                0x0000000000000020                _region_min_align = 0x20

.rel.plt        0x0000000000000000        0x0
 *(SORT_BY_ALIGNMENT(.rel.plt))
                [!provide]                        PROVIDE (__rel_iplt_start = .)
 *(SORT_BY_ALIGNMENT(.rel.iplt))
 .rel.iplt      0x0000000000000000        0x0 app/libapp.a(main.c.obj)
                [!provide]                        PROVIDE (__rel_iplt_end = .)

.rela.plt       0x0000000000000000        0x0
 *(SORT_BY_ALIGNMENT(.rela.plt))
                [!provide]                        PROVIDE (__rela_iplt_start = .)
 *(SORT_BY_ALIGNMENT(.rela.iplt))
                [!provide]                        PROVIDE (__rela_iplt_end = .)

.rel.dyn
 *(SORT_BY_ALIGNMENT(.rel.*))

.rela.dyn
 *(SORT_BY_ALIGNMENT(.rela.*))

/DISCARD/
 *(SORT_BY_ALIGNMENT(.plt))

/DISCARD/
 *(SORT_BY_ALIGNMENT(.iplt))
                0x0000000000000000                __rom_region_start = 0x0

rom_start       0x0000000000000000       0xdc
                0x0000000000000000                __rom_start_address = .
 FILL mask 0x00
                0x0000000000000000                . = (. + (0x0 - (. - __rom_start_address)))
                0x0000000000000000                . = ALIGN (0x4)
                0x0000000000000000                . = ALIGN (0x80)
                0x0000000000000000                . = ALIGN (0x100)
                0x0000000000000000                _vector_start = .
 *(SORT_BY_ALIGNMENT(.exc_vector_table))
 *(SORT_BY_ALIGNMENT(.exc_vector_table.*))
 .exc_vector_table._vector_table_section
                0x0000000000000000       0x40 zephyr/arch/arch/arm/core/cortex_m/libarch__arm__core__cortex_m.a(vector_table.S.obj)
                0x0000000000000000                _vector_table
 *(SORT_BY_ALIGNMENT(.vectors))
                0x00000000000000dc                _vector_end = .
                0x0000000000000040                . = ALIGN (0x4)
 *(SORT_BY_ALIGNMENT(.gnu.linkonce.irq_vector_table*))
 .gnu.linkonce.irq_vector_table
                0x0000000000000040       0x9c zephyr/arch/common/libisr_tables.a(isr_tables.c.obj)
                0x0000000000000040                _irq_vector_table
                0x00000000000000dc                _vector_end = .

text            0x00000000000000dc     0x9cd0
                0x00000000000000dc                __text_region_start = .
 *(SORT_BY_ALIGNMENT(.text))
 .text          0x00000000000000dc       0x30 c:/ncs/toolchains/0b393f9e1b/opt/zephyr-sdk/arm-zephyr-eabi/bin/../lib/gcc/arm-zephyr-eabi/12.2.0/thumb/v7e-m/nofp\libgcc.a(_aeabi_uldivmod.o)
                0x00000000000000dc                __aeabi_uldivmod
 .text          0x000000000000010c        0x4 c:/ncs/toolchains/0b393f9e1b/opt/zephyr-sdk/arm-zephyr-eabi/bin/../lib/gcc/arm-zephyr-eabi/12.2.0/thumb/v7e-m/nofp\libgcc.a(_dvmd_tls.o)
                0x000000000000010c                __aeabi_idiv0
                0x000000000000010c                __aeabi_ldiv0
 .text          0x0000000000000110       0x10 c:\ncs\toolchains\0b393f9e1b\opt\zephyr-sdk\arm-zephyr-eabi\bin\../lib/gcc/../../picolibc/arm-zephyr-eabi/lib/thumb/v7e-m/nofp\libc.a(strlen.S.o)
                0x0000000000000110                strlen
 .text          0x0000000000000120      0x2a0 c:/ncs/toolchains/0b393f9e1b/opt/zephyr-sdk/arm-zephyr-eabi/bin/../lib/gcc/arm-zephyr-eabi/12.2.0/thumb/v7e-m/nofp\libgcc.a(_udivmoddi4.o)
                0x0000000000000120                __udivmoddi4
 *(SORT_BY_ALIGNMENT(.text.*))
 .text.z_impl_gpio_pin_interrupt_configure
                0x00000000000003c0       0x34 app/libapp.a(main.c.obj)
 .text.bma_int_handler
                0x00000000000003f4       0x10 app/libapp.a(main.c.obj)
                0x00000000000003f4                bma_int_handler
 .text.thread_read_bma400
                0x0000000000000404       0x8c app/libapp.a(main.c.obj)
                0x0000000000000404                thread_read_bma400
 .text.read_reg_spi
                0x0000000000000490       0x84 app/libapp.a(main.c.obj)
                0x0000000000000490                read_reg_spi
 .text.write_reg_spi
                0x0000000000000514       0x58 app/libapp.a(main.c.obj)
                0x0000000000000514                write_reg_spi
 .text.init_read_lp
                0x000000000000056c       0x54 app/libapp.a(main.c.obj)
                0x000000000000056c                init_read_lp
 .text.main     0x00000000000005c0       0xb0 app/libapp.a(main.c.obj)
                0x00000000000005c0                main
 .text.set_accel_conf
                0x0000000000000670       0xac app/libapp.a(bma400.c.obj)
 .text.bma400_set_sensor_conf
                0x000000000000071c       0x74 app/libapp.a(bma400.c.obj)
                0x000000000000071c                bma400_set_sensor_conf
 .text.bma400_get_sensor_conf
                0x0000000000000790       0x60 app/libapp.a(bma400.c.obj)
                0x0000000000000790                bma400_get_sensor_conf
 .text.bma400_enable_interrupt
                0x00000000000007f0      0x1c4 app/libapp.a(bma400.c.obj)
                0x00000000000007f0                bma400_enable_interrupt
 .text.cbvprintf_package
                0x00000000000009b4      0x4b4 zephyr/libzephyr.a(cbprintf_packaged.c.obj)
                0x00000000000009b4                cbvprintf_package
 .text.z_thread_entry
                0x0000000000000e68       0x34 zephyr/libzephyr.a(thread_entry.c.obj)
                0x0000000000000e68                z_thread_entry
 .text.process_event
                0x0000000000000e9c      0x16c zephyr/libzephyr.a(onoff.c.obj)
 .text.msg_process
                0x0000000000001008       0x3c zephyr/libzephyr.a(log_core.c.obj)
 .text.activate_foreach_backend
                0x0000000000001044       0x64 zephyr/libzephyr.a(log_core.c.obj)
 .text.z_log_init
                0x00000000000010a8       0x98 zephyr/libzephyr.a(log_core.c.obj)
 .text.log_format_func_t_get
                0x0000000000001140        0xc zephyr/libzephyr.a(log_core.c.obj)
                0x0000000000001140                log_format_func_t_get
 .text.log_set_timestamp_func
                0x000000000000114c       0x24 zephyr/libzephyr.a(log_core.c.obj)
                0x000000000000114c                log_set_timestamp_func
 .text.log_core_init
                0x0000000000001170       0x2c zephyr/libzephyr.a(log_core.c.obj)
                0x0000000000001170                log_core_init
 .text.z_impl_log_panic
                0x000000000000119c       0x44 zephyr/libzephyr.a(log_core.c.obj)
                0x000000000000119c                z_impl_log_panic
 .text.z_log_notify_backend_enabled
                0x00000000000011e0        0xc zephyr/libzephyr.a(log_core.c.obj)
                0x00000000000011e0                z_log_notify_backend_enabled
 .text.z_log_dropped
                0x00000000000011ec       0x40 zephyr/libzephyr.a(log_core.c.obj)
                0x00000000000011ec                z_log_dropped
 .text.z_log_msg_commit
                0x000000000000122c       0x20 zephyr/libzephyr.a(log_core.c.obj)
                0x000000000000122c                z_log_msg_commit
 .text.log_src_cnt_get
                0x000000000000124c       0x14 zephyr/libzephyr.a(log_mgmt.c.obj)
                0x000000000000124c                log_src_cnt_get
 .text.log_source_name_get
                0x0000000000001260       0x1c zephyr/libzephyr.a(log_mgmt.c.obj)
                0x0000000000001260                log_source_name_get
 .text.log_backend_enable
                0x000000000000127c       0x2c zephyr/libzephyr.a(log_mgmt.c.obj)
                0x000000000000127c                log_backend_enable
 .text.z_log_msg_runtime_vcreate
                0x00000000000012a8       0xbc zephyr/libzephyr.a(log_msg.c.obj)
                0x00000000000012a8                z_log_msg_runtime_vcreate
 .text.log_msg_get_source_id
                0x0000000000001364       0x18 zephyr/libzephyr.a(log_msg.c.obj)
                0x0000000000001364                log_msg_get_source_id
 .text.print_formatted
                0x000000000000137c       0x24 zephyr/libzephyr.a(log_output.c.obj)
 .text.timestamp_print
                0x00000000000013a0       0x8c zephyr/libzephyr.a(log_output.c.obj)
 .text.color_print
                0x000000000000142c       0x2c zephyr/libzephyr.a(log_output.c.obj)
 .text.ids_print
                0x0000000000001458       0x70 zephyr/libzephyr.a(log_output.c.obj)
 .text.prefix_print
                0x00000000000014c8       0x88 zephyr/libzephyr.a(log_output.c.obj)
 .text.newline_print
                0x0000000000001550       0x28 zephyr/libzephyr.a(log_output.c.obj)
 .text.hexdump_line_print
                0x0000000000001578       0xc4 zephyr/libzephyr.a(log_output.c.obj)
 .text.log_output_process
                0x000000000000163c       0x88 zephyr/libzephyr.a(log_output.c.obj)
                0x000000000000163c                log_output_process
 .text.log_output_timestamp_freq_set
                0x00000000000016c4       0x2c zephyr/libzephyr.a(log_output.c.obj)
                0x00000000000016c4                log_output_timestamp_freq_set
 .text.log_backend_rtt_init
                0x00000000000016f0       0x1c zephyr/libzephyr.a(log_backend_rtt.c.obj)
 .text.panic    0x000000000000170c       0x18 zephyr/libzephyr.a(log_backend_rtt.c.obj)
 .text.format_set
                0x0000000000001724        0xc zephyr/libzephyr.a(log_backend_rtt.c.obj)
 .text.on_failed_write
                0x0000000000001730       0x1c zephyr/libzephyr.a(log_backend_rtt.c.obj)
 .text.on_write
                0x000000000000174c       0x38 zephyr/libzephyr.a(log_backend_rtt.c.obj)
 .text.data_out_block_mode
                0x0000000000001784       0x4c zephyr/libzephyr.a(log_backend_rtt.c.obj)
 .text.process  0x00000000000017d0       0x20 zephyr/libzephyr.a(log_backend_rtt.c.obj)
 .text.mem_attr_get_regions
                0x00000000000017f0        0xc zephyr/libzephyr.a(mem_attr.c.obj)
                0x00000000000017f0                mem_attr_get_regions
 .text.pm_device_action_run
                0x00000000000017fc       0xa8 zephyr/libzephyr.a(device.c.obj)
                0x00000000000017fc                pm_device_action_run
 .text.runtime_suspend
                0x00000000000018a4       0xc8 zephyr/libzephyr.a(device_runtime.c.obj)
 .text.pm_device_runtime_enable
                0x000000000000196c       0xbc zephyr/libzephyr.a(device_runtime.c.obj)
                0x000000000000196c                pm_device_runtime_enable
 .text.boot_banner
                0x0000000000001a28       0x18 zephyr/libzephyr.a(banner.c.obj)
                0x0000000000001a28                boot_banner
 .text.esf_dump
                0x0000000000001a40       0x94 zephyr/arch/arch/arm/core/libarch__arm__core.a(fatal.c.obj)
 .text.z_arm_fatal_error
                0x0000000000001ad4       0x48 zephyr/arch/arch/arm/core/libarch__arm__core.a(fatal.c.obj)
                0x0000000000001ad4                z_arm_fatal_error
 .text.z_SysNmiOnReset
                0x0000000000001b1c        0x8 zephyr/arch/arch/arm/core/libarch__arm__core.a(nmi_on_reset.S.obj)
                0x0000000000001b1c                z_SysNmiOnReset
 .text.z_tls_copy
                0x0000000000001b24       0x28 zephyr/arch/arch/arm/core/libarch__arm__core.a(tls.c.obj)
 .text.arch_tls_stack_setup
                0x0000000000001b4c       0x28 zephyr/arch/arch/arm/core/libarch__arm__core.a(tls.c.obj)
                0x0000000000001b4c                arch_tls_stack_setup
 .text._HandlerModeExit
                0x0000000000001b74       0x28 zephyr/arch/arch/arm/core/cortex_m/libarch__arm__core__cortex_m.a(exc_exit.c.obj)
                0x0000000000001b74                z_arm_int_exit
                0x0000000000001b74                z_arm_exc_exit
 .text.z_arm_is_synchronous_svc
                0x0000000000001b9c       0x3c zephyr/arch/arch/arm/core/cortex_m/libarch__arm__core__cortex_m.a(fault.c.obj)
 .text.get_esf  0x0000000000001bd8       0x54 zephyr/arch/arch/arm/core/cortex_m/libarch__arm__core__cortex_m.a(fault.c.obj)
 .text.bus_fault
                0x0000000000001c2c      0x164 zephyr/arch/arch/arm/core/cortex_m/libarch__arm__core__cortex_m.a(fault.c.obj)
 .text.usage_fault
                0x0000000000001d90      0x120 zephyr/arch/arch/arm/core/cortex_m/libarch__arm__core__cortex_m.a(fault.c.obj)
 .text.debug_monitor
                0x0000000000001eb0       0x28 zephyr/arch/arch/arm/core/cortex_m/libarch__arm__core__cortex_m.a(fault.c.obj)
 .text.reserved_exception
                0x0000000000001ed8       0x40 zephyr/arch/arch/arm/core/cortex_m/libarch__arm__core__cortex_m.a(fault.c.obj)
 .text.mem_manage_fault
                0x0000000000001f18      0x194 zephyr/arch/arch/arm/core/cortex_m/libarch__arm__core__cortex_m.a(fault.c.obj)
 .text.hard_fault
                0x00000000000020ac      0x108 zephyr/arch/arch/arm/core/cortex_m/libarch__arm__core__cortex_m.a(fault.c.obj)
 .text.z_arm_fault
                0x00000000000021b4       0x88 zephyr/arch/arch/arm/core/cortex_m/libarch__arm__core__cortex_m.a(fault.c.obj)
                0x00000000000021b4                z_arm_fault
 .text.z_arm_fault_init
                0x000000000000223c       0x18 zephyr/arch/arch/arm/core/cortex_m/libarch__arm__core__cortex_m.a(fault.c.obj)
                0x000000000000223c                z_arm_fault_init
 .text.__fault  0x0000000000002254       0x14 zephyr/arch/arch/arm/core/cortex_m/libarch__arm__core__cortex_m.a(fault_s.S.obj)
                0x0000000000002254                z_arm_usage_fault
                0x0000000000002254                z_arm_mpu_fault
                0x0000000000002254                z_arm_exc_spurious
                0x0000000000002254                z_arm_debug_monitor
                0x0000000000002254                z_arm_hard_fault
                0x0000000000002254                z_arm_bus_fault
 .text._reset_section
                0x0000000000002268       0x60 zephyr/arch/arch/arm/core/cortex_m/libarch__arm__core__cortex_m.a(reset.S.obj)
                0x0000000000002268                __start
                0x0000000000002268                z_arm_reset
 .text.z_arm_clear_arm_mpu_config
                0x00000000000022c8       0x28 zephyr/arch/arch/arm/core/cortex_m/libarch__arm__core__cortex_m.a(scb.c.obj)
                0x00000000000022c8                z_arm_clear_arm_mpu_config
 .text.z_arm_init_arch_hw_at_boot
                0x00000000000022f0       0x54 zephyr/arch/arch/arm/core/cortex_m/libarch__arm__core__cortex_m.a(scb.c.obj)
                0x00000000000022f0                z_arm_init_arch_hw_at_boot
 .text.z_impl_k_thread_abort
                0x0000000000002344       0x34 zephyr/arch/arch/arm/core/cortex_m/libarch__arm__core__cortex_m.a(thread_abort.c.obj)
                0x0000000000002344                z_impl_k_thread_abort
 .text.z_arm_pendsv
                0x0000000000002378       0x68 zephyr/arch/arch/arm/core/cortex_m/libarch__arm__core__cortex_m.a(swap_helper.S.obj)
                0x0000000000002378                z_arm_pendsv
 .text.z_arm_svc
                0x00000000000023e0       0x24 zephyr/arch/arch/arm/core/cortex_m/libarch__arm__core__cortex_m.a(swap_helper.S.obj)
                0x00000000000023e0                z_arm_svc
 .text.__NVIC_EnableIRQ
                0x0000000000002404       0x1c zephyr/arch/arch/arm/core/cortex_m/libarch__arm__core__cortex_m.a(irq_manage.c.obj)
 .text.__NVIC_DisableIRQ
                0x0000000000002420       0x24 zephyr/arch/arch/arm/core/cortex_m/libarch__arm__core__cortex_m.a(irq_manage.c.obj)
 .text.__NVIC_SetPriority
                0x0000000000002444       0x28 zephyr/arch/arch/arm/core/cortex_m/libarch__arm__core__cortex_m.a(irq_manage.c.obj)
 .text.arch_irq_is_enabled
                0x000000000000246c       0x1c zephyr/arch/arch/arm/core/cortex_m/libarch__arm__core__cortex_m.a(irq_manage.c.obj)
                0x000000000000246c                arch_irq_is_enabled
 .text.z_prep_c
                0x0000000000002488       0x38 zephyr/arch/arch/arm/core/cortex_m/libarch__arm__core__cortex_m.a(prep_c.c.obj)
                0x0000000000002488                z_prep_c
 .text.arch_new_thread
                0x00000000000024c0       0x44 zephyr/arch/arch/arm/core/cortex_m/libarch__arm__core__cortex_m.a(thread.c.obj)
                0x00000000000024c0                arch_new_thread
 .text.z_check_thread_stack_fail
                0x0000000000002504       0x48 zephyr/arch/arch/arm/core/cortex_m/libarch__arm__core__cortex_m.a(thread.c.obj)
                0x0000000000002504                z_check_thread_stack_fail
 .text.arch_switch_to_main_thread
                0x000000000000254c       0x40 zephyr/arch/arch/arm/core/cortex_m/libarch__arm__core__cortex_m.a(thread.c.obj)
                0x000000000000254c                arch_switch_to_main_thread
 .text.z_arm_cpu_idle_init
                0x000000000000258c        0xc zephyr/arch/arch/arm/core/cortex_m/libarch__arm__core__cortex_m.a(cpu_idle.c.obj)
                0x000000000000258c                z_arm_cpu_idle_init
 .text.z_arm_interrupt_init
                0x0000000000002598       0x34 zephyr/arch/arch/arm/core/cortex_m/libarch__arm__core__cortex_m.a(irq_init.c.obj)
                0x0000000000002598                z_arm_interrupt_init
 .text._isr_wrapper
                0x00000000000025cc       0x20 zephyr/arch/arch/arm/core/cortex_m/libarch__arm__core__cortex_m.a(isr_wrapper.c.obj)
                0x00000000000025cc                _isr_wrapper
 .text.z_arm_configure_static_mpu_regions
                0x00000000000025ec       0x1c zephyr/arch/arch/arm/core/mpu/libarch__arm__core__mpu.a(arm_core_mpu.c.obj)
                0x00000000000025ec                z_arm_configure_static_mpu_regions
 .text.z_arm_configure_dynamic_mpu_regions
                0x0000000000002608       0x24 zephyr/arch/arch/arm/core/mpu/libarch__arm__core__mpu.a(arm_core_mpu.c.obj)
                0x0000000000002608                z_arm_configure_dynamic_mpu_regions
 .text.region_init
                0x000000000000262c       0x28 zephyr/arch/arch/arm/core/mpu/libarch__arm__core__mpu.a(arm_mpu.c.obj)
 .text.region_allocate_and_init
                0x0000000000002654       0x48 zephyr/arch/arch/arm/core/mpu/libarch__arm__core__mpu.a(arm_mpu.c.obj)
 .text.mpu_configure_regions
                0x000000000000269c       0x70 zephyr/arch/arch/arm/core/mpu/libarch__arm__core__mpu.a(arm_mpu.c.obj)
 .text.mpu_configure_static_mpu_regions
                0x000000000000270c       0x14 zephyr/arch/arch/arm/core/mpu/libarch__arm__core__mpu.a(arm_mpu.c.obj)
 .text.mpu_configure_dynamic_mpu_regions
                0x0000000000002720       0x3c zephyr/arch/arch/arm/core/mpu/libarch__arm__core__mpu.a(arm_mpu.c.obj)
 .text.arm_core_mpu_enable
                0x000000000000275c       0x18 zephyr/arch/arch/arm/core/mpu/libarch__arm__core__mpu.a(arm_mpu.c.obj)
                0x000000000000275c                arm_core_mpu_enable
 .text.arm_core_mpu_disable
                0x0000000000002774       0x14 zephyr/arch/arch/arm/core/mpu/libarch__arm__core__mpu.a(arm_mpu.c.obj)
                0x0000000000002774                arm_core_mpu_disable
 .text.z_arm_mpu_init
                0x0000000000002788       0x80 zephyr/arch/arch/arm/core/mpu/libarch__arm__core__mpu.a(arm_mpu.c.obj)
                0x0000000000002788                z_arm_mpu_init
 .text.cbvprintf
                0x0000000000002808       0x34 zephyr/lib/libc/picolibc/liblib__libc__picolibc.a(cbprintf.c.obj)
                0x0000000000002808                cbvprintf
 .text.malloc_prepare
                0x000000000000283c       0x24 zephyr/lib/libc/common/liblib__libc__common.a(malloc.c.obj)
 .text.nordicsemi_nrf52_init
                0x0000000000002860       0x18 zephyr/soc/soc/nrf52832/libsoc__nordic.a(soc.c.obj)
 .text.arch_busy_wait
                0x0000000000002878       0x18 zephyr/soc/soc/nrf52832/libsoc__nordic.a(soc.c.obj)
                0x0000000000002878                arch_busy_wait
 .text.get_hf_flags
                0x0000000000002890        0x8 zephyr/drivers/clock_control/libdrivers__clock_control.a(clock_control_nrf.c.obj)
 .text.get_subsys
                0x0000000000002898       0x18 zephyr/drivers/clock_control/libdrivers__clock_control.a(clock_control_nrf.c.obj)
 .text.onoff_stop
                0x00000000000028b0       0x20 zephyr/drivers/clock_control/libdrivers__clock_control.a(clock_control_nrf.c.obj)
 .text.onoff_start
                0x00000000000028d0       0x34 zephyr/drivers/clock_control/libdrivers__clock_control.a(clock_control_nrf.c.obj)
 .text.clock_event_handler
                0x0000000000002904       0x34 zephyr/drivers/clock_control/libdrivers__clock_control.a(clock_control_nrf.c.obj)
 .text.generic_hfclk_start
                0x0000000000002938       0x70 zephyr/drivers/clock_control/libdrivers__clock_control.a(clock_control_nrf.c.obj)
 .text.generic_hfclk_stop
                0x00000000000029a8       0x34 zephyr/drivers/clock_control/libdrivers__clock_control.a(clock_control_nrf.c.obj)
 .text.lfclk_spinwait
                0x00000000000029dc       0xcc zephyr/drivers/clock_control/libdrivers__clock_control.a(clock_control_nrf.c.obj)
 .text.api_blocking_start
                0x0000000000002aa8       0x38 zephyr/drivers/clock_control/libdrivers__clock_control.a(clock_control_nrf.c.obj)
 .text.anomaly_132_workaround
                0x0000000000002ae0       0x20 zephyr/drivers/clock_control/libdrivers__clock_control.a(clock_control_nrf.c.obj)
 .text.clk_init
                0x0000000000002b00       0x60 zephyr/drivers/clock_control/libdrivers__clock_control.a(clock_control_nrf.c.obj)
 .text.z_nrf_clock_control_lf_on
                0x0000000000002b60       0x54 zephyr/drivers/clock_control/libdrivers__clock_control.a(clock_control_nrf.c.obj)
                0x0000000000002b60                z_nrf_clock_control_lf_on
 .text.get_dev  0x0000000000002bb4       0x10 zephyr/drivers/gpio/libdrivers__gpio.a(gpio_nrfx.c.obj)
 .text.gpio_nrfx_pin_interrupt_configure
                0x0000000000002bc4       0xf4 zephyr/drivers/gpio/libdrivers__gpio.a(gpio_nrfx.c.obj)
 .text.gpio_nrfx_pin_configure
                0x0000000000002cb8      0x1c0 zephyr/drivers/gpio/libdrivers__gpio.a(gpio_nrfx.c.obj)
 .text.gpio_nrfx_init
                0x0000000000002e78       0x54 zephyr/drivers/gpio/libdrivers__gpio.a(gpio_nrfx.c.obj)
 .text.nrf_gpio_cfg
                0x0000000000002ecc       0x44 zephyr/drivers/pinctrl/libdrivers__pinctrl.a(pinctrl_nrf.c.obj)
 .text.pinctrl_configure_pins
                0x0000000000002f10       0xd0 zephyr/drivers/pinctrl/libdrivers__pinctrl.a(pinctrl_nrf.c.obj)
                0x0000000000002f10                pinctrl_configure_pins
 .text.get_nrf_spi_frequency
                0x0000000000002fe0       0x68 zephyr/drivers/spi/libdrivers__spi.a(spi_nrfx_spi.c.obj)
 .text.configure
                0x0000000000003048      0x1a8 zephyr/drivers/spi/libdrivers__spi.a(spi_nrfx_spi.c.obj)
 .text.spi_context_wait_for_completion
                0x00000000000031f0       0xa0 zephyr/drivers/spi/libdrivers__spi.a(spi_nrfx_spi.c.obj)
 .text.transfer_next_chunk
                0x0000000000003290       0x6c zephyr/drivers/spi/libdrivers__spi.a(spi_nrfx_spi.c.obj)
 .text.event_handler
                0x00000000000032fc       0xd0 zephyr/drivers/spi/libdrivers__spi.a(spi_nrfx_spi.c.obj)
 .text.transceive
                0x00000000000033cc       0xd4 zephyr/drivers/spi/libdrivers__spi.a(spi_nrfx_spi.c.obj)
 .text.spi_context_cs_configure_all
                0x00000000000034a0       0x64 zephyr/drivers/spi/libdrivers__spi.a(spi_nrfx_spi.c.obj)
 .text.spi_nrfx_init
                0x0000000000003504       0x88 zephyr/drivers/spi/libdrivers__spi.a(spi_nrfx_spi.c.obj)
 .text.nrf_gpio_cfg
                0x000000000000358c       0x44 zephyr/drivers/spi/libdrivers__spi.a(spi_nrfx_common.c.obj)
 .text.spi_nrfx_wake_init
                0x00000000000035d0       0x64 zephyr/drivers/spi/libdrivers__spi.a(spi_nrfx_common.c.obj)
                0x00000000000035d0                spi_nrfx_wake_init
 .text.set_comparator
                0x0000000000003634       0x14 zephyr/drivers/timer/libdrivers__timer.a(nrf_rtc_timer.c.obj)
 .text.event_enable
                0x0000000000003648       0x14 zephyr/drivers/timer/libdrivers__timer.a(nrf_rtc_timer.c.obj)
 .text.event_disable
                0x000000000000365c       0x14 zephyr/drivers/timer/libdrivers__timer.a(nrf_rtc_timer.c.obj)
 .text.counter  0x0000000000003670        0xc zephyr/drivers/timer/libdrivers__timer.a(nrf_rtc_timer.c.obj)
 .text.set_alarm
                0x000000000000367c       0x88 zephyr/drivers/timer/libdrivers__timer.a(nrf_rtc_timer.c.obj)
 .text.int_event_disable_rtc
                0x0000000000003704       0x18 zephyr/drivers/timer/libdrivers__timer.a(nrf_rtc_timer.c.obj)
 .text.compare_int_lock
                0x000000000000371c       0x4c zephyr/drivers/timer/libdrivers__timer.a(nrf_rtc_timer.c.obj)
 .text.channel_processing_check_and_clear
                0x0000000000003768       0x60 zephyr/drivers/timer/libdrivers__timer.a(nrf_rtc_timer.c.obj)
 .text.compare_int_unlock
                0x00000000000037c8       0x60 zephyr/drivers/timer/libdrivers__timer.a(nrf_rtc_timer.c.obj)
 .text.sys_clock_timeout_handler
                0x0000000000003828       0x50 zephyr/drivers/timer/libdrivers__timer.a(nrf_rtc_timer.c.obj)
 .text.z_nrf_rtc_timer_read
                0x0000000000003878       0x40 zephyr/drivers/timer/libdrivers__timer.a(nrf_rtc_timer.c.obj)
                0x0000000000003878                z_nrf_rtc_timer_read
 .text.compare_set_nolocks
                0x00000000000038b8       0xac zephyr/drivers/timer/libdrivers__timer.a(nrf_rtc_timer.c.obj)
 .text.sys_clock_driver_init
                0x0000000000003964       0x9c zephyr/drivers/timer/libdrivers__timer.a(nrf_rtc_timer.c.obj)
 .text.process_channel
                0x0000000000003a00       0x7c zephyr/drivers/timer/libdrivers__timer.a(nrf_rtc_timer.c.obj)
 .text.rtc_nrf_isr
                0x0000000000003a7c       0x40 zephyr/drivers/timer/libdrivers__timer.a(nrf_rtc_timer.c.obj)
                0x0000000000003a7c                rtc_nrf_isr
 .text.sys_clock_set_timeout
                0x0000000000003abc       0x74 zephyr/drivers/timer/libdrivers__timer.a(nrf_rtc_timer.c.obj)
                0x0000000000003abc                sys_clock_set_timeout
 .text.sys_clock_elapsed
                0x0000000000003b30       0x14 zephyr/drivers/timer/libdrivers__timer.a(nrf_rtc_timer.c.obj)
                0x0000000000003b30                sys_clock_elapsed
 .text.__NVIC_SystemReset
                0x0000000000003b44       0x24 modules/hal_nordic/modules/hal_nordic/nrfx/libmodules__hal_nordic__nrfx.a(system_nrf52.c.obj)
 .text.nvmc_wait
                0x0000000000003b68       0x10 modules/hal_nordic/modules/hal_nordic/nrfx/libmodules__hal_nordic__nrfx.a(system_nrf52.c.obj)
                0x0000000000003b68                nvmc_wait
 .text.nvmc_config
                0x0000000000003b78       0x14 modules/hal_nordic/modules/hal_nordic/nrfx/libmodules__hal_nordic__nrfx.a(system_nrf52.c.obj)
                0x0000000000003b78                nvmc_config
 .text.SystemInit
                0x0000000000003b8c      0x1e0 modules/hal_nordic/modules/hal_nordic/nrfx/libmodules__hal_nordic__nrfx.a(system_nrf52.c.obj)
                0x0000000000003b8c                SystemInit
 .text.nrfx_flag32_alloc
                0x0000000000003d6c       0x48 modules/hal_nordic/modules/hal_nordic/nrfx/libmodules__hal_nordic__nrfx.a(nrfx_flag32_allocator.c.obj)
                0x0000000000003d6c                nrfx_flag32_alloc
 .text.nrfx_flag32_free
                0x0000000000003db4       0x44 modules/hal_nordic/modules/hal_nordic/nrfx/libmodules__hal_nordic__nrfx.a(nrfx_flag32_allocator.c.obj)
                0x0000000000003db4                nrfx_flag32_free
 .text.nrfx_clock_anomaly_132
                0x0000000000003df8       0x40 modules/hal_nordic/modules/hal_nordic/nrfx/libmodules__hal_nordic__nrfx.a(nrfx_clock.c.obj)
 .text.clock_stop
                0x0000000000003e38       0x84 modules/hal_nordic/modules/hal_nordic/nrfx/libmodules__hal_nordic__nrfx.a(nrfx_clock.c.obj)
 .text.nrfx_clock_init
                0x0000000000003ebc       0x28 modules/hal_nordic/modules/hal_nordic/nrfx/libmodules__hal_nordic__nrfx.a(nrfx_clock.c.obj)
                0x0000000000003ebc                nrfx_clock_init
 .text.nrfx_clock_enable
                0x0000000000003ee4       0x20 modules/hal_nordic/modules/hal_nordic/nrfx/libmodules__hal_nordic__nrfx.a(nrfx_clock.c.obj)
                0x0000000000003ee4                nrfx_clock_enable
 .text.nrfx_clock_start
                0x0000000000003f04       0xe4 modules/hal_nordic/modules/hal_nordic/nrfx/libmodules__hal_nordic__nrfx.a(nrfx_clock.c.obj)
                0x0000000000003f04                nrfx_clock_start
 .text.nrfx_power_clock_irq_handler
                0x0000000000003fe8       0x88 modules/hal_nordic/modules/hal_nordic/nrfx/libmodules__hal_nordic__nrfx.a(nrfx_clock.c.obj)
                0x0000000000003fe8                nrfx_power_clock_irq_handler
 .text.nrf_gpio_cfg_default
                0x0000000000004070       0x2c modules/hal_nordic/modules/hal_nordic/nrfx/libmodules__hal_nordic__nrfx.a(nrfx_gpiote.c.obj)
 .text.get_cb   0x000000000000409c        0x8 modules/hal_nordic/modules/hal_nordic/nrfx/libmodules__hal_nordic__nrfx.a(nrfx_gpiote.c.obj)
 .text.gpiote_output_configure
                0x00000000000040a4       0xf8 modules/hal_nordic/modules/hal_nordic/nrfx/libmodules__hal_nordic__nrfx.a(nrfx_gpiote.c.obj)
 .text.gpiote_channel_get
                0x000000000000419c       0x38 modules/hal_nordic/modules/hal_nordic/nrfx/libmodules__hal_nordic__nrfx.a(nrfx_gpiote.c.obj)
 .text.pin_handler_set
                0x00000000000041d4       0x88 modules/hal_nordic/modules/hal_nordic/nrfx/libmodules__hal_nordic__nrfx.a(nrfx_gpiote.c.obj)
 .text.gpiote_input_configure
                0x000000000000425c      0x16c modules/hal_nordic/modules/hal_nordic/nrfx/libmodules__hal_nordic__nrfx.a(nrfx_gpiote.c.obj)
 .text.pin_uninit
                0x00000000000043c8       0x34 modules/hal_nordic/modules/hal_nordic/nrfx/libmodules__hal_nordic__nrfx.a(nrfx_gpiote.c.obj)
 .text.gpiote_init
                0x00000000000043fc       0x4c modules/hal_nordic/modules/hal_nordic/nrfx/libmodules__hal_nordic__nrfx.a(nrfx_gpiote.c.obj)
 .text.nrfx_gpiote_0_irq_handler
                0x0000000000004448       0x14 modules/hal_nordic/modules/hal_nordic/nrfx/libmodules__hal_nordic__nrfx.a(nrfx_gpiote.c.obj)
                0x0000000000004448                nrfx_gpiote_0_irq_handler
 .text.nrf_gpio_cfg
                0x000000000000445c       0x44 modules/hal_nordic/modules/hal_nordic/nrfx/libmodules__hal_nordic__nrfx.a(nrfx_spi.c.obj)
 .text.nrf_gpio_cfg_output
                0x00000000000044a0       0x2c modules/hal_nordic/modules/hal_nordic/nrfx/libmodules__hal_nordic__nrfx.a(nrfx_spi.c.obj)
 .text.nrf_gpio_cfg_default
                0x00000000000044cc       0x2c modules/hal_nordic/modules/hal_nordic/nrfx/libmodules__hal_nordic__nrfx.a(nrfx_spi.c.obj)
 .text.pins_configure
                0x00000000000044f8       0xcc modules/hal_nordic/modules/hal_nordic/nrfx/libmodules__hal_nordic__nrfx.a(nrfx_spi.c.obj)
 .text.spi_configure
                0x00000000000045c4       0x88 modules/hal_nordic/modules/hal_nordic/nrfx/libmodules__hal_nordic__nrfx.a(nrfx_spi.c.obj)
 .text.nrfx_spi_init
                0x000000000000464c       0x68 modules/hal_nordic/modules/hal_nordic/nrfx/libmodules__hal_nordic__nrfx.a(nrfx_spi.c.obj)
                0x000000000000464c                nrfx_spi_init
 .text.nrfx_spi_uninit
                0x00000000000046b4       0x88 modules/hal_nordic/modules/hal_nordic/nrfx/libmodules__hal_nordic__nrfx.a(nrfx_spi.c.obj)
                0x00000000000046b4                nrfx_spi_uninit
 .text.nrfx_spi_xfer
                0x000000000000473c       0xa0 modules/hal_nordic/modules/hal_nordic/nrfx/libmodules__hal_nordic__nrfx.a(nrfx_spi.c.obj)
                0x000000000000473c                nrfx_spi_xfer
 .text.nrfx_spi_1_irq_handler
                0x00000000000047dc       0x14 modules/hal_nordic/modules/hal_nordic/nrfx/libmodules__hal_nordic__nrfx.a(nrfx_spi.c.obj)
                0x00000000000047dc                nrfx_spi_1_irq_handler
 .text._DoInit  0x00000000000047f0       0x64 modules/segger/libmodules__segger.a(SEGGER_RTT.c.obj)
 .text.SEGGER_RTT_StrongCheckInit
                0x0000000000004854       0x38 modules/segger/libmodules__segger.a(SEGGER_RTT.c.obj)
 .text.SEGGER_RTT_WriteSkipNoLock
                0x000000000000488c       0xd0 modules/segger/libmodules__segger.a(SEGGER_RTT.c.obj)
                0x000000000000488c                SEGGER_RTT_WriteSkipNoLock
 .text.SEGGER_RTT_HasDataUp
                0x000000000000495c       0x20 modules/segger/libmodules__segger.a(SEGGER_RTT.c.obj)
                0x000000000000495c                SEGGER_RTT_HasDataUp
 .text.z_device_state_init
                0x000000000000497c       0x18 zephyr/kernel/libkernel.a(device.c.obj)
                0x000000000000497c                z_device_state_init
 .text.reason_to_str
                0x0000000000004994       0x40 zephyr/kernel/libkernel.a(fatal.c.obj)
 .text.thread_name_get
                0x00000000000049d4       0x20 zephyr/kernel/libkernel.a(fatal.c.obj)
 .text.k_sys_fatal_error_handler
                0x00000000000049f4       0x2c zephyr/kernel/libkernel.a(fatal.c.obj)
                0x00000000000049f4                k_sys_fatal_error_handler
 .text.z_fatal_error
                0x0000000000004a20       0xac zephyr/kernel/libkernel.a(fatal.c.obj)
                0x0000000000004a20                z_fatal_error
 .text.z_sys_init_run_level
                0x0000000000004acc       0x34 zephyr/kernel/libkernel.a(init.c.obj)
 .text.init_idle_thread
                0x0000000000004b00       0x64 zephyr/kernel/libkernel.a(init.c.obj)
 .text.thread_schedule_new
                0x0000000000004b64       0x1c zephyr/kernel/libkernel.a(init.c.obj)
 .text.z_init_static_threads
                0x0000000000004b80       0x70 zephyr/kernel/libkernel.a(init.c.obj)
 .text.bg_thread_main
                0x0000000000004bf0       0x38 zephyr/kernel/libkernel.a(init.c.obj)
 .text.switch_to_main_thread
                0x0000000000004c28       0x14 zephyr/kernel/libkernel.a(init.c.obj)
 .text.z_bss_zero
                0x0000000000004c3c       0x18 zephyr/kernel/libkernel.a(init.c.obj)
                0x0000000000004c3c                z_bss_zero
 .text.z_init_cpu
                0x0000000000004c54       0x48 zephyr/kernel/libkernel.a(init.c.obj)
                0x0000000000004c54                z_init_cpu
 .text.prepare_multithreading
                0x0000000000004c9c       0x60 zephyr/kernel/libkernel.a(init.c.obj)
 .text.z_cstart
                0x0000000000004cfc       0x94 zephyr/kernel/libkernel.a(init.c.obj)
                0x0000000000004cfc                z_cstart
 .text.z_impl_k_sem_give
                0x0000000000004d90       0x88 zephyr/kernel/libkernel.a(sem.c.obj)
                0x0000000000004d90                z_impl_k_sem_give
 .text.z_impl_k_sem_take
                0x0000000000004e18       0x50 zephyr/kernel/libkernel.a(sem.c.obj)
                0x0000000000004e18                z_impl_k_sem_take
 .text.z_impl_k_sem_reset
                0x0000000000004e68       0x68 zephyr/kernel/libkernel.a(sem.c.obj)
                0x0000000000004e68                z_impl_k_sem_reset
 .text.queue_submit_locked
                0x0000000000004ed0       0x7c zephyr/kernel/libkernel.a(work.c.obj)
 .text.finalize_cancel_locked
                0x0000000000004f4c       0x5c zephyr/kernel/libkernel.a(work.c.obj)
 .text.work_queue_main
                0x0000000000004fa8      0x110 zephyr/kernel/libkernel.a(work.c.obj)
 .text.schedule_for_queue_locked
                0x00000000000050b8       0x34 zephyr/kernel/libkernel.a(work.c.obj)
 .text.k_work_queue_start
                0x00000000000050ec       0x88 zephyr/kernel/libkernel.a(work.c.obj)
                0x00000000000050ec                k_work_queue_start
 .text.k_work_schedule
                0x0000000000005174       0x10 zephyr/kernel/libkernel.a(work.c.obj)
                0x0000000000005174                k_work_schedule
 .text.thread_schedule_new
                0x0000000000005184       0x1c zephyr/kernel/libkernel.a(thread.c.obj)
 .text.z_impl_k_thread_name_set
                0x00000000000051a0       0x24 zephyr/kernel/libkernel.a(thread.c.obj)
                0x00000000000051a0                z_impl_k_thread_name_set
 .text.z_setup_new_thread
                0x00000000000051c4       0xcc zephyr/kernel/libkernel.a(thread.c.obj)
                0x00000000000051c4                z_setup_new_thread
 .text.z_swap_irqlock
                0x0000000000005290       0x34 zephyr/kernel/libkernel.a(sched.c.obj)
 .text.ready_thread
                0x00000000000052c4       0xbc zephyr/kernel/libkernel.a(sched.c.obj)
 .text.unready_thread
                0x0000000000005380       0x68 zephyr/kernel/libkernel.a(sched.c.obj)
 .text.thread_halt_spin
                0x00000000000053e8      0x128 zephyr/kernel/libkernel.a(sched.c.obj)
 .text.add_thread_timeout
                0x0000000000005510       0x20 zephyr/kernel/libkernel.a(sched.c.obj)
 .text.move_thread_to_end_of_prio_q
                0x0000000000005530       0xc8 zephyr/kernel/libkernel.a(sched.c.obj)
                0x0000000000005530                move_thread_to_end_of_prio_q
 .text.z_pend_curr
                0x00000000000055f8       0x38 zephyr/kernel/libkernel.a(sched.c.obj)
                0x00000000000055f8                z_pend_curr
 .text.z_reschedule
                0x0000000000005630       0x2c zephyr/kernel/libkernel.a(sched.c.obj)
                0x0000000000005630                z_reschedule
 .text.z_reschedule_irqlock
                0x000000000000565c       0x2c zephyr/kernel/libkernel.a(sched.c.obj)
                0x000000000000565c                z_reschedule_irqlock
 .text.k_sched_lock
                0x0000000000005688       0x30 zephyr/kernel/libkernel.a(sched.c.obj)
                0x0000000000005688                k_sched_lock
 .text.k_sched_unlock
                0x00000000000056b8       0x70 zephyr/kernel/libkernel.a(sched.c.obj)
                0x00000000000056b8                k_sched_unlock
 .text.z_sched_init
                0x0000000000005728       0x10 zephyr/kernel/libkernel.a(sched.c.obj)
                0x0000000000005728                z_sched_init
 .text.z_impl_k_yield
                0x0000000000005738       0xa0 zephyr/kernel/libkernel.a(sched.c.obj)
                0x0000000000005738                z_impl_k_yield
 .text.z_tick_sleep
                0x00000000000057d8       0x90 zephyr/kernel/libkernel.a(sched.c.obj)
 .text.z_impl_k_usleep
                0x0000000000005868       0x78 zephyr/kernel/libkernel.a(sched.c.obj)
                0x0000000000005868                z_impl_k_usleep
 .text.z_impl_k_wakeup
                0x00000000000058e0       0x54 zephyr/kernel/libkernel.a(sched.c.obj)
                0x00000000000058e0                z_impl_k_wakeup
 .text.z_impl_k_sched_current_thread_query
                0x0000000000005934        0xc zephyr/kernel/libkernel.a(sched.c.obj)
                0x0000000000005934                z_impl_k_sched_current_thread_query
 .text.z_thread_abort
                0x0000000000005940      0x154 zephyr/kernel/libkernel.a(sched.c.obj)
                0x0000000000005940                z_thread_abort
 .text.z_sched_wait
                0x0000000000005a94       0x28 zephyr/kernel/libkernel.a(sched.c.obj)
                0x0000000000005a94                z_sched_wait
 .text.slice_timeout
                0x0000000000005abc       0x20 zephyr/kernel/libkernel.a(timeslicing.c.obj)
 .text.thread_is_sliceable
                0x0000000000005adc       0x4c zephyr/kernel/libkernel.a(timeslicing.c.obj)
                0x0000000000005adc                thread_is_sliceable
 .text.z_reset_time_slice
                0x0000000000005b28       0x50 zephyr/kernel/libkernel.a(timeslicing.c.obj)
                0x0000000000005b28                z_reset_time_slice
 .text.z_time_slice
                0x0000000000005b78       0x70 zephyr/kernel/libkernel.a(timeslicing.c.obj)
                0x0000000000005b78                z_time_slice
 .text.z_thread_monitor_exit
                0x0000000000005be8       0x44 zephyr/kernel/libkernel.a(thread_monitor.c.obj)
                0x0000000000005be8                z_thread_monitor_exit
 .text.z_data_copy
                0x0000000000005c2c       0x34 zephyr/kernel/libkernel.a(xip.c.obj)
                0x0000000000005c2c                z_data_copy
 .text.first    0x0000000000005c60       0x14 zephyr/kernel/libkernel.a(timeout.c.obj)
 .text.next     0x0000000000005c74       0x18 zephyr/kernel/libkernel.a(timeout.c.obj)
 .text.elapsed  0x0000000000005c8c       0x18 zephyr/kernel/libkernel.a(timeout.c.obj)
 .text.z_add_timeout
                0x0000000000005ca4      0x10c zephyr/kernel/libkernel.a(timeout.c.obj)
                0x0000000000005ca4                z_add_timeout
 .text.sys_clock_announce
                0x0000000000005db0       0xc4 zephyr/kernel/libkernel.a(timeout.c.obj)
                0x0000000000005db0                sys_clock_announce
 .text.sys_clock_tick_get
                0x0000000000005e74       0x40 zephyr/kernel/libkernel.a(timeout.c.obj)
                0x0000000000005e74                sys_clock_tick_get
 .text.k_event_post_internal
                0x0000000000005eb4       0x60 zephyr/kernel/libkernel.a(events.c.obj)
 .text.k_sys_work_q_init
                0x0000000000005f14       0x38 zephyr/kernel/libkernel.a(system_work_q.c.obj)
 .text.__l_vfprintf
                0x0000000000005f4c      0x4b8 c:\ncs\toolchains\0b393f9e1b\opt\zephyr-sdk\arm-zephyr-eabi\bin\../lib/gcc/../../picolibc/arm-zephyr-eabi/lib/thumb/v7e-m/nofp\libc.a(libc_tinystdio_vflprintf.c.o)
                0x0000000000005f4c                __l_vfprintf
 .text._OffsetAbsSyms
                0x0000000000006404        0x2 zephyr/CMakeFiles/offsets.dir/./arch/arm/core/offsets/offsets.c.obj
                0x0000000000006404                _OffsetAbsSyms
 .text.z_impl_gpio_pin_configure
                0x0000000000006406       0x50 app/libapp.a(main.c.obj)
 .text.gpio_pin_configure_dt
                0x0000000000006456       0x16 app/libapp.a(main.c.obj)
 .text.gpio_add_callback
                0x000000000000646c       0x14 app/libapp.a(main.c.obj)
 .text.spi_transceive_dt
                0x0000000000006480       0x16 app/libapp.a(main.c.obj)
 .text.spi_write_dt
                0x0000000000006496       0x14 app/libapp.a(main.c.obj)
 .text.bma400_delay_us
                0x00000000000064aa        0x8 app/libapp.a(main.c.obj)
                0x00000000000064aa                bma400_delay_us
 .text.z_log_msg_runtime_create
                0x00000000000064b2       0x1e app/libapp.a(main.c.obj)
 .text.spi_is_ready_dt
                0x00000000000064d0       0x1c app/libapp.a(main.c.obj)
 .text.null_ptr_check
                0x00000000000064ec       0x2a app/libapp.a(bma400.c.obj)
 .text.map_int_pin
                0x0000000000006516      0x310 app/libapp.a(bma400.c.obj)
 .text.check_mapped_interrupts
                0x0000000000006826       0x32 app/libapp.a(bma400.c.obj)
 .text.get_int_pin_map
                0x0000000000006858       0xd2 app/libapp.a(bma400.c.obj)
 .text.bma400_set_regs
                0x000000000000692a       0x7e app/libapp.a(bma400.c.obj)
                0x000000000000692a                bma400_set_regs
 .text.set_activity_change_conf
                0x00000000000069a8       0x4c app/libapp.a(bma400.c.obj)
 .text.set_gen1_int
                0x00000000000069f4       0xb2 app/libapp.a(bma400.c.obj)
 .text.set_gen2_int
                0x0000000000006aa6       0xb2 app/libapp.a(bma400.c.obj)
 .text.set_orient_int
                0x0000000000006b58       0x90 app/libapp.a(bma400.c.obj)
 .text.bma400_get_regs
                0x0000000000006be8       0x72 app/libapp.a(bma400.c.obj)
                0x0000000000006be8                bma400_get_regs
 .text.bma400_init
                0x0000000000006c5a       0x68 app/libapp.a(bma400.c.obj)
                0x0000000000006c5a                bma400_init
 .text.get_accel_data
                0x0000000000006cc2       0xba app/libapp.a(bma400.c.obj)
 .text.set_tap_conf
                0x0000000000006d7c       0x8c app/libapp.a(bma400.c.obj)
 .text.set_sensor_conf
                0x0000000000006e08       0xb6 app/libapp.a(bma400.c.obj)
 .text.get_accel_conf
                0x0000000000006ebe       0x44 app/libapp.a(bma400.c.obj)
 .text.get_tap_conf
                0x0000000000006f02       0x3e app/libapp.a(bma400.c.obj)
 .text.get_activity_change_conf
                0x0000000000006f40       0x32 app/libapp.a(bma400.c.obj)
 .text.get_gen1_int
                0x0000000000006f72       0x9a app/libapp.a(bma400.c.obj)
 .text.get_gen2_int
                0x000000000000700c       0x9a app/libapp.a(bma400.c.obj)
 .text.get_orient_int
                0x00000000000070a6       0x80 app/libapp.a(bma400.c.obj)
 .text.get_sensor_conf
                0x0000000000007126       0xde app/libapp.a(bma400.c.obj)
 .text.set_auto_wakeup
                0x0000000000007204       0x40 app/libapp.a(bma400.c.obj)
 .text.bma400_set_power_mode
                0x0000000000007244       0x70 app/libapp.a(bma400.c.obj)
                0x0000000000007244                bma400_set_power_mode
 .text.bma400_get_accel_data
                0x00000000000072b4       0x2a app/libapp.a(bma400.c.obj)
                0x00000000000072b4                bma400_get_accel_data
 .text.set_chunk_used
                0x00000000000072de       0x38 zephyr/libzephyr.a(heap.c.obj)
 .text.free_list_add_bidx
                0x0000000000007316       0xa4 zephyr/libzephyr.a(heap.c.obj)
 .text.free_list_add
                0x00000000000073ba       0x52 zephyr/libzephyr.a(heap.c.obj)
 .text.sys_heap_init
                0x000000000000740c       0xfc zephyr/libzephyr.a(heap.c.obj)
                0x000000000000740c                sys_heap_init
 .text.cbprintf_via_va_list
                0x0000000000007508        0xe zephyr/libzephyr.a(cbprintf_packaged.c.obj)
 .text.cbpprintf_external
                0x0000000000007516       0x60 zephyr/libzephyr.a(cbprintf_packaged.c.obj)
                0x0000000000007516                cbpprintf_external
 .text.vprintk  0x0000000000007576        0x8 zephyr/libzephyr.a(printk.c.obj)
                0x0000000000007576                vprintk
 .text.printk   0x000000000000757e       0x1c zephyr/libzephyr.a(printk.c.obj)
                0x000000000000757e                printk
 .text.set_state
                0x000000000000759a       0x10 zephyr/libzephyr.a(onoff.c.obj)
 .text.notify_monitors
                0x00000000000075aa       0x44 zephyr/libzephyr.a(onoff.c.obj)
 .text.process_recheck
                0x00000000000075ee       0x32 zephyr/libzephyr.a(onoff.c.obj)
 .text.process_complete
                0x0000000000007620       0xa2 zephyr/libzephyr.a(onoff.c.obj)
 .text.validate_args
                0x00000000000076c2       0x2a zephyr/libzephyr.a(onoff.c.obj)
 .text.notify_one
                0x00000000000076ec       0x26 zephyr/libzephyr.a(onoff.c.obj)
 .text.notify_all
                0x0000000000007712       0x2e zephyr/libzephyr.a(onoff.c.obj)
 .text.transition_complete
                0x0000000000007740       0x1c zephyr/libzephyr.a(onoff.c.obj)
 .text.onoff_manager_init
                0x000000000000775c       0x3a zephyr/libzephyr.a(onoff.c.obj)
                0x000000000000775c                onoff_manager_init
 .text.onoff_request
                0x0000000000007796       0xbe zephyr/libzephyr.a(onoff.c.obj)
                0x0000000000007796                onoff_request
 .text.sys_notify_validate
                0x0000000000007854       0x2e zephyr/libzephyr.a(notify.c.obj)
                0x0000000000007854                sys_notify_validate
 .text.sys_notify_finalize
                0x0000000000007882       0x1a zephyr/libzephyr.a(notify.c.obj)
                0x0000000000007882                sys_notify_finalize
 .text._ConfigAbsSyms
                0x000000000000789c        0x2 zephyr/libzephyr.a(configs.c.obj)
                0x000000000000789c                _ConfigAbsSyms
 .text.dummy_timestamp
                0x000000000000789e        0x4 zephyr/libzephyr.a(log_core.c.obj)
 .text.msg_filter_check
                0x00000000000078a2        0x4 zephyr/libzephyr.a(log_core.c.obj)
 .text.msg_commit
                0x00000000000078a6        0xa zephyr/libzephyr.a(log_core.c.obj)
 .text.default_get_timestamp
                0x00000000000078b0        0x8 zephyr/libzephyr.a(log_core.c.obj)
 .text.k_msleep
                0x00000000000078b8       0x2c zephyr/libzephyr.a(log_core.c.obj)
 .text.enable_logger
                0x00000000000078e4        0xe zephyr/libzephyr.a(log_core.c.obj)
 .text.z_log_vprintk
                0x00000000000078f2       0x1e zephyr/libzephyr.a(log_core.c.obj)
                0x00000000000078f2                z_log_vprintk
 .text.z_log_get_tag
                0x0000000000007910        0x4 zephyr/libzephyr.a(log_core.c.obj)
                0x0000000000007910                z_log_get_tag
 .text.z_log_msg_finalize
                0x0000000000007914       0x2e zephyr/libzephyr.a(log_msg.c.obj)
                0x0000000000007914                z_log_msg_finalize
 .text.z_log_msg_runtime_create
                0x0000000000007942       0x1e zephyr/libzephyr.a(log_msg.c.obj)
 .text.log_output_flush
                0x0000000000007960       0x2e zephyr/libzephyr.a(log_output.c.obj)
 .text.out_func
                0x000000000000798e       0x1e zephyr/libzephyr.a(log_output.c.obj)
 .text.cr_out_func
                0x00000000000079ac       0x1e zephyr/libzephyr.a(log_output.c.obj)
 .text.color_prefix
                0x00000000000079ca        0xc zephyr/libzephyr.a(log_output.c.obj)
 .text.color_postfix
                0x00000000000079d6        0xc zephyr/libzephyr.a(log_output.c.obj)
 .text.postfix_print
                0x00000000000079e2       0x18 zephyr/libzephyr.a(log_output.c.obj)
 .text.log_msg_hexdump
                0x00000000000079fa       0x36 zephyr/libzephyr.a(log_output.c.obj)
 .text.log_output_msg_process
                0x0000000000007a30       0x66 zephyr/libzephyr.a(log_output.c.obj)
                0x0000000000007a30                log_output_msg_process
 .text.log_output_flush
                0x0000000000007a96       0x2e zephyr/libzephyr.a(log_backend_rtt.c.obj)
 .text.atomic_test_bit
                0x0000000000007ac4       0x1a zephyr/libzephyr.a(device.c.obj)
 .text.pm_device_is_busy
                0x0000000000007ade       0x12 zephyr/libzephyr.a(device.c.obj)
                0x0000000000007ade                pm_device_is_busy
 .text.put_sync_locked
                0x0000000000007af0       0x50 zephyr/libzephyr.a(device_runtime.c.obj)
 .text.runtime_enable_sync
                0x0000000000007b40       0x3e zephyr/libzephyr.a(device_runtime.c.obj)
 .text.atomic_test_bit
                0x0000000000007b7e       0x1a zephyr/libzephyr.a(device_runtime.c.obj)
 .text.z_log_msg_runtime_create
                0x0000000000007b98       0x1e zephyr/libzephyr.a(device_runtime.c.obj)
 .text.pm_device_runtime_put
                0x0000000000007bb6       0x60 zephyr/libzephyr.a(device_runtime.c.obj)
                0x0000000000007bb6                pm_device_runtime_put
 .text.runtime_suspend_work
                0x0000000000007c16       0x72 zephyr/libzephyr.a(device_runtime.c.obj)
 .text.pm_device_runtime_auto_enable
                0x0000000000007c88       0x1c zephyr/libzephyr.a(device_runtime.c.obj)
                0x0000000000007c88                pm_device_runtime_auto_enable
 .text.z_log_msg_runtime_create
                0x0000000000007ca4       0x1e zephyr/arch/arch/arm/core/libarch__arm__core.a(fatal.c.obj)
 .text.z_do_kernel_oops
                0x0000000000007cc2        0xc zephyr/arch/arch/arm/core/libarch__arm__core.a(fatal.c.obj)
                0x0000000000007cc2                z_do_kernel_oops
 .text.z_arm_nmi
                0x0000000000007cce        0xc zephyr/arch/arch/arm/core/libarch__arm__core.a(nmi.c.obj)
                0x0000000000007cce                z_arm_nmi
 .text.memory_fault_recoverable
                0x0000000000007cda        0x4 zephyr/arch/arch/arm/core/cortex_m/libarch__arm__core__cortex_m.a(fault.c.obj)
 .text.z_log_msg_runtime_create
                0x0000000000007cde       0x1e zephyr/arch/arch/arm/core/cortex_m/libarch__arm__core__cortex_m.a(fault.c.obj)
 .text.fault_handle
                0x0000000000007cfc       0x4a zephyr/arch/arch/arm/core/cortex_m/libarch__arm__core__cortex_m.a(fault.c.obj)
 .text.arch_irq_enable
                0x0000000000007d46        0xa zephyr/arch/arch/arm/core/cortex_m/libarch__arm__core__cortex_m.a(irq_manage.c.obj)
                0x0000000000007d46                arch_irq_enable
 .text.arch_irq_disable
                0x0000000000007d50        0xa zephyr/arch/arch/arm/core/cortex_m/libarch__arm__core__cortex_m.a(irq_manage.c.obj)
                0x0000000000007d50                arch_irq_disable
 .text.z_arm_irq_priority_set
                0x0000000000007d5a        0xc zephyr/arch/arch/arm/core/cortex_m/libarch__arm__core__cortex_m.a(irq_manage.c.obj)
                0x0000000000007d5a                z_arm_irq_priority_set
 .text.z_irq_spurious
                0x0000000000007d66        0xc zephyr/arch/arch/arm/core/cortex_m/libarch__arm__core__cortex_m.a(irq_manage.c.obj)
                0x0000000000007d66                z_irq_spurious
 .text.arch_irq_unlock_outlined
                0x0000000000007d72        0xe zephyr/arch/arch/arm/core/cortex_m/libarch__arm__core__cortex_m.a(thread.c.obj)
                0x0000000000007d72                arch_irq_unlock_outlined
 .text.arch_cpu_idle
                0x0000000000007d80       0x1a zephyr/arch/arch/arm/core/cortex_m/libarch__arm__core__cortex_m.a(cpu_idle.c.obj)
                0x0000000000007d80                arch_cpu_idle
 .text.arch_cpu_atomic_idle
                0x0000000000007d9a       0x1e zephyr/arch/arch/arm/core/cortex_m/libarch__arm__core__cortex_m.a(cpu_idle.c.obj)
                0x0000000000007d9a                arch_cpu_atomic_idle
 .text.mpu_partition_is_valid
                0x0000000000007db8       0x22 zephyr/arch/arch/arm/core/mpu/libarch__arm__core__mpu.a(arm_mpu.c.obj)
 .text.z_log_msg_runtime_create
                0x0000000000007dda       0x1e zephyr/arch/arch/arm/core/mpu/libarch__arm__core__mpu.a(arm_mpu.c.obj)
 .text.mpu_configure_region
                0x0000000000007df8       0x3e zephyr/arch/arch/arm/core/mpu/libarch__arm__core__mpu.a(arm_mpu.c.obj)
 .text.mpu_configure_regions_from_dt
                0x0000000000007e36      0x1b0 zephyr/arch/arch/arm/core/mpu/libarch__arm__core__mpu.a(arm_mpu.c.obj)
 .text.arm_core_mpu_configure_static_mpu_regions
                0x0000000000007fe6        0x8 zephyr/arch/arch/arm/core/mpu/libarch__arm__core__mpu.a(arm_mpu.c.obj)
                0x0000000000007fe6                arm_core_mpu_configure_static_mpu_regions
 .text.arm_core_mpu_configure_dynamic_mpu_regions
                0x0000000000007fee        0x8 zephyr/arch/arch/arm/core/mpu/libarch__arm__core__mpu.a(arm_mpu.c.obj)
                0x0000000000007fee                arm_core_mpu_configure_dynamic_mpu_regions
 .text.cbputc   0x0000000000007ff6        0xc zephyr/lib/libc/picolibc/liblib__libc__picolibc.a(cbprintf.c.obj)
 .text.nrf_clock_is_running
                0x0000000000008002       0x38 zephyr/drivers/clock_control/libdrivers__clock_control.a(clock_control_nrf.c.obj)
 .text.get_sub_data
                0x000000000000803a        0xe zephyr/drivers/clock_control/libdrivers__clock_control.a(clock_control_nrf.c.obj)
 .text.get_sub_config
                0x0000000000008048        0xc zephyr/drivers/clock_control/libdrivers__clock_control.a(clock_control_nrf.c.obj)
 .text.get_onoff_manager
                0x0000000000008054        0xc zephyr/drivers/clock_control/libdrivers__clock_control.a(clock_control_nrf.c.obj)
 .text.get_status
                0x0000000000008060       0x10 zephyr/drivers/clock_control/libdrivers__clock_control.a(clock_control_nrf.c.obj)
 .text.set_off_state
                0x0000000000008070       0x30 zephyr/drivers/clock_control/libdrivers__clock_control.a(clock_control_nrf.c.obj)
 .text.set_starting_state
                0x00000000000080a0       0x3a zephyr/drivers/clock_control/libdrivers__clock_control.a(clock_control_nrf.c.obj)
 .text.set_on_state
                0x00000000000080da       0x24 zephyr/drivers/clock_control/libdrivers__clock_control.a(clock_control_nrf.c.obj)
 .text.clkstarted_handle
                0x00000000000080fe       0x24 zephyr/drivers/clock_control/libdrivers__clock_control.a(clock_control_nrf.c.obj)
 .text.stop     0x0000000000008122       0x2a zephyr/drivers/clock_control/libdrivers__clock_control.a(clock_control_nrf.c.obj)
 .text.api_stop
                0x000000000000814c        0xa zephyr/drivers/clock_control/libdrivers__clock_control.a(clock_control_nrf.c.obj)
 .text.async_start
                0x0000000000008156       0x38 zephyr/drivers/clock_control/libdrivers__clock_control.a(clock_control_nrf.c.obj)
 .text.api_start
                0x000000000000818e       0x10 zephyr/drivers/clock_control/libdrivers__clock_control.a(clock_control_nrf.c.obj)
 .text.onoff_started_callback
                0x000000000000819e       0x10 zephyr/drivers/clock_control/libdrivers__clock_control.a(clock_control_nrf.c.obj)
 .text.hfclk_start
                0x00000000000081ae        0xa zephyr/drivers/clock_control/libdrivers__clock_control.a(clock_control_nrf.c.obj)
 .text.hfclk_stop
                0x00000000000081b8        0xa zephyr/drivers/clock_control/libdrivers__clock_control.a(clock_control_nrf.c.obj)
 .text.lfclk_stop
                0x00000000000081c2        0xa zephyr/drivers/clock_control/libdrivers__clock_control.a(clock_control_nrf.c.obj)
 .text.k_msleep
                0x00000000000081cc       0x2c zephyr/drivers/clock_control/libdrivers__clock_control.a(clock_control_nrf.c.obj)
 .text.blocking_start_callback
                0x00000000000081f8        0xa zephyr/drivers/clock_control/libdrivers__clock_control.a(clock_control_nrf.c.obj)
 .text.lfclk_start
                0x0000000000008202        0xe zephyr/drivers/clock_control/libdrivers__clock_control.a(clock_control_nrf.c.obj)
 .text.sys_slist_remove
                0x0000000000008210       0x26 zephyr/drivers/gpio/libdrivers__gpio.a(gpio_nrfx.c.obj)
 .text.sys_slist_find_and_remove
                0x0000000000008236       0x20 zephyr/drivers/gpio/libdrivers__gpio.a(gpio_nrfx.c.obj)
 .text.nrf_gpio_reconfigure
                0x0000000000008256       0x9e zephyr/drivers/gpio/libdrivers__gpio.a(gpio_nrfx.c.obj)
 .text.gpio_manage_callback
                0x00000000000082f4       0x3e zephyr/drivers/gpio/libdrivers__gpio.a(gpio_nrfx.c.obj)
 .text.gpio_fire_callbacks
                0x0000000000008332       0x40 zephyr/drivers/gpio/libdrivers__gpio.a(gpio_nrfx.c.obj)
 .text.has_gpiote
                0x0000000000008372        0xa zephyr/drivers/gpio/libdrivers__gpio.a(gpio_nrfx.c.obj)
 .text.get_pull
                0x000000000000837c       0x18 zephyr/drivers/gpio/libdrivers__gpio.a(gpio_nrfx.c.obj)
 .text.gpio_nrfx_gpd_retain_set
                0x0000000000008394        0x4 zephyr/drivers/gpio/libdrivers__gpio.a(gpio_nrfx.c.obj)
 .text.gpio_nrfx_gpd_retain_clear
                0x0000000000008398        0x4 zephyr/drivers/gpio/libdrivers__gpio.a(gpio_nrfx.c.obj)
 .text.gpio_nrfx_port_get_raw
                0x000000000000839c        0xe zephyr/drivers/gpio/libdrivers__gpio.a(gpio_nrfx.c.obj)
 .text.gpio_nrfx_port_set_masked_raw
                0x00000000000083aa       0x34 zephyr/drivers/gpio/libdrivers__gpio.a(gpio_nrfx.c.obj)
 .text.gpio_nrfx_port_set_bits_raw
                0x00000000000083de       0x24 zephyr/drivers/gpio/libdrivers__gpio.a(gpio_nrfx.c.obj)
 .text.gpio_nrfx_port_clear_bits_raw
                0x0000000000008402       0x24 zephyr/drivers/gpio/libdrivers__gpio.a(gpio_nrfx.c.obj)
 .text.gpio_nrfx_port_toggle_bits
                0x0000000000008426       0x36 zephyr/drivers/gpio/libdrivers__gpio.a(gpio_nrfx.c.obj)
 .text.get_trigger
                0x000000000000845c       0x2c zephyr/drivers/gpio/libdrivers__gpio.a(gpio_nrfx.c.obj)
 .text.gpio_nrfx_manage_callback
                0x0000000000008488        0xc zephyr/drivers/gpio/libdrivers__gpio.a(gpio_nrfx.c.obj)
 .text.nrfx_gpio_handler
                0x0000000000008494       0x1e zephyr/drivers/gpio/libdrivers__gpio.a(gpio_nrfx.c.obj)
 .text.pinctrl_lookup_state
                0x00000000000084b2       0x32 zephyr/drivers/pinctrl/libdrivers__pinctrl.a(common.c.obj)
                0x00000000000084b2                pinctrl_lookup_state
 .text.nrf_gpio_pin_write
                0x00000000000084e4       0x36 zephyr/drivers/pinctrl/libdrivers__pinctrl.a(pinctrl_nrf.c.obj)
 .text.z_impl_gpio_pin_configure
                0x000000000000851a       0x50 zephyr/drivers/spi/libdrivers__spi.a(spi_nrfx_spi.c.obj)
 .text.gpio_pin_configure_dt
                0x000000000000856a       0x16 zephyr/drivers/spi/libdrivers__spi.a(spi_nrfx_spi.c.obj)
 .text.gpio_pin_set_raw
                0x0000000000008580       0x20 zephyr/drivers/spi/libdrivers__spi.a(spi_nrfx_spi.c.obj)
 .text.gpio_pin_set
                0x00000000000085a0       0x1a zephyr/drivers/spi/libdrivers__spi.a(spi_nrfx_spi.c.obj)
 .text.nrf_gpio_pin_write
                0x00000000000085ba       0x36 zephyr/drivers/spi/libdrivers__spi.a(spi_nrfx_spi.c.obj)
 .text.spi_context_get_next_buf
                0x00000000000085f0       0x2e zephyr/drivers/spi/libdrivers__spi.a(spi_nrfx_spi.c.obj)
 .text.spi_context_buffers_setup
                0x000000000000861e       0x60 zephyr/drivers/spi/libdrivers__spi.a(spi_nrfx_spi.c.obj)
 .text._spi_context_cs_control
                0x000000000000867e       0x40 zephyr/drivers/spi/libdrivers__spi.a(spi_nrfx_spi.c.obj)
 .text.spi_context_unlock_unconditionally
                0x00000000000086be       0x1e zephyr/drivers/spi/libdrivers__spi.a(spi_nrfx_spi.c.obj)
 .text.spi_nrfx_release
                0x00000000000086dc       0x24 zephyr/drivers/spi/libdrivers__spi.a(spi_nrfx_spi.c.obj)
 .text.finish_transaction
                0x0000000000008700       0x16 zephyr/drivers/spi/libdrivers__spi.a(spi_nrfx_spi.c.obj)
 .text.spi_context_release
                0x0000000000008716       0x1a zephyr/drivers/spi/libdrivers__spi.a(spi_nrfx_spi.c.obj)
 .text.spi_context_lock
                0x0000000000008730       0x3e zephyr/drivers/spi/libdrivers__spi.a(spi_nrfx_spi.c.obj)
 .text.z_log_msg_runtime_create
                0x000000000000876e       0x1e zephyr/drivers/spi/libdrivers__spi.a(spi_nrfx_spi.c.obj)
 .text.spi_nrfx_transceive
                0x000000000000878c       0x14 zephyr/drivers/spi/libdrivers__spi.a(spi_nrfx_spi.c.obj)
 .text.pinctrl_apply_state
                0x00000000000087a0       0x20 zephyr/drivers/spi/libdrivers__spi.a(spi_nrfx_spi.c.obj)
 .text.spi_nrfx_pm_action
                0x00000000000087c0       0x3a zephyr/drivers/spi/libdrivers__spi.a(spi_nrfx_spi.c.obj)
 .text.irq_connect1
                0x00000000000087fa        0xe zephyr/drivers/spi/libdrivers__spi.a(spi_nrfx_spi.c.obj)
 .text.nrf_gpio_cfg_input
                0x0000000000008808       0x18 zephyr/drivers/spi/libdrivers__spi.a(spi_nrfx_common.c.obj)
 .text.spi_nrfx_wake_request
                0x0000000000008820       0x50 zephyr/drivers/spi/libdrivers__spi.a(spi_nrfx_common.c.obj)
                0x0000000000008820                spi_nrfx_wake_request
 .text.__nrfy_internal_rtc_event_handle
                0x0000000000008870       0x3a zephyr/drivers/timer/libdrivers__timer.a(nrf_rtc_timer.c.obj)
 .text.__nrfy_internal_rtc_events_process
                0x00000000000088aa       0x6c zephyr/drivers/timer/libdrivers__timer.a(nrf_rtc_timer.c.obj)
 .text.counter_sub
                0x0000000000008916        0x8 zephyr/drivers/timer/libdrivers__timer.a(nrf_rtc_timer.c.obj)
 .text.event_check
                0x000000000000891e       0x1a zephyr/drivers/timer/libdrivers__timer.a(nrf_rtc_timer.c.obj)
 .text.event_clear
                0x0000000000008938       0x18 zephyr/drivers/timer/libdrivers__timer.a(nrf_rtc_timer.c.obj)
 .text.absolute_time_to_cc
                0x0000000000008950        0x6 zephyr/drivers/timer/libdrivers__timer.a(nrf_rtc_timer.c.obj)
 .text.full_int_lock
                0x0000000000008956       0x10 zephyr/drivers/timer/libdrivers__timer.a(nrf_rtc_timer.c.obj)
 .text.full_int_unlock
                0x0000000000008966        0xa zephyr/drivers/timer/libdrivers__timer.a(nrf_rtc_timer.c.obj)
 .text.compare_set
                0x0000000000008970       0x38 zephyr/drivers/timer/libdrivers__timer.a(nrf_rtc_timer.c.obj)
 .text.sys_clock_cycle_get_32
                0x00000000000089a8        0x8 zephyr/drivers/timer/libdrivers__timer.a(nrf_rtc_timer.c.obj)
                0x00000000000089a8                sys_clock_cycle_get_32
 .text.nrf52_errata_12
                0x00000000000089b0       0x24 modules/hal_nordic/modules/hal_nordic/nrfx/libmodules__hal_nordic__nrfx.a(system_nrf52.c.obj)
 .text.nrf52_errata_16
                0x00000000000089d4       0x2c modules/hal_nordic/modules/hal_nordic/nrfx/libmodules__hal_nordic__nrfx.a(system_nrf52.c.obj)
 .text.nrf52_errata_31
                0x0000000000008a00       0x24 modules/hal_nordic/modules/hal_nordic/nrfx/libmodules__hal_nordic__nrfx.a(system_nrf52.c.obj)
 .text.nrf52_errata_32
                0x0000000000008a24       0x2c modules/hal_nordic/modules/hal_nordic/nrfx/libmodules__hal_nordic__nrfx.a(system_nrf52.c.obj)
 .text.nrf52_errata_36
                0x0000000000008a50       0x24 modules/hal_nordic/modules/hal_nordic/nrfx/libmodules__hal_nordic__nrfx.a(system_nrf52.c.obj)
 .text.nrf52_errata_37
                0x0000000000008a74       0x2c modules/hal_nordic/modules/hal_nordic/nrfx/libmodules__hal_nordic__nrfx.a(system_nrf52.c.obj)
 .text.nrf52_errata_57
                0x0000000000008aa0       0x2c modules/hal_nordic/modules/hal_nordic/nrfx/libmodules__hal_nordic__nrfx.a(system_nrf52.c.obj)
 .text.nrf52_errata_66
                0x0000000000008acc       0x44 modules/hal_nordic/modules/hal_nordic/nrfx/libmodules__hal_nordic__nrfx.a(system_nrf52.c.obj)
 .text.nrf52_errata_108
                0x0000000000008b10       0x24 modules/hal_nordic/modules/hal_nordic/nrfx/libmodules__hal_nordic__nrfx.a(system_nrf52.c.obj)
 .text.nrf52_errata_136
                0x0000000000008b34       0x24 modules/hal_nordic/modules/hal_nordic/nrfx/libmodules__hal_nordic__nrfx.a(system_nrf52.c.obj)
 .text.nrf52_errata_182
                0x0000000000008b58       0x28 modules/hal_nordic/modules/hal_nordic/nrfx/libmodules__hal_nordic__nrfx.a(system_nrf52.c.obj)
 .text.nrf52_configuration_249
                0x0000000000008b80       0x28 modules/hal_nordic/modules/hal_nordic/nrfx/libmodules__hal_nordic__nrfx.a(system_nrf52.c.obj)
 .text.nrf52_handle_approtect
                0x0000000000008ba8       0x1a modules/hal_nordic/modules/hal_nordic/nrfx/libmodules__hal_nordic__nrfx.a(system_nrf52.c.obj)
 .text.nrfx_isr
                0x0000000000008bc2        0x6 modules/hal_nordic/modules/hal_nordic/nrfx/libmodules__hal_nordic__nrfx.a(nrfx_glue.c.obj)
                0x0000000000008bc2                nrfx_isr
 .text.nrfx_busy_wait
                0x0000000000008bc8        0x8 modules/hal_nordic/modules/hal_nordic/nrfx/libmodules__hal_nordic__nrfx.a(nrfx_glue.c.obj)
                0x0000000000008bc8                nrfx_busy_wait
 .text.nrf_clock_is_running
                0x0000000000008bd0       0x38 modules/hal_nordic/modules/hal_nordic/nrfx/libmodules__hal_nordic__nrfx.a(nrfx_clock.c.obj)
 .text.clock_initial_lfclksrc_get
                0x0000000000008c08        0x4 modules/hal_nordic/modules/hal_nordic/nrfx/libmodules__hal_nordic__nrfx.a(nrfx_clock.c.obj)
 .text.nrfx_power_clock_irq_init
                0x0000000000008c0c       0x12 modules/hal_nordic/modules/hal_nordic/nrfx/libmodules__hal_nordic__nrfx.a(nrfx_clock.c.obj)
 .text.clock_lfclksrc_tweak
                0x0000000000008c1e       0x2c modules/hal_nordic/modules/hal_nordic/nrfx/libmodules__hal_nordic__nrfx.a(nrfx_clock.c.obj)
 .text.nrfx_clock_stop
                0x0000000000008c4a        0x8 modules/hal_nordic/modules/hal_nordic/nrfx/libmodules__hal_nordic__nrfx.a(nrfx_clock.c.obj)
                0x0000000000008c4a                nrfx_clock_stop
 .text.nrf_gpiote_event_configure
                0x0000000000008c52       0x32 modules/hal_nordic/modules/hal_nordic/nrfx/libmodules__hal_nordic__nrfx.a(nrfx_gpiote.c.obj)
 .text.nrf_gpiote_task_configure
                0x0000000000008c84       0x3e modules/hal_nordic/modules/hal_nordic/nrfx/libmodules__hal_nordic__nrfx.a(nrfx_gpiote.c.obj)
 .text.__nrfy_internal_gpiote_event_handle
                0x0000000000008cc2       0x3a modules/hal_nordic/modules/hal_nordic/nrfx/libmodules__hal_nordic__nrfx.a(nrfx_gpiote.c.obj)
 .text.__nrfy_internal_gpiote_events_process
                0x0000000000008cfc       0x3c modules/hal_nordic/modules/hal_nordic/nrfx/libmodules__hal_nordic__nrfx.a(nrfx_gpiote.c.obj)
 .text.nrf_gpio_reconfigure
                0x0000000000008d38       0x9e modules/hal_nordic/modules/hal_nordic/nrfx/libmodules__hal_nordic__nrfx.a(nrfx_gpiote.c.obj)
 .text.nrf_gpio_cfg_sense_set
                0x0000000000008dd6       0x20 modules/hal_nordic/modules/hal_nordic/nrfx/libmodules__hal_nordic__nrfx.a(nrfx_gpiote.c.obj)
 .text.get_pin_idx
                0x0000000000008df6        0x4 modules/hal_nordic/modules/hal_nordic/nrfx/libmodules__hal_nordic__nrfx.a(nrfx_gpiote.c.obj)
 .text.pin_in_use
                0x0000000000008dfa       0x1e modules/hal_nordic/modules/hal_nordic/nrfx/libmodules__hal_nordic__nrfx.a(nrfx_gpiote.c.obj)
 .text.pin_in_use_by_te
                0x0000000000008e18       0x1e modules/hal_nordic/modules/hal_nordic/nrfx/libmodules__hal_nordic__nrfx.a(nrfx_gpiote.c.obj)
 .text.pin_has_trigger
                0x0000000000008e36       0x22 modules/hal_nordic/modules/hal_nordic/nrfx/libmodules__hal_nordic__nrfx.a(nrfx_gpiote.c.obj)
 .text.pin_is_output
                0x0000000000008e58       0x1e modules/hal_nordic/modules/hal_nordic/nrfx/libmodules__hal_nordic__nrfx.a(nrfx_gpiote.c.obj)
 .text.pin_is_task_output
                0x0000000000008e76       0x22 modules/hal_nordic/modules/hal_nordic/nrfx/libmodules__hal_nordic__nrfx.a(nrfx_gpiote.c.obj)
 .text.pin_is_input
                0x0000000000008e98        0xe modules/hal_nordic/modules/hal_nordic/nrfx/libmodules__hal_nordic__nrfx.a(nrfx_gpiote.c.obj)
 .text.gpiote_polarity_to_trigger
                0x0000000000008ea6        0x2 modules/hal_nordic/modules/hal_nordic/nrfx/libmodules__hal_nordic__nrfx.a(nrfx_gpiote.c.obj)
 .text.gpiote_trigger_to_polarity
                0x0000000000008ea8        0x2 modules/hal_nordic/modules/hal_nordic/nrfx/libmodules__hal_nordic__nrfx.a(nrfx_gpiote.c.obj)
 .text.pin_te_get
                0x0000000000008eaa       0x1c modules/hal_nordic/modules/hal_nordic/nrfx/libmodules__hal_nordic__nrfx.a(nrfx_gpiote.c.obj)
 .text.is_level
                0x0000000000008ec6        0xa modules/hal_nordic/modules/hal_nordic/nrfx/libmodules__hal_nordic__nrfx.a(nrfx_gpiote.c.obj)
 .text.handler_in_use
                0x0000000000008ed0       0x3a modules/hal_nordic/modules/hal_nordic/nrfx/libmodules__hal_nordic__nrfx.a(nrfx_gpiote.c.obj)
 .text.pin_trigger_disable
                0x0000000000008f0a       0x46 modules/hal_nordic/modules/hal_nordic/nrfx/libmodules__hal_nordic__nrfx.a(nrfx_gpiote.c.obj)
 .text.pin_in_event_get
                0x0000000000008f50       0x24 modules/hal_nordic/modules/hal_nordic/nrfx/libmodules__hal_nordic__nrfx.a(nrfx_gpiote.c.obj)
 .text.find_handler
                0x0000000000008f74       0x34 modules/hal_nordic/modules/hal_nordic/nrfx/libmodules__hal_nordic__nrfx.a(nrfx_gpiote.c.obj)
 .text.get_initial_sense
                0x0000000000008fa8       0x50 modules/hal_nordic/modules/hal_nordic/nrfx/libmodules__hal_nordic__nrfx.a(nrfx_gpiote.c.obj)
 .text.channel_handler_get
                0x0000000000008ff8       0x24 modules/hal_nordic/modules/hal_nordic/nrfx/libmodules__hal_nordic__nrfx.a(nrfx_gpiote.c.obj)
 .text.gpiote_global_callback_set
                0x000000000000901c       0x1a modules/hal_nordic/modules/hal_nordic/nrfx/libmodules__hal_nordic__nrfx.a(nrfx_gpiote.c.obj)
 .text.gpiote_init_check
                0x0000000000009036       0x14 modules/hal_nordic/modules/hal_nordic/nrfx/libmodules__hal_nordic__nrfx.a(nrfx_gpiote.c.obj)
 .text.pin_trigger_enable
                0x000000000000904a       0x78 modules/hal_nordic/modules/hal_nordic/nrfx/libmodules__hal_nordic__nrfx.a(nrfx_gpiote.c.obj)
 .text.call_handler
                0x00000000000090c2       0x26 modules/hal_nordic/modules/hal_nordic/nrfx/libmodules__hal_nordic__nrfx.a(nrfx_gpiote.c.obj)
 .text.next_sense_cond_call_handler
                0x00000000000090e8       0x82 modules/hal_nordic/modules/hal_nordic/nrfx/libmodules__hal_nordic__nrfx.a(nrfx_gpiote.c.obj)
 .text.latch_pending_read_and_check
                0x000000000000916a       0x50 modules/hal_nordic/modules/hal_nordic/nrfx/libmodules__hal_nordic__nrfx.a(nrfx_gpiote.c.obj)
 .text.pin_channel_alloc
                0x00000000000091ba       0x14 modules/hal_nordic/modules/hal_nordic/nrfx/libmodules__hal_nordic__nrfx.a(nrfx_gpiote.c.obj)
 .text.release_handler
                0x00000000000091ce       0x56 modules/hal_nordic/modules/hal_nordic/nrfx/libmodules__hal_nordic__nrfx.a(nrfx_gpiote.c.obj)
 .text.pin_handler_trigger_uninit
                0x0000000000009224       0x40 modules/hal_nordic/modules/hal_nordic/nrfx/libmodules__hal_nordic__nrfx.a(nrfx_gpiote.c.obj)
 .text.pin_channel_free
                0x0000000000009264       0x14 modules/hal_nordic/modules/hal_nordic/nrfx/libmodules__hal_nordic__nrfx.a(nrfx_gpiote.c.obj)
 .text.nrfy_gpiote_int_init
                0x0000000000009278       0x54 modules/hal_nordic/modules/hal_nordic/nrfx/libmodules__hal_nordic__nrfx.a(nrfx_gpiote.c.obj)
 .text.port_event_handle
                0x00000000000092cc       0xb6 modules/hal_nordic/modules/hal_nordic/nrfx/libmodules__hal_nordic__nrfx.a(nrfx_gpiote.c.obj)
 .text.gpiote_evt_handle
                0x0000000000009382       0x42 modules/hal_nordic/modules/hal_nordic/nrfx/libmodules__hal_nordic__nrfx.a(nrfx_gpiote.c.obj)
 .text.irq_handler
                0x00000000000093c4       0x34 modules/hal_nordic/modules/hal_nordic/nrfx/libmodules__hal_nordic__nrfx.a(nrfx_gpiote.c.obj)
 .text.nrfx_gpiote_input_configure
                0x00000000000093f8        0x8 modules/hal_nordic/modules/hal_nordic/nrfx/libmodules__hal_nordic__nrfx.a(nrfx_gpiote.c.obj)
                0x00000000000093f8                nrfx_gpiote_input_configure
 .text.nrfx_gpiote_output_configure
                0x0000000000009400        0x8 modules/hal_nordic/modules/hal_nordic/nrfx/libmodules__hal_nordic__nrfx.a(nrfx_gpiote.c.obj)
                0x0000000000009400                nrfx_gpiote_output_configure
 .text.nrfx_gpiote_global_callback_set
                0x0000000000009408        0x8 modules/hal_nordic/modules/hal_nordic/nrfx/libmodules__hal_nordic__nrfx.a(nrfx_gpiote.c.obj)
                0x0000000000009408                nrfx_gpiote_global_callback_set
 .text.nrfx_gpiote_channel_get
                0x0000000000009410        0x8 modules/hal_nordic/modules/hal_nordic/nrfx/libmodules__hal_nordic__nrfx.a(nrfx_gpiote.c.obj)
                0x0000000000009410                nrfx_gpiote_channel_get
 .text.nrfx_gpiote_init
                0x0000000000009418        0x8 modules/hal_nordic/modules/hal_nordic/nrfx/libmodules__hal_nordic__nrfx.a(nrfx_gpiote.c.obj)
                0x0000000000009418                nrfx_gpiote_init
 .text.nrfx_gpiote_init_check
                0x0000000000009420        0x8 modules/hal_nordic/modules/hal_nordic/nrfx/libmodules__hal_nordic__nrfx.a(nrfx_gpiote.c.obj)
                0x0000000000009420                nrfx_gpiote_init_check
 .text.nrfx_gpiote_pin_uninit
                0x0000000000009428        0x8 modules/hal_nordic/modules/hal_nordic/nrfx/libmodules__hal_nordic__nrfx.a(nrfx_gpiote.c.obj)
                0x0000000000009428                nrfx_gpiote_pin_uninit
 .text.nrfx_gpiote_channel_free
                0x0000000000009430        0x8 modules/hal_nordic/modules/hal_nordic/nrfx/libmodules__hal_nordic__nrfx.a(nrfx_gpiote.c.obj)
                0x0000000000009430                nrfx_gpiote_channel_free
 .text.nrfx_gpiote_channel_alloc
                0x0000000000009438        0x8 modules/hal_nordic/modules/hal_nordic/nrfx/libmodules__hal_nordic__nrfx.a(nrfx_gpiote.c.obj)
                0x0000000000009438                nrfx_gpiote_channel_alloc
 .text.nrfx_gpiote_trigger_enable
                0x0000000000009440        0x8 modules/hal_nordic/modules/hal_nordic/nrfx/libmodules__hal_nordic__nrfx.a(nrfx_gpiote.c.obj)
                0x0000000000009440                nrfx_gpiote_trigger_enable
 .text.nrfx_gpiote_trigger_disable
                0x0000000000009448        0x8 modules/hal_nordic/modules/hal_nordic/nrfx/libmodules__hal_nordic__nrfx.a(nrfx_gpiote.c.obj)
                0x0000000000009448                nrfx_gpiote_trigger_disable
 .text.nrfx_gpiote_in_event_get
                0x0000000000009450        0x8 modules/hal_nordic/modules/hal_nordic/nrfx/libmodules__hal_nordic__nrfx.a(nrfx_gpiote.c.obj)
                0x0000000000009450                nrfx_gpiote_in_event_get
 .text.nrf_spi_configure
                0x0000000000009458       0x2a modules/hal_nordic/modules/hal_nordic/nrfx/libmodules__hal_nordic__nrfx.a(nrfx_spi.c.obj)
 .text.nrf_gpio_cfg_input
                0x0000000000009482       0x18 modules/hal_nordic/modules/hal_nordic/nrfx/libmodules__hal_nordic__nrfx.a(nrfx_spi.c.obj)
 .text.finish_transfer
                0x000000000000949a       0x34 modules/hal_nordic/modules/hal_nordic/nrfx/libmodules__hal_nordic__nrfx.a(nrfx_spi.c.obj)
 .text.transfer_byte
                0x00000000000094ce       0x76 modules/hal_nordic/modules/hal_nordic/nrfx/libmodules__hal_nordic__nrfx.a(nrfx_spi.c.obj)
 .text.spi_xfer
                0x0000000000009544       0x8e modules/hal_nordic/modules/hal_nordic/nrfx/libmodules__hal_nordic__nrfx.a(nrfx_spi.c.obj)
 .text.irq_handler
                0x00000000000095d2       0x1e modules/hal_nordic/modules/hal_nordic/nrfx/libmodules__hal_nordic__nrfx.a(nrfx_spi.c.obj)
 .text.SEGGER_RTT_Init
                0x00000000000095f0        0x8 modules/segger/libmodules__segger.a(SEGGER_RTT.c.obj)
                0x00000000000095f0                SEGGER_RTT_Init
 .text.rtt_init
                0x00000000000095f8        0xa modules/segger/libmodules__segger.a(SEGGER_RTT_zephyr.c.obj)
 .text.z_impl_k_busy_wait
                0x0000000000009602        0xc zephyr/kernel/libkernel.a(busy_wait.c.obj)
                0x0000000000009602                z_impl_k_busy_wait
 .text.z_impl_device_is_ready
                0x000000000000960e       0x20 zephyr/kernel/libkernel.a(device.c.obj)
                0x000000000000960e                z_impl_device_is_ready
 .text.z_log_msg_runtime_create
                0x000000000000962e       0x1e zephyr/kernel/libkernel.a(fatal.c.obj)
 .text.arch_system_halt
                0x000000000000964c       0x10 zephyr/kernel/libkernel.a(fatal.c.obj)
                0x000000000000964c                arch_system_halt
 .text.do_device_init
                0x000000000000965c       0x3e zephyr/kernel/libkernel.a(init.c.obj)
 .text.z_early_memset
                0x000000000000969a        0x8 zephyr/kernel/libkernel.a(init.c.obj)
                0x000000000000969a                z_early_memset
 .text.z_early_memcpy
                0x00000000000096a2        0x8 zephyr/kernel/libkernel.a(init.c.obj)
                0x00000000000096a2                z_early_memcpy
 .text.z_init_static
                0x00000000000096aa        0x2 zephyr/kernel/libkernel.a(init_static.c.obj)
                0x00000000000096aa                z_init_static
 .text.idle     0x00000000000096ac       0x16 zephyr/kernel/libkernel.a(idle.c.obj)
                0x00000000000096ac                idle
 .text.arch_spin_relax
                0x00000000000096c2        0x4 zephyr/kernel/libkernel.a(idle.c.obj)
                0x00000000000096c2                arch_spin_relax
 .text.sys_slist_remove
                0x00000000000096c6       0x26 zephyr/kernel/libkernel.a(work.c.obj)
 .text.notify_queue_locked
                0x00000000000096ec       0x14 zephyr/kernel/libkernel.a(work.c.obj)
 .text.submit_to_queue_locked
                0x0000000000009700       0x60 zephyr/kernel/libkernel.a(work.c.obj)
 .text.work_timeout
                0x0000000000009760       0x44 zephyr/kernel/libkernel.a(work.c.obj)
 .text.finalize_flush_locked
                0x00000000000097a4       0x12 zephyr/kernel/libkernel.a(work.c.obj)
 .text.k_work_init_delayable
                0x00000000000097b6       0x18 zephyr/kernel/libkernel.a(work.c.obj)
                0x00000000000097b6                k_work_init_delayable
 .text.k_work_schedule_for_queue
                0x00000000000097ce       0x32 zephyr/kernel/libkernel.a(work.c.obj)
                0x00000000000097ce                k_work_schedule_for_queue
 .text.setup_thread_stack
                0x0000000000009800       0x4c zephyr/kernel/libkernel.a(thread.c.obj)
 .text.k_is_in_isr
                0x000000000000984c        0xc zephyr/kernel/libkernel.a(thread.c.obj)
                0x000000000000984c                k_is_in_isr
 .text.k_thread_name_get
                0x0000000000009858        0x4 zephyr/kernel/libkernel.a(thread.c.obj)
                0x0000000000009858                k_thread_name_get
 .text.z_init_thread_base
                0x000000000000985c       0x16 zephyr/kernel/libkernel.a(thread.c.obj)
                0x000000000000985c                z_init_thread_base
 .text.z_impl_k_thread_create
                0x0000000000009872       0x44 zephyr/kernel/libkernel.a(thread.c.obj)
                0x0000000000009872                z_impl_k_thread_create
 .text.thread_active_elsewhere
                0x00000000000098b6        0x4 zephyr/kernel/libkernel.a(sched.c.obj)
 .text.add_to_waitq_locked
                0x00000000000098ba       0x64 zephyr/kernel/libkernel.a(sched.c.obj)
 .text.z_abort_thread_timeout
                0x000000000000991e        0xa zephyr/kernel/libkernel.a(sched.c.obj)
 .text.unpend_all
                0x0000000000009928       0x46 zephyr/kernel/libkernel.a(sched.c.obj)
 .text.pend_locked
                0x000000000000996e       0x18 zephyr/kernel/libkernel.a(sched.c.obj)
 .text.z_ready_thread
                0x0000000000009986       0x36 zephyr/kernel/libkernel.a(sched.c.obj)
                0x0000000000009986                z_ready_thread
 .text.z_sched_wake_thread
                0x00000000000099bc       0x74 zephyr/kernel/libkernel.a(sched.c.obj)
                0x00000000000099bc                z_sched_wake_thread
 .text.z_thread_timeout
                0x0000000000009a30        0xc zephyr/kernel/libkernel.a(sched.c.obj)
                0x0000000000009a30                z_thread_timeout
 .text.z_reschedule_unlocked
                0x0000000000009a3c       0x16 zephyr/kernel/libkernel.a(sched.c.obj)
 .text.init_ready_q
                0x0000000000009a52        0x8 zephyr/kernel/libkernel.a(sched.c.obj)
                0x0000000000009a52                init_ready_q
 .text.z_impl_k_sleep
                0x0000000000009a5a       0x54 zephyr/kernel/libkernel.a(sched.c.obj)
                0x0000000000009a5a                z_impl_k_sleep
 .text.z_sched_wake
                0x0000000000009aae       0x6c zephyr/kernel/libkernel.a(sched.c.obj)
                0x0000000000009aae                z_sched_wake
 .text.z_sched_waitq_walk
                0x0000000000009b1a       0x5e zephyr/kernel/libkernel.a(sched.c.obj)
                0x0000000000009b1a                z_sched_waitq_walk
 .text.remove_timeout
                0x0000000000009b78       0x2e zephyr/kernel/libkernel.a(timeout.c.obj)
 .text.next_timeout
                0x0000000000009ba6       0x3a zephyr/kernel/libkernel.a(timeout.c.obj)
 .text.z_abort_timeout
                0x0000000000009be0       0x50 zephyr/kernel/libkernel.a(timeout.c.obj)
                0x0000000000009be0                z_abort_timeout
 .text.sys_clock_tick_get_32
                0x0000000000009c30        0x8 zephyr/kernel/libkernel.a(timeout.c.obj)
                0x0000000000009c30                sys_clock_tick_get_32
 .text.are_wait_conditions_met
                0x0000000000009c38       0x18 zephyr/kernel/libkernel.a(events.c.obj)
 .text.event_walk_op
                0x0000000000009c50       0x30 zephyr/kernel/libkernel.a(events.c.obj)
 .text.z_impl_k_event_set
                0x0000000000009c80        0xc zephyr/kernel/libkernel.a(events.c.obj)
                0x0000000000009c80                z_impl_k_event_set
 .text.memcpy   0x0000000000009c8c       0x1c c:\ncs\toolchains\0b393f9e1b\opt\zephyr-sdk\arm-zephyr-eabi\bin\../lib/gcc/../../picolibc/arm-zephyr-eabi/lib/thumb/v7e-m/nofp\libc.a(memcpy.c.o)
                0x0000000000009c8c                __aeabi_memcpy
                0x0000000000009c8c                __aeabi_memcpy4
                0x0000000000009c8c                __aeabi_memcpy8
                0x0000000000009c8c                memcpy
 .text.memset   0x0000000000009ca8       0x10 c:\ncs\toolchains\0b393f9e1b\opt\zephyr-sdk\arm-zephyr-eabi\bin\../lib/gcc/../../picolibc/arm-zephyr-eabi/lib/thumb/v7e-m/nofp\libc.a(memset.c.o)
                0x0000000000009ca8                memset
 .text.strncpy  0x0000000000009cb8       0x20 c:\ncs\toolchains\0b393f9e1b\opt\zephyr-sdk\arm-zephyr-eabi\bin\../lib/gcc/../../picolibc/arm-zephyr-eabi/lib/thumb/v7e-m/nofp\libc.a(libc_string_strncpy.c.o)
                0x0000000000009cb8                strncpy
 .text.strnlen  0x0000000000009cd8       0x18 c:\ncs\toolchains\0b393f9e1b\opt\zephyr-sdk\arm-zephyr-eabi\bin\../lib/gcc/../../picolibc/arm-zephyr-eabi/lib/thumb/v7e-m/nofp\libc.a(libc_string_strnlen.c.o)
                0x0000000000009cd8                strnlen
 .text.__ultoa_invert
                0x0000000000009cf0       0xae c:\ncs\toolchains\0b393f9e1b\opt\zephyr-sdk\arm-zephyr-eabi\bin\../lib/gcc/../../picolibc/arm-zephyr-eabi/lib/thumb/v7e-m/nofp\libc.a(libc_tinystdio_vflprintf.c.o)
 *(SORT_BY_ALIGNMENT(.TEXT.*))
 *fill*         0x0000000000009d9e        0x2 
 .TEXT.__aeabi_read_tp
                0x0000000000009da0        0xc zephyr/arch/arch/arm/core/cortex_m/libarch__arm__core__cortex_m.a(__aeabi_read_tp.S.obj)
                0x0000000000009da0                __aeabi_read_tp
 *(SORT_BY_ALIGNMENT(.gnu.linkonce.t.*))
 *(SORT_BY_ALIGNMENT(.glue_7t))
 .glue_7t       0x0000000000009dac        0x0 linker stubs
 *(SORT_BY_ALIGNMENT(.glue_7))
 .glue_7        0x0000000000009dac        0x0 linker stubs
 *(SORT_BY_ALIGNMENT(.vfp11_veneer))
 .vfp11_veneer  0x0000000000009dac        0x0 linker stubs
 *(SORT_BY_ALIGNMENT(.v4_bx))
 .v4_bx         0x0000000000009dac        0x0 linker stubs
                0x0000000000009dac                . = ALIGN (0x4)
                0x0000000000009dac                __text_region_end = .

.ARM.exidx      0x0000000000009dac        0x8
                0x0000000000009dac                __exidx_start = .
 *(SORT_BY_ALIGNMENT(.ARM.exidx*) SORT_BY_ALIGNMENT(gnu.linkonce.armexidx.*))
 .ARM.exidx     0x0000000000009dac        0x8 c:\ncs\toolchains\0b393f9e1b\opt\zephyr-sdk\arm-zephyr-eabi\bin\../lib/gcc/../../picolibc/arm-zephyr-eabi/lib/thumb/v7e-m/nofp\libc.a(strlen.S.o)
 .ARM.exidx     0x0000000000009db4        0x0 c:/ncs/toolchains/0b393f9e1b/opt/zephyr-sdk/arm-zephyr-eabi/bin/../lib/gcc/arm-zephyr-eabi/12.2.0/thumb/v7e-m/nofp\libgcc.a(_udivmoddi4.o)
                                          0x8 (size before relaxing)
                0x0000000000009db4                __exidx_end = .
                0x0000000000009db4                __rodata_region_start = .

initlevel       0x0000000000009db4       0x48
                0x0000000000009db4                __init_start = .
                0x0000000000009db4                __init_EARLY_start = .
 *(SORT_BY_NAME(SORT_BY_ALIGNMENT(.z_init_EARLY?_*)))
 *(SORT_BY_NAME(SORT_BY_ALIGNMENT(.z_init_EARLY??_*)))
                0x0000000000009db4                __init_PRE_KERNEL_1_start = .
 *(SORT_BY_NAME(SORT_BY_ALIGNMENT(.z_init_PRE_KERNEL_1?_*)))
 .z_init_PRE_KERNEL_10_0_
                0x0000000000009db4        0x8 zephyr/soc/soc/nrf52832/libsoc__nordic.a(soc.c.obj)
 *(SORT_BY_NAME(SORT_BY_ALIGNMENT(.z_init_PRE_KERNEL_1??_*)))
 .z_init_PRE_KERNEL_130_00062_
                0x0000000000009dbc        0x8 zephyr/drivers/clock_control/libdrivers__clock_control.a(clock_control_nrf.c.obj)
 .z_init_PRE_KERNEL_130_0_
                0x0000000000009dc4        0x8 modules/segger/libmodules__segger.a(SEGGER_RTT_zephyr.c.obj)
 .z_init_PRE_KERNEL_140_00011_
                0x0000000000009dcc        0x8 zephyr/drivers/gpio/libdrivers__gpio.a(gpio_nrfx.c.obj)
                0x0000000000009dd4                __init_PRE_KERNEL_2_start = .
 *(SORT_BY_NAME(SORT_BY_ALIGNMENT(.z_init_PRE_KERNEL_2?_*)))
 .z_init_PRE_KERNEL_20_0_
                0x0000000000009dd4        0x8 zephyr/drivers/timer/libdrivers__timer.a(nrf_rtc_timer.c.obj)
 *(SORT_BY_NAME(SORT_BY_ALIGNMENT(.z_init_PRE_KERNEL_2??_*)))
                0x0000000000009ddc                __init_POST_KERNEL_start = .
 *(SORT_BY_NAME(SORT_BY_ALIGNMENT(.z_init_POST_KERNEL?_*)))
 .z_init_POST_KERNEL0_0_
                0x0000000000009ddc        0x8 zephyr/libzephyr.a(log_core.c.obj)
 *(SORT_BY_NAME(SORT_BY_ALIGNMENT(.z_init_POST_KERNEL??_*)))
 .z_init_POST_KERNEL35_0_
                0x0000000000009de4        0x8 zephyr/lib/libc/common/liblib__libc__common.a(malloc.c.obj)
 .z_init_POST_KERNEL40_0_
                0x0000000000009dec        0x8 zephyr/kernel/libkernel.a(system_work_q.c.obj)
 .z_init_POST_KERNEL50_00112_
                0x0000000000009df4        0x8 zephyr/drivers/spi/libdrivers__spi.a(spi_nrfx_spi.c.obj)
                0x0000000000009dfc                __init_APPLICATION_start = .
 *(SORT_BY_NAME(SORT_BY_ALIGNMENT(.z_init_APPLICATION?_*)))
 *(SORT_BY_NAME(SORT_BY_ALIGNMENT(.z_init_APPLICATION??_*)))
                0x0000000000009dfc                __init_SMP_start = .
 *(SORT_BY_NAME(SORT_BY_ALIGNMENT(.z_init_SMP?_*)))
 *(SORT_BY_NAME(SORT_BY_ALIGNMENT(.z_init_SMP??_*)))
                0x0000000000009dfc                __init_end = .
                0x0000000000009dfc                __deferred_init_list_start = .
 *(SORT_BY_ALIGNMENT(.z_deferred_init*))
                0x0000000000009dfc                __deferred_init_list_end = .

device_area     0x0000000000009dfc       0x48
                0x0000000000009dfc                _device_list_start = .
 *(SORT_BY_NAME(SORT_BY_ALIGNMENT(._device.static.*_?_*)))
 *(SORT_BY_NAME(SORT_BY_ALIGNMENT(._device.static.*_??_*)))
 ._device.static.1_30_
                0x0000000000009dfc       0x18 zephyr/drivers/clock_control/libdrivers__clock_control.a(clock_control_nrf.c.obj)
                0x0000000000009dfc                __device_dts_ord_62
 ._device.static.1_40_
                0x0000000000009e14       0x18 zephyr/drivers/gpio/libdrivers__gpio.a(gpio_nrfx.c.obj)
                0x0000000000009e14                __device_dts_ord_11
 ._device.static.3_50_
                0x0000000000009e2c       0x18 zephyr/drivers/spi/libdrivers__spi.a(spi_nrfx_spi.c.obj)
                0x0000000000009e2c                __device_dts_ord_112
                0x0000000000009e44                _device_list_end = .

sw_isr_table    0x0000000000009e44      0x138
                0x0000000000009e44                . = ALIGN (0x4)
 *(SORT_BY_ALIGNMENT(.gnu.linkonce.sw_isr_table*))
 .gnu.linkonce.sw_isr_table
                0x0000000000009e44      0x138 zephyr/arch/common/libisr_tables.a(isr_tables.c.obj)
                0x0000000000009e44                _sw_isr_table

initlevel_error
                0x0000000000009db4        0x0
 *(SORT_BY_NAME(SORT_BY_ALIGNMENT(.z_init_[_A-Z0-9]*)))
                0x0000000000000001                ASSERT ((SIZEOF (initlevel_error) == 0x0), Undefined initialization levels used.)

app_shmem_regions
                0x0000000000009f7c        0x0
                0x0000000000009f7c                __app_shmem_regions_start = .
 *(SORT_BY_NAME(SORT_BY_ALIGNMENT(.app_regions.*)))
                0x0000000000009f7c                __app_shmem_regions_end = .

k_p4wq_initparam_area